<?xml version="1.0" encoding="ISO-8859-1" ?>
<link_info>
   <banner>TI ARM Clang Linker PC v3.2.2.LTS</banner>
   <copyright>Copyright (c) 1996-2018 Texas Instruments Incorporated</copyright>
   <link_time>0x69203c4c</link_time>
   <link_errors>0x0</link_errors>
   <output_file>D:\03documents\2025\02TIproject\37520232205086_Lab06\Debug\37520232205086_Lab06.out</output_file>
   <entry_point>
      <name>_c_int00_noargs</name>
      <address>0x33dd</address>
   </entry_point>
   <input_file_list>
      <input_file id="fl-1">
         <path>D:\03documents\2025\02TIproject\37520232205086_Lab06\Debug\.\</path>
         <kind>object</kind>
         <file>I2C_GPIO_25a.o</file>
         <name>I2C_GPIO_25a.o</name>
      </input_file>
      <input_file id="fl-2">
         <path>D:\03documents\2025\02TIproject\37520232205086_Lab06\Debug\.\</path>
         <kind>object</kind>
         <file>OLED13.o</file>
         <name>OLED13.o</name>
      </input_file>
      <input_file id="fl-3">
         <path>D:\03documents\2025\02TIproject\37520232205086_Lab06\Debug\.\</path>
         <kind>object</kind>
         <file>OLED_BMP.o</file>
         <name>OLED_BMP.o</name>
      </input_file>
      <input_file id="fl-4">
         <path>D:\03documents\2025\02TIproject\37520232205086_Lab06\Debug\.\</path>
         <kind>object</kind>
         <file>OLED_Font.o</file>
         <name>OLED_Font.o</name>
      </input_file>
      <input_file id="fl-5">
         <path>D:\03documents\2025\02TIproject\37520232205086_Lab06\Debug\.\</path>
         <kind>object</kind>
         <file>lab06_adc.o</file>
         <name>lab06_adc.o</name>
      </input_file>
      <input_file id="fl-6">
         <path>D:\03documents\2025\02TIproject\37520232205086_Lab06\Debug\.\</path>
         <kind>object</kind>
         <file>startup_mspm0g350x_ticlang.o</file>
         <name>startup_mspm0g350x_ticlang.o</name>
      </input_file>
      <input_file id="fl-7">
         <path>D:\03documents\2025\02TIproject\37520232205086_Lab06\Debug\.\</path>
         <kind>object</kind>
         <file>ti_msp_dl_config.o</file>
         <name>ti_msp_dl_config.o</name>
      </input_file>
      <input_file id="fl-15">
         <path>D:\03documents\2025\02TIproject\37520232205086_Lab06\Debug\</path>
         <kind>object</kind>
         <file>&lt;internal&gt;</file>
         <name>&lt;internal&gt;</name>
      </input_file>
      <input_file id="fl-16">
         <path>D:\03documents\2025\02TIproject\37520232205086_Lab06\</path>
         <kind>archive</kind>
         <file>iqmath.a</file>
         <name>_IQNdiv.o</name>
      </input_file>
      <input_file id="fl-17">
         <path>D:\03documents\2025\02TIproject\37520232205086_Lab06\</path>
         <kind>archive</kind>
         <file>iqmath.a</file>
         <name>_IQNmpy.o</name>
      </input_file>
      <input_file id="fl-18">
         <path>D:\03documents\2025\02TIproject\37520232205086_Lab06\</path>
         <kind>archive</kind>
         <file>iqmath.a</file>
         <name>_IQNtables.o</name>
      </input_file>
      <input_file id="fl-19">
         <path>D:\03documents\2025\02TIproject\37520232205086_Lab06\</path>
         <kind>archive</kind>
         <file>iqmath.a</file>
         <name>_IQNtoF.o</name>
      </input_file>
      <input_file id="fl-1a">
         <path>D:\01soft\ti\mspm0_sdk_2_06_00_05\source\ti\driverlib\lib\ticlang\m0p\mspm0g1x0x_g3x0x\</path>
         <kind>archive</kind>
         <file>driverlib.a</file>
         <name>dl_adc12.o</name>
      </input_file>
      <input_file id="fl-1b">
         <path>D:\01soft\ti\mspm0_sdk_2_06_00_05\source\ti\driverlib\lib\ticlang\m0p\mspm0g1x0x_g3x0x\</path>
         <kind>archive</kind>
         <file>driverlib.a</file>
         <name>dl_common.o</name>
      </input_file>
      <input_file id="fl-1c">
         <path>D:\01soft\ti\mspm0_sdk_2_06_00_05\source\ti\driverlib\lib\ticlang\m0p\mspm0g1x0x_g3x0x\</path>
         <kind>archive</kind>
         <file>driverlib.a</file>
         <name>dl_timer.o</name>
      </input_file>
      <input_file id="fl-2b">
         <path>D:\01soft\ti\ccs1281\ccs\tools\compiler\ti-cgt-armllvm_3.2.2.LTS\lib\armv6m-ti-none-eabi\c\</path>
         <kind>archive</kind>
         <file>libc.a</file>
         <name>snprintf.c.obj</name>
      </input_file>
      <input_file id="fl-2c">
         <path>D:\01soft\ti\ccs1281\ccs\tools\compiler\ti-cgt-armllvm_3.2.2.LTS\lib\armv6m-ti-none-eabi\c\</path>
         <kind>archive</kind>
         <file>libc.a</file>
         <name>boot_cortex_m.c.obj</name>
      </input_file>
      <input_file id="fl-2d">
         <path>D:\01soft\ti\ccs1281\ccs\tools\compiler\ti-cgt-armllvm_3.2.2.LTS\lib\armv6m-ti-none-eabi\c\</path>
         <kind>archive</kind>
         <file>libc.a</file>
         <name>mathacl_init.c.obj</name>
      </input_file>
      <input_file id="fl-2e">
         <path>D:\01soft\ti\ccs1281\ccs\tools\compiler\ti-cgt-armllvm_3.2.2.LTS\lib\armv6m-ti-none-eabi\c\</path>
         <kind>archive</kind>
         <file>libc.a</file>
         <name>autoinit.c.obj</name>
      </input_file>
      <input_file id="fl-2f">
         <path>D:\01soft\ti\ccs1281\ccs\tools\compiler\ti-cgt-armllvm_3.2.2.LTS\lib\armv6m-ti-none-eabi\c\</path>
         <kind>archive</kind>
         <file>libc.a</file>
         <name>pre_init.c.obj</name>
      </input_file>
      <input_file id="fl-30">
         <path>D:\01soft\ti\ccs1281\ccs\tools\compiler\ti-cgt-armllvm_3.2.2.LTS\lib\armv6m-ti-none-eabi\c\</path>
         <kind>archive</kind>
         <file>libc.a</file>
         <name>cpy_tbl.c.obj</name>
      </input_file>
      <input_file id="fl-31">
         <path>D:\01soft\ti\ccs1281\ccs\tools\compiler\ti-cgt-armllvm_3.2.2.LTS\lib\armv6m-ti-none-eabi\c\</path>
         <kind>archive</kind>
         <file>libc.a</file>
         <name>copy_zero_init.c.obj</name>
      </input_file>
      <input_file id="fl-32">
         <path>D:\01soft\ti\ccs1281\ccs\tools\compiler\ti-cgt-armllvm_3.2.2.LTS\lib\armv6m-ti-none-eabi\c\</path>
         <kind>archive</kind>
         <file>libc.a</file>
         <name>copy_decompress_none.c.obj</name>
      </input_file>
      <input_file id="fl-33">
         <path>D:\01soft\ti\ccs1281\ccs\tools\compiler\ti-cgt-armllvm_3.2.2.LTS\lib\armv6m-ti-none-eabi\c\</path>
         <kind>archive</kind>
         <file>libc.a</file>
         <name>copy_decompress_lzss.c.obj</name>
      </input_file>
      <input_file id="fl-34">
         <path>D:\01soft\ti\ccs1281\ccs\tools\compiler\ti-cgt-armllvm_3.2.2.LTS\lib\armv6m-ti-none-eabi\c\</path>
         <kind>archive</kind>
         <file>libc.a</file>
         <name>_printfi.c.obj</name>
      </input_file>
      <input_file id="fl-35">
         <path>D:\01soft\ti\ccs1281\ccs\tools\compiler\ti-cgt-armllvm_3.2.2.LTS\lib\armv6m-ti-none-eabi\c\</path>
         <kind>archive</kind>
         <file>libc.a</file>
         <name>s_frexp.c.obj</name>
      </input_file>
      <input_file id="fl-36">
         <path>D:\01soft\ti\ccs1281\ccs\tools\compiler\ti-cgt-armllvm_3.2.2.LTS\lib\armv6m-ti-none-eabi\c\</path>
         <kind>archive</kind>
         <file>libc.a</file>
         <name>s_scalbn.c.obj</name>
      </input_file>
      <input_file id="fl-37">
         <path>D:\01soft\ti\ccs1281\ccs\tools\compiler\ti-cgt-armllvm_3.2.2.LTS\lib\armv6m-ti-none-eabi\c\</path>
         <kind>archive</kind>
         <file>libc.a</file>
         <name>aeabi_portable.c.obj</name>
      </input_file>
      <input_file id="fl-38">
         <path>D:\01soft\ti\ccs1281\ccs\tools\compiler\ti-cgt-armllvm_3.2.2.LTS\lib\armv6m-ti-none-eabi\c\</path>
         <kind>archive</kind>
         <file>libc.a</file>
         <name>exit.c.obj</name>
      </input_file>
      <input_file id="fl-39">
         <path>D:\01soft\ti\ccs1281\ccs\tools\compiler\ti-cgt-armllvm_3.2.2.LTS\lib\armv6m-ti-none-eabi\c\</path>
         <kind>archive</kind>
         <file>libc.a</file>
         <name>_lock.c.obj</name>
      </input_file>
      <input_file id="fl-3a">
         <path>D:\01soft\ti\ccs1281\ccs\tools\compiler\ti-cgt-armllvm_3.2.2.LTS\lib\armv6m-ti-none-eabi\c\</path>
         <kind>archive</kind>
         <file>libc.a</file>
         <name>_ltoa.c.obj</name>
      </input_file>
      <input_file id="fl-3b">
         <path>D:\01soft\ti\ccs1281\ccs\tools\compiler\ti-cgt-armllvm_3.2.2.LTS\lib\armv6m-ti-none-eabi\c\</path>
         <kind>archive</kind>
         <file>libc.a</file>
         <name>args_main.c.obj</name>
      </input_file>
      <input_file id="fl-3c">
         <path>D:\01soft\ti\ccs1281\ccs\tools\compiler\ti-cgt-armllvm_3.2.2.LTS\lib\armv6m-ti-none-eabi\c\</path>
         <kind>archive</kind>
         <file>libc.a</file>
         <name>assert.c.obj</name>
      </input_file>
      <input_file id="fl-3d">
         <path>D:\01soft\ti\ccs1281\ccs\tools\compiler\ti-cgt-armllvm_3.2.2.LTS\lib\armv6m-ti-none-eabi\c\</path>
         <kind>archive</kind>
         <file>libc.a</file>
         <name>atoi.c.obj</name>
      </input_file>
      <input_file id="fl-3e">
         <path>D:\01soft\ti\ccs1281\ccs\tools\compiler\ti-cgt-armllvm_3.2.2.LTS\lib\armv6m-ti-none-eabi\c\</path>
         <kind>archive</kind>
         <file>libc.a</file>
         <name>defs.c.obj</name>
      </input_file>
      <input_file id="fl-3f">
         <path>D:\01soft\ti\ccs1281\ccs\tools\compiler\ti-cgt-armllvm_3.2.2.LTS\lib\armv6m-ti-none-eabi\c\</path>
         <kind>archive</kind>
         <file>libc.a</file>
         <name>memccpy.c.obj</name>
      </input_file>
      <input_file id="fl-40">
         <path>D:\01soft\ti\ccs1281\ccs\tools\compiler\ti-cgt-armllvm_3.2.2.LTS\lib\armv6m-ti-none-eabi\c\</path>
         <kind>archive</kind>
         <file>libc.a</file>
         <name>memory.c.obj</name>
      </input_file>
      <input_file id="fl-41">
         <path>D:\01soft\ti\ccs1281\ccs\tools\compiler\ti-cgt-armllvm_3.2.2.LTS\lib\armv6m-ti-none-eabi\c\</path>
         <kind>archive</kind>
         <file>libc.a</file>
         <name>wcslen.c.obj</name>
      </input_file>
      <input_file id="fl-42">
         <path>D:\01soft\ti\ccs1281\ccs\tools\compiler\ti-cgt-armllvm_3.2.2.LTS\lib\armv6m-ti-none-eabi\c\</path>
         <kind>archive</kind>
         <file>libc.a</file>
         <name>sprintf.c.obj</name>
      </input_file>
      <input_file id="fl-43">
         <path>D:\01soft\ti\ccs1281\ccs\tools\compiler\ti-cgt-armllvm_3.2.2.LTS\lib\armv6m-ti-none-eabi\c\</path>
         <kind>archive</kind>
         <file>libc.a</file>
         <name>fflush.c.obj</name>
      </input_file>
      <input_file id="fl-44">
         <path>D:\01soft\ti\ccs1281\ccs\tools\compiler\ti-cgt-armllvm_3.2.2.LTS\lib\armv6m-ti-none-eabi\c\</path>
         <kind>archive</kind>
         <file>libc.a</file>
         <name>fputs.c.obj</name>
      </input_file>
      <input_file id="fl-45">
         <path>D:\01soft\ti\ccs1281\ccs\tools\compiler\ti-cgt-armllvm_3.2.2.LTS\lib\armv6m-ti-none-eabi\c\</path>
         <kind>archive</kind>
         <file>libc.a</file>
         <name>_io_perm.c.obj</name>
      </input_file>
      <input_file id="fl-46">
         <path>D:\01soft\ti\ccs1281\ccs\tools\compiler\ti-cgt-armllvm_3.2.2.LTS\lib\armv6m-ti-none-eabi\c\</path>
         <kind>archive</kind>
         <file>libc.a</file>
         <name>setvbuf.c.obj</name>
      </input_file>
      <input_file id="fl-47">
         <path>D:\01soft\ti\ccs1281\ccs\tools\compiler\ti-cgt-armllvm_3.2.2.LTS\lib\armv6m-ti-none-eabi\c\</path>
         <kind>archive</kind>
         <file>libc.a</file>
         <name>aeabi_ctype.S.obj</name>
      </input_file>
      <input_file id="fl-48">
         <path>D:\01soft\ti\ccs1281\ccs\tools\compiler\ti-cgt-armllvm_3.2.2.LTS\lib\armv6m-ti-none-eabi\c\</path>
         <kind>archive</kind>
         <file>libc.a</file>
         <name>fopen.c.obj</name>
      </input_file>
      <input_file id="fl-49">
         <path>D:\01soft\ti\ccs1281\ccs\tools\compiler\ti-cgt-armllvm_3.2.2.LTS\lib\armv6m-ti-none-eabi\c\</path>
         <kind>archive</kind>
         <file>libc.a</file>
         <name>fseek.c.obj</name>
      </input_file>
      <input_file id="fl-4a">
         <path>D:\01soft\ti\ccs1281\ccs\tools\compiler\ti-cgt-armllvm_3.2.2.LTS\lib\armv6m-ti-none-eabi\c\</path>
         <kind>archive</kind>
         <file>libc.a</file>
         <name>fclose.c.obj</name>
      </input_file>
      <input_file id="fl-b0">
         <path>D:\01soft\ti\ccs1281\ccs\tools\compiler\ti-cgt-armllvm_3.2.2.LTS\lib\armv6m-ti-none-eabi\c\</path>
         <kind>archive</kind>
         <file>libsysbm.a</file>
         <name>write.c.obj</name>
      </input_file>
      <input_file id="fl-b1">
         <path>D:\01soft\ti\ccs1281\ccs\tools\compiler\ti-cgt-armllvm_3.2.2.LTS\lib\armv6m-ti-none-eabi\c\</path>
         <kind>archive</kind>
         <file>libsysbm.a</file>
         <name>host_device.c.obj</name>
      </input_file>
      <input_file id="fl-b2">
         <path>D:\01soft\ti\ccs1281\ccs\tools\compiler\ti-cgt-armllvm_3.2.2.LTS\lib\armv6m-ti-none-eabi\c\</path>
         <kind>archive</kind>
         <file>libsysbm.a</file>
         <name>remove.c.obj</name>
      </input_file>
      <input_file id="fl-b3">
         <path>D:\01soft\ti\ccs1281\ccs\tools\compiler\ti-cgt-armllvm_3.2.2.LTS\lib\armv6m-ti-none-eabi\c\</path>
         <kind>archive</kind>
         <file>libsysbm.a</file>
         <name>open.c.obj</name>
      </input_file>
      <input_file id="fl-b4">
         <path>D:\01soft\ti\ccs1281\ccs\tools\compiler\ti-cgt-armllvm_3.2.2.LTS\lib\armv6m-ti-none-eabi\c\</path>
         <kind>archive</kind>
         <file>libsysbm.a</file>
         <name>lseek.c.obj</name>
      </input_file>
      <input_file id="fl-b5">
         <path>D:\01soft\ti\ccs1281\ccs\tools\compiler\ti-cgt-armllvm_3.2.2.LTS\lib\armv6m-ti-none-eabi\c\</path>
         <kind>archive</kind>
         <file>libsysbm.a</file>
         <name>close.c.obj</name>
      </input_file>
      <input_file id="fl-b6">
         <path>D:\01soft\ti\ccs1281\ccs\tools\compiler\ti-cgt-armllvm_3.2.2.LTS\lib\armv6m-ti-none-eabi\c\</path>
         <kind>archive</kind>
         <file>libsysbm.a</file>
         <name>unlink.c.obj</name>
      </input_file>
      <input_file id="fl-b7">
         <path>D:\01soft\ti\ccs1281\ccs\tools\compiler\ti-cgt-armllvm_3.2.2.LTS\lib\armv6m-ti-none-eabi\c\</path>
         <kind>archive</kind>
         <file>libsysbm.a</file>
         <name>hostclose.c.obj</name>
      </input_file>
      <input_file id="fl-b8">
         <path>D:\01soft\ti\ccs1281\ccs\tools\compiler\ti-cgt-armllvm_3.2.2.LTS\lib\armv6m-ti-none-eabi\c\</path>
         <kind>archive</kind>
         <file>libsysbm.a</file>
         <name>hostlseek.c.obj</name>
      </input_file>
      <input_file id="fl-b9">
         <path>D:\01soft\ti\ccs1281\ccs\tools\compiler\ti-cgt-armllvm_3.2.2.LTS\lib\armv6m-ti-none-eabi\c\</path>
         <kind>archive</kind>
         <file>libsysbm.a</file>
         <name>hostopen.c.obj</name>
      </input_file>
      <input_file id="fl-ba">
         <path>D:\01soft\ti\ccs1281\ccs\tools\compiler\ti-cgt-armllvm_3.2.2.LTS\lib\armv6m-ti-none-eabi\c\</path>
         <kind>archive</kind>
         <file>libsysbm.a</file>
         <name>hostread.c.obj</name>
      </input_file>
      <input_file id="fl-bb">
         <path>D:\01soft\ti\ccs1281\ccs\tools\compiler\ti-cgt-armllvm_3.2.2.LTS\lib\armv6m-ti-none-eabi\c\</path>
         <kind>archive</kind>
         <file>libsysbm.a</file>
         <name>hostrename.c.obj</name>
      </input_file>
      <input_file id="fl-bc">
         <path>D:\01soft\ti\ccs1281\ccs\tools\compiler\ti-cgt-armllvm_3.2.2.LTS\lib\armv6m-ti-none-eabi\c\</path>
         <kind>archive</kind>
         <file>libsysbm.a</file>
         <name>hostunlink.c.obj</name>
      </input_file>
      <input_file id="fl-bd">
         <path>D:\01soft\ti\ccs1281\ccs\tools\compiler\ti-cgt-armllvm_3.2.2.LTS\lib\armv6m-ti-none-eabi\c\</path>
         <kind>archive</kind>
         <file>libsysbm.a</file>
         <name>hostwrite.c.obj</name>
      </input_file>
      <input_file id="fl-be">
         <path>D:\01soft\ti\ccs1281\ccs\tools\compiler\ti-cgt-armllvm_3.2.2.LTS\lib\armv6m-ti-none-eabi\c\</path>
         <kind>archive</kind>
         <file>libsysbm.a</file>
         <name>trgmsg.c.obj</name>
      </input_file>
      <input_file id="fl-bf">
         <path>D:\01soft\ti\ccs1281\ccs\tools\compiler\ti-cgt-armllvm_3.2.2.LTS\lib\clang\15.0.7\lib\armv6m-ti-none-eabi\</path>
         <kind>archive</kind>
         <file>libclang_rt.builtins.a</file>
         <name>addsf3.S.obj</name>
      </input_file>
      <input_file id="fl-c0">
         <path>D:\01soft\ti\ccs1281\ccs\tools\compiler\ti-cgt-armllvm_3.2.2.LTS\lib\clang\15.0.7\lib\armv6m-ti-none-eabi\</path>
         <kind>archive</kind>
         <file>libclang_rt.builtins.a</file>
         <name>adddf3.S.obj</name>
      </input_file>
      <input_file id="fl-c1">
         <path>D:\01soft\ti\ccs1281\ccs\tools\compiler\ti-cgt-armllvm_3.2.2.LTS\lib\clang\15.0.7\lib\armv6m-ti-none-eabi\</path>
         <kind>archive</kind>
         <file>libclang_rt.builtins.a</file>
         <name>muldf3.S.obj</name>
      </input_file>
      <input_file id="fl-c2">
         <path>D:\01soft\ti\ccs1281\ccs\tools\compiler\ti-cgt-armllvm_3.2.2.LTS\lib\clang\15.0.7\lib\armv6m-ti-none-eabi\</path>
         <kind>archive</kind>
         <file>libclang_rt.builtins.a</file>
         <name>muldsi3.S.obj</name>
      </input_file>
      <input_file id="fl-c3">
         <path>D:\01soft\ti\ccs1281\ccs\tools\compiler\ti-cgt-armllvm_3.2.2.LTS\lib\clang\15.0.7\lib\armv6m-ti-none-eabi\</path>
         <kind>archive</kind>
         <file>libclang_rt.builtins.a</file>
         <name>divdf3.S.obj</name>
      </input_file>
      <input_file id="fl-c4">
         <path>D:\01soft\ti\ccs1281\ccs\tools\compiler\ti-cgt-armllvm_3.2.2.LTS\lib\clang\15.0.7\lib\armv6m-ti-none-eabi\</path>
         <kind>archive</kind>
         <file>libclang_rt.builtins.a</file>
         <name>extendsfdf2.S.obj</name>
      </input_file>
      <input_file id="fl-c5">
         <path>D:\01soft\ti\ccs1281\ccs\tools\compiler\ti-cgt-armllvm_3.2.2.LTS\lib\clang\15.0.7\lib\armv6m-ti-none-eabi\</path>
         <kind>archive</kind>
         <file>libclang_rt.builtins.a</file>
         <name>fixdfsi.S.obj</name>
      </input_file>
      <input_file id="fl-c6">
         <path>D:\01soft\ti\ccs1281\ccs\tools\compiler\ti-cgt-armllvm_3.2.2.LTS\lib\clang\15.0.7\lib\armv6m-ti-none-eabi\</path>
         <kind>archive</kind>
         <file>libclang_rt.builtins.a</file>
         <name>fixsfsi.S.obj</name>
      </input_file>
      <input_file id="fl-c7">
         <path>D:\01soft\ti\ccs1281\ccs\tools\compiler\ti-cgt-armllvm_3.2.2.LTS\lib\clang\15.0.7\lib\armv6m-ti-none-eabi\</path>
         <kind>archive</kind>
         <file>libclang_rt.builtins.a</file>
         <name>floatsidf.S.obj</name>
      </input_file>
      <input_file id="fl-c8">
         <path>D:\01soft\ti\ccs1281\ccs\tools\compiler\ti-cgt-armllvm_3.2.2.LTS\lib\clang\15.0.7\lib\armv6m-ti-none-eabi\</path>
         <kind>archive</kind>
         <file>libclang_rt.builtins.a</file>
         <name>muldi3.S.obj</name>
      </input_file>
      <input_file id="fl-c9">
         <path>D:\01soft\ti\ccs1281\ccs\tools\compiler\ti-cgt-armllvm_3.2.2.LTS\lib\clang\15.0.7\lib\armv6m-ti-none-eabi\</path>
         <kind>archive</kind>
         <file>libclang_rt.builtins.a</file>
         <name>aeabi_dcmp.S.obj</name>
      </input_file>
      <input_file id="fl-ca">
         <path>D:\01soft\ti\ccs1281\ccs\tools\compiler\ti-cgt-armllvm_3.2.2.LTS\lib\clang\15.0.7\lib\armv6m-ti-none-eabi\</path>
         <kind>archive</kind>
         <file>libclang_rt.builtins.a</file>
         <name>aeabi_idivmod.S.obj</name>
      </input_file>
      <input_file id="fl-cb">
         <path>D:\01soft\ti\ccs1281\ccs\tools\compiler\ti-cgt-armllvm_3.2.2.LTS\lib\clang\15.0.7\lib\armv6m-ti-none-eabi\</path>
         <kind>archive</kind>
         <file>libclang_rt.builtins.a</file>
         <name>aeabi_memcpy.S.obj</name>
      </input_file>
      <input_file id="fl-cc">
         <path>D:\01soft\ti\ccs1281\ccs\tools\compiler\ti-cgt-armllvm_3.2.2.LTS\lib\clang\15.0.7\lib\armv6m-ti-none-eabi\</path>
         <kind>archive</kind>
         <file>libclang_rt.builtins.a</file>
         <name>aeabi_memset.S.obj</name>
      </input_file>
      <input_file id="fl-cd">
         <path>D:\01soft\ti\ccs1281\ccs\tools\compiler\ti-cgt-armllvm_3.2.2.LTS\lib\clang\15.0.7\lib\armv6m-ti-none-eabi\</path>
         <kind>archive</kind>
         <file>libclang_rt.builtins.a</file>
         <name>aeabi_uidivmod.S.obj</name>
      </input_file>
      <input_file id="fl-ce">
         <path>D:\01soft\ti\ccs1281\ccs\tools\compiler\ti-cgt-armllvm_3.2.2.LTS\lib\clang\15.0.7\lib\armv6m-ti-none-eabi\</path>
         <kind>archive</kind>
         <file>libclang_rt.builtins.a</file>
         <name>aeabi_uldivmod.S.obj</name>
      </input_file>
      <input_file id="fl-cf">
         <path>D:\01soft\ti\ccs1281\ccs\tools\compiler\ti-cgt-armllvm_3.2.2.LTS\lib\clang\15.0.7\lib\armv6m-ti-none-eabi\</path>
         <kind>archive</kind>
         <file>libclang_rt.builtins.a</file>
         <name>udivmoddi4.S.obj</name>
      </input_file>
      <input_file id="fl-d0">
         <path>D:\01soft\ti\ccs1281\ccs\tools\compiler\ti-cgt-armllvm_3.2.2.LTS\lib\clang\15.0.7\lib\armv6m-ti-none-eabi\</path>
         <kind>archive</kind>
         <file>libclang_rt.builtins.a</file>
         <name>ashldi3.S.obj</name>
      </input_file>
      <input_file id="fl-d1">
         <path>D:\01soft\ti\ccs1281\ccs\tools\compiler\ti-cgt-armllvm_3.2.2.LTS\lib\clang\15.0.7\lib\armv6m-ti-none-eabi\</path>
         <kind>archive</kind>
         <file>libclang_rt.builtins.a</file>
         <name>comparedf2.c.obj</name>
      </input_file>
      <input_file id="fl-d2">
         <path>D:\01soft\ti\ccs1281\ccs\tools\compiler\ti-cgt-armllvm_3.2.2.LTS\lib\clang\15.0.7\lib\armv6m-ti-none-eabi\</path>
         <kind>archive</kind>
         <file>libclang_rt.builtins.a</file>
         <name>aeabi_div0.c.obj</name>
      </input_file>
      <input_file id="fl-d3">
         <path>D:\01soft\ti\ccs1281\ccs\tools\compiler\ti-cgt-armllvm_3.2.2.LTS\lib\armv6m-ti-none-eabi\c\</path>
         <kind>archive</kind>
         <file>libc.a</file>
         <name>getdevice.c.obj</name>
      </input_file>
      <input_file id="fl-d4">
         <path>D:\01soft\ti\ccs1281\ccs\tools\compiler\ti-cgt-armllvm_3.2.2.LTS\lib\armv6m-ti-none-eabi\c\</path>
         <kind>archive</kind>
         <file>libc.a</file>
         <name>memcpy16.S.obj</name>
      </input_file>
      <input_file id="fl-d5">
         <path>D:\01soft\ti\ccs1281\ccs\tools\compiler\ti-cgt-armllvm_3.2.2.LTS\lib\armv6m-ti-none-eabi\c\</path>
         <kind>archive</kind>
         <file>libc.a</file>
         <name>memset16.S.obj</name>
      </input_file>
   </input_file_list>
   <object_component_list>
      <object_component id="oc-18">
         <name>.intvecs</name>
         <load_address>0x0</load_address>
         <readonly>true</readonly>
         <run_address>0x0</run_address>
         <size>0xc0</size>
         <alignment>0x4</alignment>
         <input_file_ref idref="fl-6"/>
      </object_component>
      <object_component id="oc-137">
         <name>.text:__TI_printfi</name>
         <load_address>0xc0</load_address>
         <readonly>true</readonly>
         <executable>true</executable>
         <run_address>0xc0</run_address>
         <size>0xa00</size>
         <alignment>0x4</alignment>
         <input_file_ref idref="fl-34"/>
      </object_component>
      <object_component id="oc-12b">
         <name>.text.Write_IIC_Command</name>
         <load_address>0xac0</load_address>
         <readonly>true</readonly>
         <executable>true</executable>
         <run_address>0xac0</run_address>
         <size>0x570</size>
         <alignment>0x4</alignment>
         <input_file_ref idref="fl-1"/>
      </object_component>
      <object_component id="oc-12a">
         <name>.text.Write_IIC_Data</name>
         <load_address>0x1030</load_address>
         <readonly>true</readonly>
         <executable>true</executable>
         <run_address>0x1030</run_address>
         <size>0x570</size>
         <alignment>0x4</alignment>
         <input_file_ref idref="fl-1"/>
      </object_component>
      <object_component id="oc-73">
         <name>.text.main</name>
         <load_address>0x15a0</load_address>
         <readonly>true</readonly>
         <executable>true</executable>
         <run_address>0x15a0</run_address>
         <size>0x294</size>
         <alignment>0x4</alignment>
         <input_file_ref idref="fl-5"/>
      </object_component>
      <object_component id="oc-172">
         <name>.text._pconv_a</name>
         <load_address>0x1834</load_address>
         <readonly>true</readonly>
         <executable>true</executable>
         <run_address>0x1834</run_address>
         <size>0x220</size>
         <alignment>0x4</alignment>
         <input_file_ref idref="fl-34"/>
      </object_component>
      <object_component id="oc-175">
         <name>.text._pconv_g</name>
         <load_address>0x1a54</load_address>
         <readonly>true</readonly>
         <executable>true</executable>
         <run_address>0x1a54</run_address>
         <size>0x1dc</size>
         <alignment>0x4</alignment>
         <input_file_ref idref="fl-34"/>
      </object_component>
      <object_component id="oc-1bf">
         <name>.text.adddf3_subdf3</name>
         <load_address>0x1c30</load_address>
         <readonly>true</readonly>
         <executable>true</executable>
         <run_address>0x1c30</run_address>
         <size>0x192</size>
         <alignment>0x4</alignment>
         <input_file_ref idref="fl-c0"/>
      </object_component>
      <object_component id="oc-33">
         <name>.text.Default_Handler</name>
         <load_address>0x1dc2</load_address>
         <readonly>true</readonly>
         <executable>true</executable>
         <run_address>0x1dc2</run_address>
         <size>0x2</size>
         <alignment>0x2</alignment>
         <input_file_ref idref="fl-6"/>
      </object_component>
      <object_component id="oc-b7">
         <name>.text.OLED_Refresh</name>
         <load_address>0x1dc4</load_address>
         <readonly>true</readonly>
         <executable>true</executable>
         <run_address>0x1dc4</run_address>
         <size>0x14c</size>
         <alignment>0x4</alignment>
         <input_file_ref idref="fl-2"/>
      </object_component>
      <object_component id="oc-1be">
         <name>.text.fcvt</name>
         <load_address>0x1f10</load_address>
         <readonly>true</readonly>
         <executable>true</executable>
         <run_address>0x1f10</run_address>
         <size>0x13c</size>
         <alignment>0x4</alignment>
         <input_file_ref idref="fl-34"/>
      </object_component>
      <object_component id="oc-173">
         <name>.text._pconv_e</name>
         <load_address>0x204c</load_address>
         <readonly>true</readonly>
         <executable>true</executable>
         <run_address>0x204c</run_address>
         <size>0x120</size>
         <alignment>0x4</alignment>
         <input_file_ref idref="fl-34"/>
      </object_component>
      <object_component id="oc-8d">
         <name>.text.OLED_Init</name>
         <load_address>0x216c</load_address>
         <readonly>true</readonly>
         <executable>true</executable>
         <run_address>0x216c</run_address>
         <size>0x114</size>
         <alignment>0x2</alignment>
         <input_file_ref idref="fl-2"/>
      </object_component>
      <object_component id="oc-1ba">
         <name>.text.__divdf3</name>
         <load_address>0x2280</load_address>
         <readonly>true</readonly>
         <executable>true</executable>
         <run_address>0x2280</run_address>
         <size>0x10c</size>
         <alignment>0x4</alignment>
         <input_file_ref idref="fl-c3"/>
      </object_component>
      <object_component id="oc-11d">
         <name>.text.DL_Timer_initTimerMode</name>
         <load_address>0x238c</load_address>
         <readonly>true</readonly>
         <executable>true</executable>
         <run_address>0x238c</run_address>
         <size>0xfc</size>
         <alignment>0x4</alignment>
         <input_file_ref idref="fl-1c"/>
      </object_component>
      <object_component id="oc-fc">
         <name>.text.OLED_ShowChar</name>
         <load_address>0x2488</load_address>
         <readonly>true</readonly>
         <executable>true</executable>
         <run_address>0x2488</run_address>
         <size>0xf0</size>
         <alignment>0x4</alignment>
         <input_file_ref idref="fl-2"/>
      </object_component>
      <object_component id="oc-1b1">
         <name>.text.__muldf3</name>
         <load_address>0x2578</load_address>
         <readonly>true</readonly>
         <executable>true</executable>
         <run_address>0x2578</run_address>
         <size>0xe4</size>
         <alignment>0x4</alignment>
         <input_file_ref idref="fl-c1"/>
      </object_component>
      <object_component id="oc-1a0">
         <name>.text.scalbn</name>
         <load_address>0x265c</load_address>
         <readonly>true</readonly>
         <executable>true</executable>
         <run_address>0x265c</run_address>
         <size>0xd8</size>
         <alignment>0x4</alignment>
         <input_file_ref idref="fl-36"/>
      </object_component>
      <object_component id="oc-b3">
         <name>.text</name>
         <load_address>0x2734</load_address>
         <readonly>true</readonly>
         <executable>true</executable>
         <run_address>0x2734</run_address>
         <size>0xd8</size>
         <alignment>0x4</alignment>
         <input_file_ref idref="fl-bf"/>
      </object_component>
      <object_component id="oc-18f">
         <name>.text</name>
         <load_address>0x280c</load_address>
         <readonly>true</readonly>
         <executable>true</executable>
         <run_address>0x280c</run_address>
         <size>0xa2</size>
         <alignment>0x4</alignment>
         <input_file_ref idref="fl-cf"/>
      </object_component>
      <object_component id="oc-83">
         <name>.text:memcpy</name>
         <load_address>0x28ae</load_address>
         <readonly>true</readonly>
         <executable>true</executable>
         <run_address>0x28ae</run_address>
         <size>0x9a</size>
         <alignment>0x1</alignment>
         <input_file_ref idref="fl-d4"/>
      </object_component>
      <object_component id="oc-e9">
         <name>.text.SYSCFG_DL_ADC12_1_init</name>
         <load_address>0x2948</load_address>
         <readonly>true</readonly>
         <executable>true</executable>
         <run_address>0x2948</run_address>
         <size>0x80</size>
         <alignment>0x4</alignment>
         <input_file_ref idref="fl-7"/>
      </object_component>
      <object_component id="oc-1c">
         <name>.text:decompress:lzss</name>
         <load_address>0x29c8</load_address>
         <readonly>true</readonly>
         <executable>true</executable>
         <run_address>0x29c8</run_address>
         <size>0x78</size>
         <alignment>0x4</alignment>
         <input_file_ref idref="fl-33"/>
      </object_component>
      <object_component id="oc-19a">
         <name>.text.__gedf2</name>
         <load_address>0x2a40</load_address>
         <readonly>true</readonly>
         <executable>true</executable>
         <run_address>0x2a40</run_address>
         <size>0x70</size>
         <alignment>0x4</alignment>
         <input_file_ref idref="fl-d1"/>
      </object_component>
      <object_component id="oc-194">
         <name>.text.__ledf2</name>
         <load_address>0x2ab0</load_address>
         <readonly>true</readonly>
         <executable>true</executable>
         <run_address>0x2ab0</run_address>
         <size>0x6c</size>
         <alignment>0x4</alignment>
         <input_file_ref idref="fl-d1"/>
      </object_component>
      <object_component id="oc-1b8">
         <name>.text._mcpy</name>
         <load_address>0x2b1c</load_address>
         <readonly>true</readonly>
         <executable>true</executable>
         <run_address>0x2b1c</run_address>
         <size>0x66</size>
         <alignment>0x2</alignment>
         <input_file_ref idref="fl-34"/>
      </object_component>
      <object_component id="oc-179">
         <name>.text.__aeabi_idiv0</name>
         <load_address>0x2b82</load_address>
         <readonly>true</readonly>
         <executable>true</executable>
         <run_address>0x2b82</run_address>
         <size>0x2</size>
         <alignment>0x2</alignment>
         <input_file_ref idref="fl-d2"/>
      </object_component>
      <object_component id="oc-e2">
         <name>.text.SYSCFG_DL_initPower</name>
         <load_address>0x2b84</load_address>
         <readonly>true</readonly>
         <executable>true</executable>
         <run_address>0x2b84</run_address>
         <size>0x64</size>
         <alignment>0x4</alignment>
         <input_file_ref idref="fl-7"/>
      </object_component>
      <object_component id="oc-16e">
         <name>.text.__aeabi_dcmp</name>
         <load_address>0x2be8</load_address>
         <readonly>true</readonly>
         <executable>true</executable>
         <run_address>0x2be8</run_address>
         <size>0x62</size>
         <alignment>0x4</alignment>
         <input_file_ref idref="fl-c9"/>
      </object_component>
      <object_component id="oc-e1">
         <name>.text:memset</name>
         <load_address>0x2c4a</load_address>
         <readonly>true</readonly>
         <executable>true</executable>
         <run_address>0x2c4a</run_address>
         <size>0x62</size>
         <alignment>0x1</alignment>
         <input_file_ref idref="fl-d5"/>
      </object_component>
      <object_component id="oc-e8">
         <name>.text.SYSCFG_DL_ADC12_0_init</name>
         <load_address>0x2cac</load_address>
         <readonly>true</readonly>
         <executable>true</executable>
         <run_address>0x2cac</run_address>
         <size>0x60</size>
         <alignment>0x4</alignment>
         <input_file_ref idref="fl-7"/>
      </object_component>
      <object_component id="oc-19c">
         <name>.text.frexp</name>
         <load_address>0x2d0c</load_address>
         <readonly>true</readonly>
         <executable>true</executable>
         <run_address>0x2d0c</run_address>
         <size>0x5c</size>
         <alignment>0x4</alignment>
         <input_file_ref idref="fl-35"/>
      </object_component>
      <object_component id="oc-1a8">
         <name>.text.__TI_ltoa</name>
         <load_address>0x2d68</load_address>
         <readonly>true</readonly>
         <executable>true</executable>
         <run_address>0x2d68</run_address>
         <size>0x58</size>
         <alignment>0x2</alignment>
         <input_file_ref idref="fl-3a"/>
      </object_component>
      <object_component id="oc-174">
         <name>.text._pconv_f</name>
         <load_address>0x2dc0</load_address>
         <readonly>true</readonly>
         <executable>true</executable>
         <run_address>0x2dc0</run_address>
         <size>0x58</size>
         <alignment>0x2</alignment>
         <input_file_ref idref="fl-34"/>
      </object_component>
      <object_component id="oc-1d6">
         <name>.text.__aeabi_idivmod</name>
         <load_address>0x2e18</load_address>
         <readonly>true</readonly>
         <executable>true</executable>
         <run_address>0x2e18</run_address>
         <size>0x56</size>
         <alignment>0x4</alignment>
         <input_file_ref idref="fl-ca"/>
      </object_component>
      <object_component id="oc-1c7">
         <name>.text.__aeabi_ldiv0</name>
         <load_address>0x2e6e</load_address>
         <readonly>true</readonly>
         <executable>true</executable>
         <run_address>0x2e6e</run_address>
         <size>0x2</size>
         <alignment>0x2</alignment>
         <input_file_ref idref="fl-d2"/>
      </object_component>
      <object_component id="oc-3b">
         <name>.text.TIMA1_IRQHandler</name>
         <load_address>0x2e70</load_address>
         <readonly>true</readonly>
         <executable>true</executable>
         <run_address>0x2e70</run_address>
         <size>0x54</size>
         <alignment>0x4</alignment>
         <input_file_ref idref="fl-5"/>
      </object_component>
      <object_component id="oc-1b6">
         <name>.text._ecpy</name>
         <load_address>0x2ec4</load_address>
         <readonly>true</readonly>
         <executable>true</executable>
         <run_address>0x2ec4</run_address>
         <size>0x52</size>
         <alignment>0x2</alignment>
         <input_file_ref idref="fl-34"/>
      </object_component>
      <object_component id="oc-ad">
         <name>.text.snprintf</name>
         <load_address>0x2f18</load_address>
         <readonly>true</readonly>
         <executable>true</executable>
         <run_address>0x2f18</run_address>
         <size>0x4c</size>
         <alignment>0x4</alignment>
         <input_file_ref idref="fl-2b"/>
      </object_component>
      <object_component id="oc-1a4">
         <name>.text.__fixdfsi</name>
         <load_address>0x2f64</load_address>
         <readonly>true</readonly>
         <executable>true</executable>
         <run_address>0x2f64</run_address>
         <size>0x4a</size>
         <alignment>0x4</alignment>
         <input_file_ref idref="fl-c5"/>
      </object_component>
      <object_component id="oc-122">
         <name>.text.DL_ADC12_setClockConfig</name>
         <load_address>0x2fb0</load_address>
         <readonly>true</readonly>
         <executable>true</executable>
         <run_address>0x2fb0</run_address>
         <size>0x40</size>
         <alignment>0x4</alignment>
         <input_file_ref idref="fl-1a"/>
      </object_component>
      <object_component id="oc-e3">
         <name>.text.SYSCFG_DL_GPIO_init</name>
         <load_address>0x2ff0</load_address>
         <readonly>true</readonly>
         <executable>true</executable>
         <run_address>0x2ff0</run_address>
         <size>0x40</size>
         <alignment>0x4</alignment>
         <input_file_ref idref="fl-7"/>
      </object_component>
      <object_component id="oc-e4">
         <name>.text.SYSCFG_DL_SYSCTL_init</name>
         <load_address>0x3030</load_address>
         <readonly>true</readonly>
         <executable>true</executable>
         <run_address>0x3030</run_address>
         <size>0x40</size>
         <alignment>0x4</alignment>
         <input_file_ref idref="fl-7"/>
      </object_component>
      <object_component id="oc-152">
         <name>.text.__aeabi_uidivmod</name>
         <load_address>0x3070</load_address>
         <readonly>true</readonly>
         <executable>true</executable>
         <run_address>0x3070</run_address>
         <size>0x40</size>
         <alignment>0x4</alignment>
         <input_file_ref idref="fl-cd"/>
      </object_component>
      <object_component id="oc-a9">
         <name>.text.__extendsfdf2</name>
         <load_address>0x30b0</load_address>
         <readonly>true</readonly>
         <executable>true</executable>
         <run_address>0x30b0</run_address>
         <size>0x40</size>
         <alignment>0x4</alignment>
         <input_file_ref idref="fl-c4"/>
      </object_component>
      <object_component id="oc-158">
         <name>.text.atoi</name>
         <load_address>0x30f0</load_address>
         <readonly>true</readonly>
         <executable>true</executable>
         <run_address>0x30f0</run_address>
         <size>0x40</size>
         <alignment>0x4</alignment>
         <input_file_ref idref="fl-3d"/>
      </object_component>
      <object_component id="oc-a7">
         <name>.text.OLED_ShowString</name>
         <load_address>0x3130</load_address>
         <readonly>true</readonly>
         <executable>true</executable>
         <run_address>0x3130</run_address>
         <size>0x3e</size>
         <alignment>0x2</alignment>
         <input_file_ref idref="fl-2"/>
      </object_component>
      <object_component id="oc-c9">
         <name>.text:__TI_auto_init_nobinit_nopinit</name>
         <load_address>0x3170</load_address>
         <readonly>true</readonly>
         <executable>true</executable>
         <run_address>0x3170</run_address>
         <size>0x3c</size>
         <alignment>0x4</alignment>
         <input_file_ref idref="fl-2e"/>
      </object_component>
      <object_component id="oc-18a">
         <name>.text.__muldsi3</name>
         <load_address>0x31ac</load_address>
         <readonly>true</readonly>
         <executable>true</executable>
         <run_address>0x31ac</run_address>
         <size>0x3a</size>
         <alignment>0x4</alignment>
         <input_file_ref idref="fl-c2"/>
      </object_component>
      <object_component id="oc-e7">
         <name>.text.SYSCFG_DL_TIMER_1S_init</name>
         <load_address>0x31e8</load_address>
         <readonly>true</readonly>
         <executable>true</executable>
         <run_address>0x31e8</run_address>
         <size>0x38</size>
         <alignment>0x4</alignment>
         <input_file_ref idref="fl-7"/>
      </object_component>
      <object_component id="oc-e6">
         <name>.text.SYSCFG_DL_TIMER_5086_init</name>
         <load_address>0x3220</load_address>
         <readonly>true</readonly>
         <executable>true</executable>
         <run_address>0x3220</run_address>
         <size>0x38</size>
         <alignment>0x4</alignment>
         <input_file_ref idref="fl-7"/>
      </object_component>
      <object_component id="oc-b8">
         <name>.text.__fixsfsi</name>
         <load_address>0x3258</load_address>
         <readonly>true</readonly>
         <executable>true</executable>
         <run_address>0x3258</run_address>
         <size>0x38</size>
         <alignment>0x4</alignment>
         <input_file_ref idref="fl-c6"/>
      </object_component>
      <object_component id="oc-88">
         <name>.text.SYSCFG_DL_init</name>
         <load_address>0x3290</load_address>
         <readonly>true</readonly>
         <executable>true</executable>
         <run_address>0x3290</run_address>
         <size>0x34</size>
         <alignment>0x4</alignment>
         <input_file_ref idref="fl-7"/>
      </object_component>
      <object_component id="oc-a0">
         <name>.text._IQ15toF</name>
         <load_address>0x32c4</load_address>
         <readonly>true</readonly>
         <executable>true</executable>
         <run_address>0x32c4</run_address>
         <size>0x34</size>
         <alignment>0x4</alignment>
         <input_file_ref idref="fl-19"/>
      </object_component>
      <object_component id="oc-1b7">
         <name>.text._fcpy</name>
         <load_address>0x32f8</load_address>
         <readonly>true</readonly>
         <executable>true</executable>
         <run_address>0x32f8</run_address>
         <size>0x30</size>
         <alignment>0x2</alignment>
         <input_file_ref idref="fl-34"/>
      </object_component>
      <object_component id="oc-ff">
         <name>.text._outs</name>
         <load_address>0x3328</load_address>
         <readonly>true</readonly>
         <executable>true</executable>
         <run_address>0x3328</run_address>
         <size>0x30</size>
         <alignment>0x2</alignment>
         <input_file_ref idref="fl-2b"/>
      </object_component>
      <object_component id="oc-99">
         <name>.text._IQ15div</name>
         <load_address>0x3358</load_address>
         <readonly>true</readonly>
         <executable>true</executable>
         <run_address>0x3358</run_address>
         <size>0x2c</size>
         <alignment>0x4</alignment>
         <input_file_ref idref="fl-16"/>
      </object_component>
      <object_component id="oc-92">
         <name>.text._IQ15mpy</name>
         <load_address>0x3384</load_address>
         <readonly>true</readonly>
         <executable>true</executable>
         <run_address>0x3384</run_address>
         <size>0x2c</size>
         <alignment>0x4</alignment>
         <input_file_ref idref="fl-17"/>
      </object_component>
      <object_component id="oc-1ac">
         <name>.text.__floatsidf</name>
         <load_address>0x33b0</load_address>
         <readonly>true</readonly>
         <executable>true</executable>
         <run_address>0x33b0</run_address>
         <size>0x2c</size>
         <alignment>0x4</alignment>
         <input_file_ref idref="fl-c7"/>
      </object_component>
      <object_component id="oc-57">
         <name>.text:_c_int00_noargs</name>
         <load_address>0x33dc</load_address>
         <readonly>true</readonly>
         <executable>true</executable>
         <run_address>0x33dc</run_address>
         <size>0x28</size>
         <alignment>0x4</alignment>
         <input_file_ref idref="fl-2c"/>
      </object_component>
      <object_component id="oc-165">
         <name>.text.__muldi3</name>
         <load_address>0x3404</load_address>
         <readonly>true</readonly>
         <executable>true</executable>
         <run_address>0x3404</run_address>
         <size>0x24</size>
         <alignment>0x4</alignment>
         <input_file_ref idref="fl-c8"/>
      </object_component>
      <object_component id="oc-14d">
         <name>.text.memccpy</name>
         <load_address>0x3428</load_address>
         <readonly>true</readonly>
         <executable>true</executable>
         <run_address>0x3428</run_address>
         <size>0x22</size>
         <alignment>0x2</alignment>
         <input_file_ref idref="fl-3f"/>
      </object_component>
      <object_component id="oc-1c8">
         <name>.text.__ashldi3</name>
         <load_address>0x344c</load_address>
         <readonly>true</readonly>
         <executable>true</executable>
         <run_address>0x344c</run_address>
         <size>0x1e</size>
         <alignment>0x4</alignment>
         <input_file_ref idref="fl-d0"/>
      </object_component>
      <object_component id="oc-34">
         <name>.text.ADC0_IRQHandler</name>
         <load_address>0x346c</load_address>
         <readonly>true</readonly>
         <executable>true</executable>
         <run_address>0x346c</run_address>
         <size>0x1c</size>
         <alignment>0x4</alignment>
         <input_file_ref idref="fl-5"/>
      </object_component>
      <object_component id="oc-39">
         <name>.text.ADC1_IRQHandler</name>
         <load_address>0x3488</load_address>
         <readonly>true</readonly>
         <executable>true</executable>
         <run_address>0x3488</run_address>
         <size>0x1c</size>
         <alignment>0x4</alignment>
         <input_file_ref idref="fl-5"/>
      </object_component>
      <object_component id="oc-117">
         <name>.text.DL_Timer_setClockConfig</name>
         <load_address>0x34a4</load_address>
         <readonly>true</readonly>
         <executable>true</executable>
         <run_address>0x34a4</run_address>
         <size>0x1c</size>
         <alignment>0x4</alignment>
         <input_file_ref idref="fl-1c"/>
      </object_component>
      <object_component id="oc-100">
         <name>.text._outc</name>
         <load_address>0x34c0</load_address>
         <readonly>true</readonly>
         <executable>true</executable>
         <run_address>0x34c0</run_address>
         <size>0x18</size>
         <alignment>0x2</alignment>
         <input_file_ref idref="fl-2b"/>
      </object_component>
      <object_component id="oc-4e">
         <name>.text:decompress:ZI:__TI_zero_init_nomemset</name>
         <load_address>0x34d8</load_address>
         <readonly>true</readonly>
         <executable>true</executable>
         <run_address>0x34d8</run_address>
         <size>0x16</size>
         <alignment>0x2</alignment>
         <input_file_ref idref="fl-31"/>
      </object_component>
      <object_component id="oc-3a">
         <name>.text.TIMA0_IRQHandler</name>
         <load_address>0x34f0</load_address>
         <readonly>true</readonly>
         <executable>true</executable>
         <run_address>0x34f0</run_address>
         <size>0x14</size>
         <alignment>0x4</alignment>
         <input_file_ref idref="fl-5"/>
      </object_component>
      <object_component id="oc-16a">
         <name>.text.__aeabi_uldivmod</name>
         <load_address>0x3504</load_address>
         <readonly>true</readonly>
         <executable>true</executable>
         <run_address>0x3504</run_address>
         <size>0x14</size>
         <alignment>0x4</alignment>
         <input_file_ref idref="fl-ce"/>
      </object_component>
      <object_component id="oc-1b5">
         <name>.text.strchr</name>
         <load_address>0x3518</load_address>
         <readonly>true</readonly>
         <executable>true</executable>
         <run_address>0x3518</run_address>
         <size>0x14</size>
         <alignment>0x2</alignment>
         <input_file_ref idref="fl-34"/>
      </object_component>
      <object_component id="oc-ee">
         <name>.text.OLED_WR_Byte</name>
         <load_address>0x352c</load_address>
         <readonly>true</readonly>
         <executable>true</executable>
         <run_address>0x352c</run_address>
         <size>0x12</size>
         <alignment>0x2</alignment>
         <input_file_ref idref="fl-1"/>
      </object_component>
      <object_component id="oc-20">
         <name>.text:decompress:none</name>
         <load_address>0x353e</load_address>
         <readonly>true</readonly>
         <executable>true</executable>
         <run_address>0x353e</run_address>
         <size>0x12</size>
         <alignment>0x2</alignment>
         <input_file_ref idref="fl-32"/>
      </object_component>
      <object_component id="oc-15c">
         <name>.text.wcslen</name>
         <load_address>0x3550</load_address>
         <readonly>true</readonly>
         <executable>true</executable>
         <run_address>0x3550</run_address>
         <size>0x10</size>
         <alignment>0x2</alignment>
         <input_file_ref idref="fl-41"/>
      </object_component>
      <object_component id="oc-14c">
         <name>.text.__aeabi_memset</name>
         <load_address>0x3560</load_address>
         <readonly>true</readonly>
         <executable>true</executable>
         <run_address>0x3560</run_address>
         <size>0xe</size>
         <alignment>0x4</alignment>
         <input_file_ref idref="fl-cc"/>
      </object_component>
      <object_component id="oc-14b">
         <name>.text.strlen</name>
         <load_address>0x356e</load_address>
         <readonly>true</readonly>
         <executable>true</executable>
         <run_address>0x356e</run_address>
         <size>0xe</size>
         <alignment>0x2</alignment>
         <input_file_ref idref="fl-34"/>
      </object_component>
      <object_component id="oc-113">
         <name>.text.DL_Common_delayCycles</name>
         <load_address>0x357c</load_address>
         <readonly>true</readonly>
         <executable>true</executable>
         <run_address>0x357c</run_address>
         <size>0xa</size>
         <alignment>0x2</alignment>
         <input_file_ref idref="fl-1b"/>
      </object_component>
      <object_component id="oc-1b0">
         <name>.text.OUTLINED_FUNCTION_0</name>
         <load_address>0x3586</load_address>
         <readonly>true</readonly>
         <executable>true</executable>
         <run_address>0x3586</run_address>
         <size>0xa</size>
         <alignment>0x2</alignment>
         <input_file_ref idref="fl-34"/>
      </object_component>
      <object_component id="oc-22a">
         <name>.tramp.__aeabi_dsub.1</name>
         <load_address>0x3590</load_address>
         <readonly>true</readonly>
         <executable>true</executable>
         <run_address>0x3590</run_address>
         <size>0x10</size>
         <alignment>0x4</alignment>
         <input_file_ref idref="fl-c0"/>
      </object_component>
      <object_component id="oc-1b9">
         <name>.text.OUTLINED_FUNCTION_1</name>
         <load_address>0x35a0</load_address>
         <readonly>true</readonly>
         <executable>true</executable>
         <run_address>0x35a0</run_address>
         <size>0xa</size>
         <alignment>0x2</alignment>
         <input_file_ref idref="fl-34"/>
      </object_component>
      <object_component id="oc-160">
         <name>.text.__aeabi_errno_addr</name>
         <load_address>0x35ac</load_address>
         <readonly>true</readonly>
         <executable>true</executable>
         <run_address>0x35ac</run_address>
         <size>0x8</size>
         <alignment>0x4</alignment>
         <input_file_ref idref="fl-37"/>
      </object_component>
      <object_component id="oc-47">
         <name>.text.__aeabi_memcpy</name>
         <load_address>0x35b4</load_address>
         <readonly>true</readonly>
         <executable>true</executable>
         <run_address>0x35b4</run_address>
         <size>0x8</size>
         <alignment>0x4</alignment>
         <input_file_ref idref="fl-cb"/>
      </object_component>
      <object_component id="oc-2f">
         <name>.text.Reset_Handler</name>
         <load_address>0x35bc</load_address>
         <readonly>true</readonly>
         <executable>true</executable>
         <run_address>0x35bc</run_address>
         <size>0x4</size>
         <alignment>0x2</alignment>
         <input_file_ref idref="fl-6"/>
      </object_component>
      <object_component id="oc-6f">
         <name>.text._system_pre_init</name>
         <load_address>0x35c0</load_address>
         <readonly>true</readonly>
         <executable>true</executable>
         <run_address>0x35c0</run_address>
         <size>0x4</size>
         <alignment>0x2</alignment>
         <input_file_ref idref="fl-2f"/>
      </object_component>
      <object_component id="oc-c2">
         <name>.text:abort</name>
         <load_address>0x35c4</load_address>
         <readonly>true</readonly>
         <executable>true</executable>
         <run_address>0x35c4</run_address>
         <size>0x4</size>
         <alignment>0x2</alignment>
         <input_file_ref idref="fl-38"/>
      </object_component>
      <object_component id="oc-224">
         <name>__TI_handler_table</name>
         <load_address>0x3d60</load_address>
         <readonly>true</readonly>
         <run_address>0x3d60</run_address>
         <size>0xc</size>
         <alignment>0x4</alignment>
      </object_component>
      <object_component id="oc-226">
         <name>.cinit..data.load</name>
         <load_address>0x3d6c</load_address>
         <readonly>true</readonly>
         <run_address>0x3d6c</run_address>
         <size>0x9</size>
         <alignment>0x1</alignment>
      </object_component>
      <object_component id="oc-227">
         <name>.cinit..bss.load</name>
         <load_address>0x3d78</load_address>
         <readonly>true</readonly>
         <run_address>0x3d78</run_address>
         <size>0x8</size>
         <alignment>0x4</alignment>
      </object_component>
      <object_component id="oc-225">
         <name>__TI_cinit_table</name>
         <load_address>0x3d80</load_address>
         <readonly>true</readonly>
         <run_address>0x3d80</run_address>
         <size>0x10</size>
         <alignment>0x4</alignment>
      </object_component>
      <object_component id="oc-12e">
         <name>.rodata.Front_16x8Tab</name>
         <load_address>0x35d0</load_address>
         <readonly>true</readonly>
         <run_address>0x35d0</run_address>
         <size>0x5f0</size>
         <alignment>0x1</alignment>
         <input_file_ref idref="fl-4"/>
      </object_component>
      <object_component id="oc-17f">
         <name>.rodata:__aeabi_ctype_table_</name>
         <load_address>0x3bc0</load_address>
         <readonly>true</readonly>
         <run_address>0x3bc0</run_address>
         <size>0x101</size>
         <alignment>0x10</alignment>
         <input_file_ref idref="fl-47"/>
      </object_component>
      <object_component id="oc-120">
         <name>.rodata.gTIMER_1SClockConfig</name>
         <load_address>0x3cc1</load_address>
         <readonly>true</readonly>
         <run_address>0x3cc1</run_address>
         <size>0x3</size>
         <alignment>0x1</alignment>
         <input_file_ref idref="fl-7"/>
      </object_component>
      <object_component id="oc-121">
         <name>.rodata.gTIMER_1STimerConfig</name>
         <load_address>0x3cc4</load_address>
         <readonly>true</readonly>
         <run_address>0x3cc4</run_address>
         <size>0x14</size>
         <alignment>0x4</alignment>
         <input_file_ref idref="fl-7"/>
      </object_component>
      <object_component id="oc-11f">
         <name>.rodata.gTIMER_5086TimerConfig</name>
         <load_address>0x3cd8</load_address>
         <readonly>true</readonly>
         <run_address>0x3cd8</run_address>
         <size>0x14</size>
         <alignment>0x4</alignment>
         <input_file_ref idref="fl-7"/>
      </object_component>
      <object_component id="oc-169">
         <name>.rodata.str1.11645776875810915891</name>
         <load_address>0x3cec</load_address>
         <readonly>true</readonly>
         <run_address>0x3cec</run_address>
         <size>0x11</size>
         <alignment>0x1</alignment>
         <input_file_ref idref="fl-34"/>
      </object_component>
      <object_component id="oc-151">
         <name>.rodata.str1.44690500295887128011</name>
         <load_address>0x3cfd</load_address>
         <readonly>true</readonly>
         <run_address>0x3cfd</run_address>
         <size>0x11</size>
         <alignment>0x1</alignment>
         <input_file_ref idref="fl-34"/>
      </object_component>
      <object_component id="oc-bd">
         <name>.rodata.str1.52185648628002667521</name>
         <load_address>0x3d0e</load_address>
         <readonly>true</readonly>
         <run_address>0x3d0e</run_address>
         <size>0xf</size>
         <alignment>0x1</alignment>
         <input_file_ref idref="fl-5"/>
      </object_component>
      <object_component id="oc-c1">
         <name>.rodata.str1.94018012912356150691</name>
         <load_address>0x3d1d</load_address>
         <readonly>true</readonly>
         <run_address>0x3d1d</run_address>
         <size>0xd</size>
         <alignment>0x1</alignment>
         <input_file_ref idref="fl-5"/>
      </object_component>
      <object_component id="oc-be">
         <name>.rodata.str1.181115645751287679831</name>
         <load_address>0x3d2a</load_address>
         <readonly>true</readonly>
         <run_address>0x3d2a</run_address>
         <size>0xb</size>
         <alignment>0x1</alignment>
         <input_file_ref idref="fl-5"/>
      </object_component>
      <object_component id="oc-c0">
         <name>.rodata.str1.74959869423867224471</name>
         <load_address>0x3d35</load_address>
         <readonly>true</readonly>
         <run_address>0x3d35</run_address>
         <size>0xb</size>
         <alignment>0x1</alignment>
         <input_file_ref idref="fl-5"/>
      </object_component>
      <object_component id="oc-128">
         <name>.rodata.gADC12_0ClockConfig</name>
         <load_address>0x3d40</load_address>
         <readonly>true</readonly>
         <run_address>0x3d40</run_address>
         <size>0x8</size>
         <alignment>0x4</alignment>
         <input_file_ref idref="fl-7"/>
      </object_component>
      <object_component id="oc-129">
         <name>.rodata.gADC12_1ClockConfig</name>
         <load_address>0x3d48</load_address>
         <readonly>true</readonly>
         <run_address>0x3d48</run_address>
         <size>0x8</size>
         <alignment>0x4</alignment>
         <input_file_ref idref="fl-7"/>
      </object_component>
      <object_component id="oc-11e">
         <name>.rodata.gTIMER_5086ClockConfig</name>
         <load_address>0x3d50</load_address>
         <readonly>true</readonly>
         <run_address>0x3d50</run_address>
         <size>0x3</size>
         <alignment>0x1</alignment>
         <input_file_ref idref="fl-7"/>
      </object_component>
      <object_component id="oc-1ec">
         <name>.binit</name>
         <load_address>0x0</load_address>
         <readonly>true</readonly>
         <run_address>0x0</run_address>
         <size>0x0</size>
         <alignment>0x4</alignment>
      </object_component>
      <object_component id="oc-104">
         <name>.data.OLED_GRAM</name>
         <load_address>0x20200000</load_address>
         <readwrite>true</readwrite>
         <run_address>0x20200000</run_address>
         <size>0x400</size>
         <alignment>0x1</alignment>
         <input_file_ref idref="fl-2"/>
      </object_component>
      <object_component id="oc-63">
         <name>.data.gSampleExternalTemp</name>
         <load_address>0x20200406</load_address>
         <readwrite>true</readwrite>
         <run_address>0x20200406</run_address>
         <size>0x1</size>
         <alignment>0x1</alignment>
         <input_file_ref idref="fl-5"/>
      </object_component>
      <object_component id="oc-64">
         <name>.data.gAlarmActive</name>
         <load_address>0x20200405</load_address>
         <readwrite>true</readwrite>
         <run_address>0x20200405</run_address>
         <size>0x1</size>
         <alignment>0x1</alignment>
         <input_file_ref idref="fl-5"/>
      </object_component>
      <object_component id="oc-65">
         <name>.data.TIMA1_IRQHandler.cnt</name>
         <load_address>0x20200404</load_address>
         <readwrite>true</readwrite>
         <run_address>0x20200404</run_address>
         <size>0x1</size>
         <alignment>0x1</alignment>
         <input_file_ref idref="fl-5"/>
      </object_component>
      <object_component id="oc-186">
         <name>.data.__aeabi_errno</name>
         <load_address>0x20200400</load_address>
         <readwrite>true</readwrite>
         <run_address>0x20200400</run_address>
         <size>0x4</size>
         <alignment>0x4</alignment>
         <input_file_ref idref="fl-37"/>
      </object_component>
      <object_component id="oc-5e">
         <name>.common:gCheckADC0</name>
         <uninitialized>true</uninitialized>
         <readwrite>true</readwrite>
         <run_address>0x20200588</run_address>
         <size>0x1</size>
         <alignment>0x1</alignment>
      </object_component>
      <object_component id="oc-62">
         <name>.common:gCheckADC1</name>
         <uninitialized>true</uninitialized>
         <readwrite>true</readwrite>
         <run_address>0x20200589</run_address>
         <size>0x1</size>
         <alignment>0x1</alignment>
      </object_component>
      <object_component id="oc-bc">
         <name>.common:gTemperatureDegC</name>
         <uninitialized>true</uninitialized>
         <readwrite>true</readwrite>
         <run_address>0x20200580</run_address>
         <size>0x4</size>
         <alignment>0x4</alignment>
      </object_component>
      <object_component id="oc-bf">
         <name>.common:outgTemperatureDegC</name>
         <uninitialized>true</uninitialized>
         <readwrite>true</readwrite>
         <run_address>0x20200584</run_address>
         <size>0x4</size>
         <alignment>0x4</alignment>
      </object_component>
      <object_component id="oc-ea">
         <name>.common:gTIMER_5086Backup</name>
         <uninitialized>true</uninitialized>
         <readwrite>true</readwrite>
         <run_address>0x202004c4</run_address>
         <size>0xbc</size>
         <alignment>0x4</alignment>
      </object_component>
      <object_component id="oc-eb">
         <name>.common:gTIMER_1SBackup</name>
         <uninitialized>true</uninitialized>
         <readwrite>true</readwrite>
         <run_address>0x20200408</run_address>
         <size>0xbc</size>
         <alignment>0x4</alignment>
      </object_component>
      <object_component id="oc-1a">
         <name>.stack</name>
         <uninitialized>true</uninitialized>
         <readwrite>true</readwrite>
         <run_address>0x20207e00</run_address>
         <size>0x4</size>
         <alignment>0x4</alignment>
         <input_file_ref idref="fl-2c"/>
      </object_component>
      <object_component id="oc-229">
         <name>.stack</name>
         <uninitialized>true</uninitialized>
         <readwrite>true</readwrite>
         <run_address>0x20207e00</run_address>
         <size>0x0</size>
         <alignment>0x8</alignment>
      </object_component>
      <object_component id="oc-f2">
         <name>.debug_loc</name>
         <load_address>0x0</load_address>
         <run_address>0x0</run_address>
         <size>0x183f</size>
         <alignment>0x1</alignment>
         <input_file_ref idref="fl-1"/>
      </object_component>
      <object_component id="oc-a8">
         <name>.debug_loc</name>
         <load_address>0x183f</load_address>
         <run_address>0x183f</run_address>
         <size>0xc23</size>
         <alignment>0x1</alignment>
         <input_file_ref idref="fl-2"/>
      </object_component>
      <object_component id="oc-61">
         <name>.debug_loc</name>
         <load_address>0x2462</load_address>
         <run_address>0x2462</run_address>
         <size>0xf4</size>
         <alignment>0x1</alignment>
         <input_file_ref idref="fl-5"/>
      </object_component>
      <object_component id="oc-e5">
         <name>.debug_loc</name>
         <load_address>0x2556</load_address>
         <run_address>0x2556</run_address>
         <size>0x145</size>
         <alignment>0x1</alignment>
         <input_file_ref idref="fl-7"/>
      </object_component>
      <object_component id="oc-9d">
         <name>.debug_loc</name>
         <load_address>0x269b</load_address>
         <run_address>0x269b</run_address>
         <size>0xd52</size>
         <alignment>0x1</alignment>
         <input_file_ref idref="fl-16"/>
      </object_component>
      <object_component id="oc-96">
         <name>.debug_loc</name>
         <load_address>0x33ed</load_address>
         <run_address>0x33ed</run_address>
         <size>0xae6</size>
         <alignment>0x1</alignment>
         <input_file_ref idref="fl-17"/>
      </object_component>
      <object_component id="oc-a2">
         <name>.debug_loc</name>
         <load_address>0x3ed3</load_address>
         <run_address>0x3ed3</run_address>
         <size>0x1eb4</size>
         <alignment>0x1</alignment>
         <input_file_ref idref="fl-19"/>
      </object_component>
      <object_component id="oc-123">
         <name>.debug_loc</name>
         <load_address>0x5d87</load_address>
         <run_address>0x5d87</run_address>
         <size>0xc7</size>
         <alignment>0x1</alignment>
         <input_file_ref idref="fl-1a"/>
      </object_component>
      <object_component id="oc-143">
         <name>.debug_loc</name>
         <load_address>0x5e4e</load_address>
         <run_address>0x5e4e</run_address>
         <size>0x13</size>
         <alignment>0x1</alignment>
         <input_file_ref idref="fl-1b"/>
      </object_component>
      <object_component id="oc-11c">
         <name>.debug_loc</name>
         <load_address>0x5e61</load_address>
         <run_address>0x5e61</run_address>
         <size>0x1a68</size>
         <alignment>0x1</alignment>
         <input_file_ref idref="fl-1c"/>
      </object_component>
      <object_component id="oc-b1">
         <name>.debug_loc</name>
         <load_address>0x78c9</load_address>
         <run_address>0x78c9</run_address>
         <size>0x193</size>
         <alignment>0x1</alignment>
         <input_file_ref idref="fl-2b"/>
      </object_component>
      <object_component id="oc-42">
         <name>.debug_loc</name>
         <load_address>0x7a5c</load_address>
         <run_address>0x7a5c</run_address>
         <size>0xd8</size>
         <alignment>0x1</alignment>
         <input_file_ref idref="fl-2c"/>
      </object_component>
      <object_component id="oc-ca">
         <name>.debug_loc</name>
         <load_address>0x7b34</load_address>
         <run_address>0x7b34</run_address>
         <size>0x480</size>
         <alignment>0x1</alignment>
         <input_file_ref idref="fl-2e"/>
      </object_component>
      <object_component id="oc-52">
         <name>.debug_loc</name>
         <load_address>0x7fb4</load_address>
         <run_address>0x7fb4</run_address>
         <size>0x16c</size>
         <alignment>0x1</alignment>
         <input_file_ref idref="fl-31"/>
      </object_component>
      <object_component id="oc-4d">
         <name>.debug_loc</name>
         <load_address>0x8120</load_address>
         <run_address>0x8120</run_address>
         <size>0x6f</size>
         <alignment>0x1</alignment>
         <input_file_ref idref="fl-32"/>
      </object_component>
      <object_component id="oc-45">
         <name>.debug_loc</name>
         <load_address>0x818f</load_address>
         <run_address>0x818f</run_address>
         <size>0x166</size>
         <alignment>0x1</alignment>
         <input_file_ref idref="fl-33"/>
      </object_component>
      <object_component id="oc-131">
         <name>.debug_loc</name>
         <load_address>0x82f5</load_address>
         <run_address>0x82f5</run_address>
         <size>0x33d1</size>
         <alignment>0x1</alignment>
         <input_file_ref idref="fl-34"/>
      </object_component>
      <object_component id="oc-1d1">
         <name>.debug_loc</name>
         <load_address>0xb6c6</load_address>
         <run_address>0xb6c6</run_address>
         <size>0x9c</size>
         <alignment>0x1</alignment>
         <input_file_ref idref="fl-35"/>
      </object_component>
      <object_component id="oc-1d4">
         <name>.debug_loc</name>
         <load_address>0xb762</load_address>
         <run_address>0xb762</run_address>
         <size>0x127</size>
         <alignment>0x1</alignment>
         <input_file_ref idref="fl-36"/>
      </object_component>
      <object_component id="oc-189">
         <name>.debug_loc</name>
         <load_address>0xb889</load_address>
         <run_address>0xb889</run_address>
         <size>0x101</size>
         <alignment>0x1</alignment>
         <input_file_ref idref="fl-37"/>
      </object_component>
      <object_component id="oc-c8">
         <name>.debug_loc</name>
         <load_address>0xb98a</load_address>
         <run_address>0xb98a</run_address>
         <size>0x26</size>
         <alignment>0x1</alignment>
         <input_file_ref idref="fl-38"/>
      </object_component>
      <object_component id="oc-1dc">
         <name>.debug_loc</name>
         <load_address>0xb9b0</load_address>
         <run_address>0xb9b0</run_address>
         <size>0x8f</size>
         <alignment>0x1</alignment>
         <input_file_ref idref="fl-3a"/>
      </object_component>
      <object_component id="oc-182">
         <name>.debug_loc</name>
         <load_address>0xba3f</load_address>
         <run_address>0xba3f</run_address>
         <size>0x66</size>
         <alignment>0x1</alignment>
         <input_file_ref idref="fl-3d"/>
      </object_component>
      <object_component id="oc-178">
         <name>.debug_loc</name>
         <load_address>0xbaa5</load_address>
         <run_address>0xbaa5</run_address>
         <size>0xbf</size>
         <alignment>0x1</alignment>
         <input_file_ref idref="fl-3f"/>
      </object_component>
      <object_component id="oc-185">
         <name>.debug_loc</name>
         <load_address>0xbb64</load_address>
         <run_address>0xbb64</run_address>
         <size>0x33</size>
         <alignment>0x1</alignment>
         <input_file_ref idref="fl-41"/>
      </object_component>
      <object_component id="oc-195">
         <name>.debug_loc</name>
         <load_address>0xbb97</load_address>
         <run_address>0xbb97</run_address>
         <size>0x440</size>
         <alignment>0x1</alignment>
         <input_file_ref idref="fl-d1"/>
      </object_component>
      <object_component id="oc-1c5">
         <name>.debug_loc</name>
         <load_address>0xbfd7</load_address>
         <run_address>0xbfd7</run_address>
         <size>0x20</size>
         <alignment>0x1</alignment>
         <input_file_ref idref="fl-d2"/>
      </object_component>
      <object_component id="oc-12c">
         <name>.debug_abbrev</name>
         <load_address>0x0</load_address>
         <run_address>0x0</run_address>
         <size>0x1bf</size>
         <alignment>0x1</alignment>
         <input_file_ref idref="fl-1"/>
      </object_component>
      <object_component id="oc-f4">
         <name>.debug_abbrev</name>
         <load_address>0x1bf</load_address>
         <run_address>0x1bf</run_address>
         <size>0x142</size>
         <alignment>0x1</alignment>
         <input_file_ref idref="fl-2"/>
      </object_component>
      <object_component id="oc-148">
         <name>.debug_abbrev</name>
         <load_address>0x301</load_address>
         <run_address>0x301</run_address>
         <size>0x5b</size>
         <alignment>0x1</alignment>
         <input_file_ref idref="fl-4"/>
      </object_component>
      <object_component id="oc-5f">
         <name>.debug_abbrev</name>
         <load_address>0x35c</load_address>
         <run_address>0x35c</run_address>
         <size>0x2b6</size>
         <alignment>0x1</alignment>
         <input_file_ref idref="fl-5"/>
      </object_component>
      <object_component id="oc-3c">
         <name>.debug_abbrev</name>
         <load_address>0x612</load_address>
         <run_address>0x612</run_address>
         <size>0x6d</size>
         <alignment>0x1</alignment>
         <input_file_ref idref="fl-6"/>
      </object_component>
      <object_component id="oc-ec">
         <name>.debug_abbrev</name>
         <load_address>0x67f</load_address>
         <run_address>0x67f</run_address>
         <size>0x203</size>
         <alignment>0x1</alignment>
         <input_file_ref idref="fl-7"/>
      </object_component>
      <object_component id="oc-f8">
         <name>.debug_abbrev</name>
         <load_address>0x882</load_address>
         <run_address>0x882</run_address>
         <size>0x32a</size>
         <alignment>0x1</alignment>
         <input_file_ref idref="fl-16"/>
      </object_component>
      <object_component id="oc-f6">
         <name>.debug_abbrev</name>
         <load_address>0xbac</load_address>
         <run_address>0xbac</run_address>
         <size>0x2ca</size>
         <alignment>0x1</alignment>
         <input_file_ref idref="fl-17"/>
      </object_component>
      <object_component id="oc-fa">
         <name>.debug_abbrev</name>
         <load_address>0xe76</load_address>
         <run_address>0xe76</run_address>
         <size>0x2c7</size>
         <alignment>0x1</alignment>
         <input_file_ref idref="fl-19"/>
      </object_component>
      <object_component id="oc-146">
         <name>.debug_abbrev</name>
         <load_address>0x113d</load_address>
         <run_address>0x113d</run_address>
         <size>0x171</size>
         <alignment>0x1</alignment>
         <input_file_ref idref="fl-1a"/>
      </object_component>
      <object_component id="oc-141">
         <name>.debug_abbrev</name>
         <load_address>0x12ae</load_address>
         <run_address>0x12ae</run_address>
         <size>0x62</size>
         <alignment>0x1</alignment>
         <input_file_ref idref="fl-1b"/>
      </object_component>
      <object_component id="oc-144">
         <name>.debug_abbrev</name>
         <load_address>0x1310</load_address>
         <run_address>0x1310</run_address>
         <size>0x286</size>
         <alignment>0x1</alignment>
         <input_file_ref idref="fl-1c"/>
      </object_component>
      <object_component id="oc-101">
         <name>.debug_abbrev</name>
         <load_address>0x1596</load_address>
         <run_address>0x1596</run_address>
         <size>0xf7</size>
         <alignment>0x1</alignment>
         <input_file_ref idref="fl-2b"/>
      </object_component>
      <object_component id="oc-3e">
         <name>.debug_abbrev</name>
         <load_address>0x168d</load_address>
         <run_address>0x168d</run_address>
         <size>0xaf</size>
         <alignment>0x1</alignment>
         <input_file_ref idref="fl-2c"/>
      </object_component>
      <object_component id="oc-10c">
         <name>.debug_abbrev</name>
         <load_address>0x173c</load_address>
         <run_address>0x173c</run_address>
         <size>0x186</size>
         <alignment>0x1</alignment>
         <input_file_ref idref="fl-2e"/>
      </object_component>
      <object_component id="oc-86">
         <name>.debug_abbrev</name>
         <load_address>0x18c2</load_address>
         <run_address>0x18c2</run_address>
         <size>0x39</size>
         <alignment>0x1</alignment>
         <input_file_ref idref="fl-2f"/>
      </object_component>
      <object_component id="oc-68">
         <name>.debug_abbrev</name>
         <load_address>0x18fb</load_address>
         <run_address>0x18fb</run_address>
         <size>0xc2</size>
         <alignment>0x1</alignment>
         <input_file_ref idref="fl-31"/>
      </object_component>
      <object_component id="oc-4b">
         <name>.debug_abbrev</name>
         <load_address>0x19bd</load_address>
         <run_address>0x19bd</run_address>
         <size>0x70</size>
         <alignment>0x1</alignment>
         <input_file_ref idref="fl-32"/>
      </object_component>
      <object_component id="oc-43">
         <name>.debug_abbrev</name>
         <load_address>0x1a2d</load_address>
         <run_address>0x1a2d</run_address>
         <size>0x8d</size>
         <alignment>0x1</alignment>
         <input_file_ref idref="fl-33"/>
      </object_component>
      <object_component id="oc-156">
         <name>.debug_abbrev</name>
         <load_address>0x1aba</load_address>
         <run_address>0x1aba</run_address>
         <size>0x2f5</size>
         <alignment>0x1</alignment>
         <input_file_ref idref="fl-34"/>
      </object_component>
      <object_component id="oc-1cf">
         <name>.debug_abbrev</name>
         <load_address>0x1daf</load_address>
         <run_address>0x1daf</run_address>
         <size>0x81</size>
         <alignment>0x1</alignment>
         <input_file_ref idref="fl-35"/>
      </object_component>
      <object_component id="oc-1d2">
         <name>.debug_abbrev</name>
         <load_address>0x1e30</load_address>
         <run_address>0x1e30</run_address>
         <size>0x88</size>
         <alignment>0x1</alignment>
         <input_file_ref idref="fl-36"/>
      </object_component>
      <object_component id="oc-187">
         <name>.debug_abbrev</name>
         <load_address>0x1eb8</load_address>
         <run_address>0x1eb8</run_address>
         <size>0x12a</size>
         <alignment>0x1</alignment>
         <input_file_ref idref="fl-37"/>
      </object_component>
      <object_component id="oc-106">
         <name>.debug_abbrev</name>
         <load_address>0x1fe2</load_address>
         <run_address>0x1fe2</run_address>
         <size>0xb3</size>
         <alignment>0x1</alignment>
         <input_file_ref idref="fl-38"/>
      </object_component>
      <object_component id="oc-1da">
         <name>.debug_abbrev</name>
         <load_address>0x2095</load_address>
         <run_address>0x2095</run_address>
         <size>0x95</size>
         <alignment>0x1</alignment>
         <input_file_ref idref="fl-3a"/>
      </object_component>
      <object_component id="oc-180">
         <name>.debug_abbrev</name>
         <load_address>0x212a</load_address>
         <run_address>0x212a</run_address>
         <size>0x72</size>
         <alignment>0x1</alignment>
         <input_file_ref idref="fl-3d"/>
      </object_component>
[...]
         <object_component_ref idref="oc-33"/>
      </symbol>
      <symbol id="sm-9b">
         <name>SVC_Handler</name>
         <value>0x1dc3</value>
         <object_component_ref idref="oc-33"/>
      </symbol>
      <symbol id="sm-9c">
         <name>PendSV_Handler</name>
         <value>0x1dc3</value>
         <object_component_ref idref="oc-33"/>
      </symbol>
      <symbol id="sm-9d">
         <name>SysTick_Handler</name>
         <value>0x1dc3</value>
         <object_component_ref idref="oc-33"/>
      </symbol>
      <symbol id="sm-9e">
         <name>GROUP0_IRQHandler</name>
         <value>0x1dc3</value>
         <object_component_ref idref="oc-33"/>
      </symbol>
      <symbol id="sm-9f">
         <name>GROUP1_IRQHandler</name>
         <value>0x1dc3</value>
         <object_component_ref idref="oc-33"/>
      </symbol>
      <symbol id="sm-a0">
         <name>TIMG8_IRQHandler</name>
         <value>0x1dc3</value>
         <object_component_ref idref="oc-33"/>
      </symbol>
      <symbol id="sm-a1">
         <name>UART3_IRQHandler</name>
         <value>0x1dc3</value>
         <object_component_ref idref="oc-33"/>
      </symbol>
      <symbol id="sm-a2">
         <name>CANFD0_IRQHandler</name>
         <value>0x1dc3</value>
         <object_component_ref idref="oc-33"/>
      </symbol>
      <symbol id="sm-a3">
         <name>DAC0_IRQHandler</name>
         <value>0x1dc3</value>
         <object_component_ref idref="oc-33"/>
      </symbol>
      <symbol id="sm-a4">
         <name>SPI0_IRQHandler</name>
         <value>0x1dc3</value>
         <object_component_ref idref="oc-33"/>
      </symbol>
      <symbol id="sm-a5">
         <name>SPI1_IRQHandler</name>
         <value>0x1dc3</value>
         <object_component_ref idref="oc-33"/>
      </symbol>
      <symbol id="sm-a6">
         <name>UART1_IRQHandler</name>
         <value>0x1dc3</value>
         <object_component_ref idref="oc-33"/>
      </symbol>
      <symbol id="sm-a7">
         <name>UART2_IRQHandler</name>
         <value>0x1dc3</value>
         <object_component_ref idref="oc-33"/>
      </symbol>
      <symbol id="sm-a8">
         <name>UART0_IRQHandler</name>
         <value>0x1dc3</value>
         <object_component_ref idref="oc-33"/>
      </symbol>
      <symbol id="sm-a9">
         <name>TIMG0_IRQHandler</name>
         <value>0x1dc3</value>
         <object_component_ref idref="oc-33"/>
      </symbol>
      <symbol id="sm-aa">
         <name>TIMG6_IRQHandler</name>
         <value>0x1dc3</value>
         <object_component_ref idref="oc-33"/>
      </symbol>
      <symbol id="sm-ab">
         <name>TIMG7_IRQHandler</name>
         <value>0x1dc3</value>
         <object_component_ref idref="oc-33"/>
      </symbol>
      <symbol id="sm-ac">
         <name>TIMG12_IRQHandler</name>
         <value>0x1dc3</value>
         <object_component_ref idref="oc-33"/>
      </symbol>
      <symbol id="sm-ad">
         <name>I2C0_IRQHandler</name>
         <value>0x1dc3</value>
         <object_component_ref idref="oc-33"/>
      </symbol>
      <symbol id="sm-ae">
         <name>I2C1_IRQHandler</name>
         <value>0x1dc3</value>
         <object_component_ref idref="oc-33"/>
      </symbol>
      <symbol id="sm-af">
         <name>AES_IRQHandler</name>
         <value>0x1dc3</value>
         <object_component_ref idref="oc-33"/>
      </symbol>
      <symbol id="sm-b0">
         <name>RTC_IRQHandler</name>
         <value>0x1dc3</value>
         <object_component_ref idref="oc-33"/>
      </symbol>
      <symbol id="sm-b1">
         <name>DMA_IRQHandler</name>
         <value>0x1dc3</value>
         <object_component_ref idref="oc-33"/>
      </symbol>
      <symbol id="sm-dd">
         <name>SYSCFG_DL_init</name>
         <value>0x3291</value>
         <object_component_ref idref="oc-88"/>
      </symbol>
      <symbol id="sm-de">
         <name>SYSCFG_DL_initPower</name>
         <value>0x2b85</value>
         <object_component_ref idref="oc-e2"/>
      </symbol>
      <symbol id="sm-df">
         <name>SYSCFG_DL_GPIO_init</name>
         <value>0x2ff1</value>
         <object_component_ref idref="oc-e3"/>
      </symbol>
      <symbol id="sm-e0">
         <name>SYSCFG_DL_SYSCTL_init</name>
         <value>0x3031</value>
         <object_component_ref idref="oc-e4"/>
      </symbol>
      <symbol id="sm-e1">
         <name>SYSCFG_DL_TIMER_5086_init</name>
         <value>0x3221</value>
         <object_component_ref idref="oc-e6"/>
      </symbol>
      <symbol id="sm-e2">
         <name>SYSCFG_DL_TIMER_1S_init</name>
         <value>0x31e9</value>
         <object_component_ref idref="oc-e7"/>
      </symbol>
      <symbol id="sm-e3">
         <name>SYSCFG_DL_ADC12_0_init</name>
         <value>0x2cad</value>
         <object_component_ref idref="oc-e8"/>
      </symbol>
      <symbol id="sm-e4">
         <name>SYSCFG_DL_ADC12_1_init</name>
         <value>0x2949</value>
         <object_component_ref idref="oc-e9"/>
      </symbol>
      <symbol id="sm-e5">
         <name>gTIMER_5086Backup</name>
         <value>0x202004c4</value>
      </symbol>
      <symbol id="sm-e6">
         <name>gTIMER_1SBackup</name>
         <value>0x20200408</value>
      </symbol>
      <symbol id="sm-e7">
         <name>__TI_ATRegion0_src_addr</name>
         <value>0x0</value>
      </symbol>
      <symbol id="sm-e8">
         <name>__TI_ATRegion0_trg_addr</name>
         <value>0x0</value>
      </symbol>
      <symbol id="sm-e9">
         <name>__TI_ATRegion0_region_sz</name>
         <value>0x0</value>
      </symbol>
      <symbol id="sm-ea">
         <name>__TI_ATRegion1_src_addr</name>
         <value>0x0</value>
      </symbol>
      <symbol id="sm-eb">
         <name>__TI_ATRegion1_trg_addr</name>
         <value>0x0</value>
      </symbol>
      <symbol id="sm-ec">
         <name>__TI_ATRegion1_region_sz</name>
         <value>0x0</value>
      </symbol>
      <symbol id="sm-ed">
         <name>__TI_ATRegion2_src_addr</name>
         <value>0x0</value>
      </symbol>
      <symbol id="sm-ee">
         <name>__TI_ATRegion2_trg_addr</name>
         <value>0x0</value>
      </symbol>
      <symbol id="sm-ef">
         <name>__TI_ATRegion2_region_sz</name>
         <value>0x0</value>
      </symbol>
      <symbol id="sm-fc">
         <name>_IQ15div</name>
         <value>0x3359</value>
         <object_component_ref idref="oc-99"/>
      </symbol>
      <symbol id="sm-109">
         <name>_IQ15mpy</name>
         <value>0x3385</value>
         <object_component_ref idref="oc-92"/>
      </symbol>
      <symbol id="sm-117">
         <name>_IQ15toF</name>
         <value>0x32c5</value>
         <object_component_ref idref="oc-a0"/>
      </symbol>
      <symbol id="sm-122">
         <name>DL_ADC12_setClockConfig</name>
         <value>0x2fb1</value>
         <object_component_ref idref="oc-122"/>
      </symbol>
      <symbol id="sm-12b">
         <name>DL_Common_delayCycles</name>
         <value>0x357d</value>
         <object_component_ref idref="oc-113"/>
      </symbol>
      <symbol id="sm-13b">
         <name>DL_Timer_setClockConfig</name>
         <value>0x34a5</value>
         <object_component_ref idref="oc-117"/>
      </symbol>
      <symbol id="sm-13c">
         <name>DL_Timer_initTimerMode</name>
         <value>0x238d</value>
         <object_component_ref idref="oc-11d"/>
      </symbol>
      <symbol id="sm-14d">
         <name>snprintf</name>
         <value>0x2f19</value>
         <object_component_ref idref="oc-ad"/>
      </symbol>
      <symbol id="sm-158">
         <name>_c_int00_noargs</name>
         <value>0x33dd</value>
         <object_component_ref idref="oc-57"/>
      </symbol>
      <symbol id="sm-159">
         <name>__stack</name>
         <value>0x20207e00</value>
         <object_component_ref idref="oc-1a"/>
      </symbol>
      <symbol id="sm-165">
         <name>__TI_auto_init_nobinit_nopinit</name>
         <value>0x3171</value>
         <object_component_ref idref="oc-c9"/>
      </symbol>
      <symbol id="sm-16d">
         <name>_system_pre_init</name>
         <value>0x35c1</value>
         <object_component_ref idref="oc-6f"/>
      </symbol>
      <symbol id="sm-178">
         <name>__TI_zero_init_nomemset</name>
         <value>0x34d9</value>
         <object_component_ref idref="oc-4e"/>
      </symbol>
      <symbol id="sm-181">
         <name>__TI_decompress_none</name>
         <value>0x353f</value>
         <object_component_ref idref="oc-20"/>
      </symbol>
      <symbol id="sm-18c">
         <name>__TI_decompress_lzss</name>
         <value>0x29c9</value>
         <object_component_ref idref="oc-1c"/>
      </symbol>
      <symbol id="sm-1d5">
         <name>__TI_printfi</name>
         <value>0xc1</value>
         <object_component_ref idref="oc-137"/>
      </symbol>
      <symbol id="sm-1df">
         <name>frexp</name>
         <value>0x2d0d</value>
         <object_component_ref idref="oc-19c"/>
      </symbol>
      <symbol id="sm-1e0">
         <name>frexpl</name>
         <value>0x2d0d</value>
         <object_component_ref idref="oc-19c"/>
      </symbol>
      <symbol id="sm-1ea">
         <name>scalbn</name>
         <value>0x265d</value>
         <object_component_ref idref="oc-1a0"/>
      </symbol>
      <symbol id="sm-1eb">
         <name>ldexp</name>
         <value>0x265d</value>
         <object_component_ref idref="oc-1a0"/>
      </symbol>
      <symbol id="sm-1ec">
         <name>scalbnl</name>
         <value>0x265d</value>
         <object_component_ref idref="oc-1a0"/>
      </symbol>
      <symbol id="sm-1ed">
         <name>ldexpl</name>
         <value>0x265d</value>
         <object_component_ref idref="oc-1a0"/>
      </symbol>
      <symbol id="sm-1f8">
         <name>__aeabi_errno_addr</name>
         <value>0x35ad</value>
         <object_component_ref idref="oc-160"/>
      </symbol>
      <symbol id="sm-1f9">
         <name>__aeabi_errno</name>
         <value>0x20200400</value>
         <object_component_ref idref="oc-186"/>
      </symbol>
      <symbol id="sm-203">
         <name>abort</name>
         <value>0x35c5</value>
         <object_component_ref idref="oc-c2"/>
      </symbol>
      <symbol id="sm-204">
         <name>C$$EXIT</name>
         <value>0x35c4</value>
         <object_component_ref idref="oc-c2"/>
      </symbol>
      <symbol id="sm-20e">
         <name>__TI_ltoa</name>
         <value>0x2d69</value>
         <object_component_ref idref="oc-1a8"/>
      </symbol>
      <symbol id="sm-21a">
         <name>atoi</name>
         <value>0x30f1</value>
         <object_component_ref idref="oc-158"/>
      </symbol>
      <symbol id="sm-224">
         <name>memccpy</name>
         <value>0x3429</value>
         <object_component_ref idref="oc-14d"/>
      </symbol>
      <symbol id="sm-22e">
         <name>wcslen</name>
         <value>0x3551</value>
         <object_component_ref idref="oc-15c"/>
      </symbol>
      <symbol id="sm-234">
         <name>__aeabi_ctype_table_</name>
         <value>0x3bc0</value>
         <object_component_ref idref="oc-17f"/>
      </symbol>
      <symbol id="sm-235">
         <name>__aeabi_ctype_table_C</name>
         <value>0x3bc0</value>
         <object_component_ref idref="oc-17f"/>
      </symbol>
      <symbol id="sm-24d">
         <name>__aeabi_fadd</name>
         <value>0x273f</value>
         <object_component_ref idref="oc-b3"/>
      </symbol>
      <symbol id="sm-24e">
         <name>__addsf3</name>
         <value>0x273f</value>
         <object_component_ref idref="oc-b3"/>
      </symbol>
      <symbol id="sm-24f">
         <name>__aeabi_fsub</name>
         <value>0x2735</value>
         <object_component_ref idref="oc-b3"/>
      </symbol>
      <symbol id="sm-250">
         <name>__subsf3</name>
         <value>0x2735</value>
         <object_component_ref idref="oc-b3"/>
      </symbol>
      <symbol id="sm-256">
         <name>__aeabi_dadd</name>
         <value>0x1c3b</value>
         <object_component_ref idref="oc-1bf"/>
      </symbol>
      <symbol id="sm-257">
         <name>__adddf3</name>
         <value>0x1c3b</value>
         <object_component_ref idref="oc-1bf"/>
      </symbol>
      <symbol id="sm-258">
         <name>__aeabi_dsub</name>
         <value>0x1c31</value>
         <object_component_ref idref="oc-1bf"/>
      </symbol>
      <symbol id="sm-259">
         <name>__subdf3</name>
         <value>0x1c31</value>
         <object_component_ref idref="oc-1bf"/>
      </symbol>
      <symbol id="sm-262">
         <name>__aeabi_dmul</name>
         <value>0x2579</value>
         <object_component_ref idref="oc-1b1"/>
      </symbol>
      <symbol id="sm-263">
         <name>__muldf3</name>
         <value>0x2579</value>
         <object_component_ref idref="oc-1b1"/>
      </symbol>
      <symbol id="sm-269">
         <name>__muldsi3</name>
         <value>0x31ad</value>
         <object_component_ref idref="oc-18a"/>
      </symbol>
      <symbol id="sm-26f">
         <name>__aeabi_ddiv</name>
         <value>0x2281</value>
         <object_component_ref idref="oc-1ba"/>
      </symbol>
      <symbol id="sm-270">
         <name>__divdf3</name>
         <value>0x2281</value>
         <object_component_ref idref="oc-1ba"/>
      </symbol>
      <symbol id="sm-276">
         <name>__aeabi_f2d</name>
         <value>0x30b1</value>
         <object_component_ref idref="oc-a9"/>
      </symbol>
      <symbol id="sm-277">
         <name>__extendsfdf2</name>
         <value>0x30b1</value>
         <object_component_ref idref="oc-a9"/>
      </symbol>
      <symbol id="sm-27d">
         <name>__aeabi_d2iz</name>
         <value>0x2f65</value>
         <object_component_ref idref="oc-1a4"/>
      </symbol>
      <symbol id="sm-27e">
         <name>__fixdfsi</name>
         <value>0x2f65</value>
         <object_component_ref idref="oc-1a4"/>
      </symbol>
      <symbol id="sm-284">
         <name>__aeabi_f2iz</name>
         <value>0x3259</value>
         <object_component_ref idref="oc-b8"/>
      </symbol>
      <symbol id="sm-285">
         <name>__fixsfsi</name>
         <value>0x3259</value>
         <object_component_ref idref="oc-b8"/>
      </symbol>
      <symbol id="sm-28b">
         <name>__aeabi_i2d</name>
         <value>0x33b1</value>
         <object_component_ref idref="oc-1ac"/>
      </symbol>
      <symbol id="sm-28c">
         <name>__floatsidf</name>
         <value>0x33b1</value>
         <object_component_ref idref="oc-1ac"/>
      </symbol>
      <symbol id="sm-292">
         <name>__aeabi_lmul</name>
         <value>0x3405</value>
         <object_component_ref idref="oc-165"/>
      </symbol>
      <symbol id="sm-293">
         <name>__muldi3</name>
         <value>0x3405</value>
         <object_component_ref idref="oc-165"/>
      </symbol>
      <symbol id="sm-299">
         <name>__aeabi_dcmpeq</name>
         <value>0x2be9</value>
         <object_component_ref idref="oc-16e"/>
      </symbol>
      <symbol id="sm-29a">
         <name>__aeabi_dcmplt</name>
         <value>0x2bfd</value>
         <object_component_ref idref="oc-16e"/>
      </symbol>
      <symbol id="sm-29b">
         <name>__aeabi_dcmple</name>
         <value>0x2c11</value>
         <object_component_ref idref="oc-16e"/>
      </symbol>
      <symbol id="sm-29c">
         <name>__aeabi_dcmpge</name>
         <value>0x2c25</value>
         <object_component_ref idref="oc-16e"/>
      </symbol>
      <symbol id="sm-29d">
         <name>__aeabi_dcmpgt</name>
         <value>0x2c39</value>
         <object_component_ref idref="oc-16e"/>
      </symbol>
      <symbol id="sm-2a3">
         <name>__aeabi_idiv</name>
         <value>0x2e19</value>
         <object_component_ref idref="oc-1d6"/>
      </symbol>
      <symbol id="sm-2a4">
         <name>__aeabi_idivmod</name>
         <value>0x2e19</value>
         <object_component_ref idref="oc-1d6"/>
      </symbol>
      <symbol id="sm-2aa">
         <name>__aeabi_memcpy</name>
         <value>0x35b5</value>
         <object_component_ref idref="oc-47"/>
      </symbol>
      <symbol id="sm-2ab">
         <name>__aeabi_memcpy4</name>
         <value>0x35b5</value>
         <object_component_ref idref="oc-47"/>
      </symbol>
      <symbol id="sm-2ac">
         <name>__aeabi_memcpy8</name>
         <value>0x35b5</value>
         <object_component_ref idref="oc-47"/>
      </symbol>
      <symbol id="sm-2b3">
         <name>__aeabi_memset</name>
         <value>0x3561</value>
         <object_component_ref idref="oc-14c"/>
      </symbol>
      <symbol id="sm-2b4">
         <name>__aeabi_memset4</name>
         <value>0x3561</value>
         <object_component_ref idref="oc-14c"/>
      </symbol>
      <symbol id="sm-2b5">
         <name>__aeabi_memset8</name>
         <value>0x3561</value>
         <object_component_ref idref="oc-14c"/>
      </symbol>
      <symbol id="sm-2bb">
         <name>__aeabi_uidiv</name>
         <value>0x3071</value>
         <object_component_ref idref="oc-152"/>
      </symbol>
      <symbol id="sm-2bc">
         <name>__aeabi_uidivmod</name>
         <value>0x3071</value>
         <object_component_ref idref="oc-152"/>
      </symbol>
      <symbol id="sm-2c2">
         <name>__aeabi_uldivmod</name>
         <value>0x3505</value>
         <object_component_ref idref="oc-16a"/>
      </symbol>
      <symbol id="sm-2c8">
         <name>__udivmoddi4</name>
         <value>0x280d</value>
         <object_component_ref idref="oc-18f"/>
      </symbol>
      <symbol id="sm-2ce">
         <name>__aeabi_llsl</name>
         <value>0x344d</value>
         <object_component_ref idref="oc-1c8"/>
      </symbol>
      <symbol id="sm-2cf">
         <name>__ashldi3</name>
         <value>0x344d</value>
         <object_component_ref idref="oc-1c8"/>
      </symbol>
      <symbol id="sm-2dd">
         <name>__ledf2</name>
         <value>0x2ab1</value>
         <object_component_ref idref="oc-194"/>
      </symbol>
      <symbol id="sm-2de">
         <name>__gedf2</name>
         <value>0x2a41</value>
         <object_component_ref idref="oc-19a"/>
      </symbol>
      <symbol id="sm-2df">
         <name>__cmpdf2</name>
         <value>0x2ab1</value>
         <object_component_ref idref="oc-194"/>
      </symbol>
      <symbol id="sm-2e0">
         <name>__eqdf2</name>
         <value>0x2ab1</value>
         <object_component_ref idref="oc-194"/>
      </symbol>
      <symbol id="sm-2e1">
         <name>__ltdf2</name>
         <value>0x2ab1</value>
         <object_component_ref idref="oc-194"/>
      </symbol>
      <symbol id="sm-2e2">
         <name>__nedf2</name>
         <value>0x2ab1</value>
         <object_component_ref idref="oc-194"/>
      </symbol>
      <symbol id="sm-2e3">
         <name>__gtdf2</name>
         <value>0x2a41</value>
         <object_component_ref idref="oc-19a"/>
      </symbol>
      <symbol id="sm-2ef">
         <name>__aeabi_idiv0</name>
         <value>0x2b83</value>
         <object_component_ref idref="oc-179"/>
      </symbol>
      <symbol id="sm-2f0">
         <name>__aeabi_ldiv0</name>
         <value>0x2e6f</value>
         <object_component_ref idref="oc-1c7"/>
      </symbol>
      <symbol id="sm-30a">
         <name>memcpy</name>
         <value>0x28af</value>
         <object_component_ref idref="oc-83"/>
      </symbol>
      <symbol id="sm-319">
         <name>memset</name>
         <value>0x2c4b</value>
         <object_component_ref idref="oc-e1"/>
      </symbol>
      <symbol id="sm-31a">
         <name>__TI_static_base__</name>
         <value>0x0</value>
      </symbol>
      <symbol id="sm-31e">
         <name>__mpu_init</name>
         <value>0x0</value>
      </symbol>
      <symbol id="sm-31f">
         <name>_system_post_cinit</name>
         <value>0x0</value>
      </symbol>
   </symbol_table>
   <title>Link successful</title>
</link_info>
