******************************************************************************
            TI ARM Clang Linker PC v3.2.2                      
******************************************************************************
>> Linked Thu Oct 30 00:31:23 2025

OUTPUT FILE NAME:   <37520232205086_Button_MSPM0G3507_nortos_ticlang.out>
ENTRY POINT SYMBOL: "_c_int00_noargs"  address: 00003c05


MEMORY CONFIGURATION

         name            origin    length      used     unused   attr    fill
----------------------  --------  ---------  --------  --------  ----  --------
  FLASH                 00000000   00020000  000046e0  0001b920  R  X
  SRAM                  20200000   00008000  0000084e  000077b2  RW X
  BCR_CONFIG            41c00000   000000ff  00000000  000000ff  R   
  BSL_CONFIG            41c00100   00000080  00000000  00000080  R   


SEGMENT ALLOCATION MAP

run origin  load origin   length   init length attrs members
----------  ----------- ---------- ----------- ----- -------
00000000    00000000    000046e0   000046e0    r-x
  00000000    00000000    000000c0   000000c0    r-- .intvecs
  000000c0    000000c0    00003d40   00003d40    r-x .text
  00003e00    00003e00    000008b0   000008b0    r-- .rodata
  000046b0    000046b0    00000030   00000030    r-- .cinit
20200000    20200000    00000650   00000000    rw-
  20200000    20200000    00000436   00000000    rw- .data
  20200438    20200438    00000218   00000000    rw- .bss
20207e00    20207e00    00000200   00000000    rw-
  20207e00    20207e00    00000200   00000000    rw- .stack


SECTION ALLOCATION MAP

 output                                  attributes/
section   page    origin      length       input sections
--------  ----  ----------  ----------   ----------------
.intvecs   0    00000000    000000c0     
                  00000000    000000c0     startup_mspm0g350x_ticlang.o (.intvecs)

.text      0    000000c0    00003d40     
                  000000c0    00000a00     libc.a : _printfi.c.obj (.text:__TI_printfi)
                  00000ac0    0000059c     empty.o (.text.main)
                  0000105c    00000570     I2C_GPIO_25a.o (.text.Write_IIC_Command)
                  000015cc    00000570     I2C_GPIO_25a.o (.text.Write_IIC_Data)
                  00001b3c    00000220     libc.a : _printfi.c.obj (.text._pconv_a)
                  00001d5c    000001dc            : _printfi.c.obj (.text._pconv_g)
                  00001f38    00000192     libclang_rt.builtins.a : adddf3.S.obj (.text.adddf3_subdf3)
                  000020ca    00000002     startup_mspm0g350x_ticlang.o (.text.Default_Handler)
                  000020cc    00000164     OLED13.o (.text.OLED_ShowCHinese)
                  00002230    0000014c     OLED13.o (.text.OLED_Refresh)
                  0000237c    00000144     OLED13.o (.text.OLED_Clear)
                  000024c0    0000013c     libc.a : _printfi.c.obj (.text.fcvt)
                  000025fc    00000120            : _printfi.c.obj (.text._pconv_e)
                  0000271c    0000011c     driverlib.a : dl_timer.o (.text.DL_Timer_initCaptureMode)
                  00002838    00000114     OLED13.o (.text.OLED_Init)
                  0000294c    0000010c     libclang_rt.builtins.a : divdf3.S.obj (.text.__divdf3)
                  00002a58    00000104     driverlib.a : dl_timer.o (.text.DL_Timer_initFourCCPWMMode)
                  00002b5c    000000fc                 : dl_timer.o (.text.DL_Timer_initTimerMode)
                  00002c58    000000f0     OLED13.o (.text.OLED_ShowChar)
                  00002d48    000000e4     libclang_rt.builtins.a : muldf3.S.obj (.text.__muldf3)
                  00002e2c    000000d8     libc.a : s_scalbn.c.obj (.text.scalbn)
                  00002f04    000000b8     ti_msp_dl_config.o (.text.SYSCFG_DL_LED_rgb_init)
                  00002fbc    000000b4     empty.o (.text.enterSetMode)
                  00003070    000000a2     libclang_rt.builtins.a : udivmoddi4.S.obj (.text)
                  00003112    00000002                            : aeabi_div0.c.obj (.text.__aeabi_idiv0)
                  00003114    0000009c     ti_msp_dl_config.o (.text.SYSCFG_DL_GPIO_init)
                  000031b0    0000009a     libc.a : memcpy16.S.obj (.text:memcpy)
                  0000324a    00000002     libclang_rt.builtins.a : aeabi_div0.c.obj (.text.__aeabi_ldiv0)
                  0000324c    0000008c                            : mulsf3.S.obj (.text.__mulsf3)
                  000032d8    00000078     libc.a : copy_decompress_lzss.c.obj (.text:decompress:lzss)
                  00003350    00000070     libclang_rt.builtins.a : comparedf2.c.obj (.text.__gedf2)
                  000033c0    0000006c     I2C_GPIO_25a.o (.text.I2CB1_Init)
                  0000342c    0000006c     libclang_rt.builtins.a : comparedf2.c.obj (.text.__ledf2)
                  00003498    00000066     libc.a : _printfi.c.obj (.text._mcpy)
                  000034fe    00000002     --HOLE-- [fill = 0]
                  00003500    00000062     libclang_rt.builtins.a : aeabi_dcmp.S.obj (.text.__aeabi_dcmp)
                  00003562    00000062     libc.a : memset16.S.obj (.text:memset)
                  000035c4    0000005c            : s_frexp.c.obj (.text.frexp)
                  00003620    00000058     ti_msp_dl_config.o (.text.SYSCFG_DL_TIMER_QEI_init)
                  00003678    00000058     libc.a : _ltoa.c.obj (.text.__TI_ltoa)
                  000036d0    00000058            : _printfi.c.obj (.text._pconv_f)
                  00003728    00000056     libclang_rt.builtins.a : aeabi_idivmod.S.obj (.text.__aeabi_idivmod)
                  0000377e    00000002     --HOLE-- [fill = 0]
                  00003780    00000054     ti_msp_dl_config.o (.text.SYSCFG_DL_initPower)
                  000037d4    00000052     libc.a : _printfi.c.obj (.text._ecpy)
                  00003826    00000002     --HOLE-- [fill = 0]
                  00003828    0000004c            : snprintf.c.obj (.text.snprintf)
                  00003874    0000004a     libclang_rt.builtins.a : fixdfsi.S.obj (.text.__fixdfsi)
                  000038be    00000002     --HOLE-- [fill = 0]
                  000038c0    00000044     empty.o (.text.GROUP1_IRQHandler)
                  00003904    00000040     ti_msp_dl_config.o (.text.SYSCFG_DL_init)
                  00003944    00000040     libclang_rt.builtins.a : aeabi_uidivmod.S.obj (.text.__aeabi_uidivmod)
                  00003984    00000040                            : extendsfdf2.S.obj (.text.__extendsfdf2)
                  000039c4    00000040     libc.a : atoi.c.obj (.text.atoi)
                  00003a04    0000003e     OLED13.o (.text.OLED_ShowString)
                  00003a42    00000002     --HOLE-- [fill = 0]
                  00003a44    0000003c     libc.a : autoinit.c.obj (.text:__TI_auto_init_nobinit_nopinit)
                  00003a80    0000003a     libclang_rt.builtins.a : muldsi3.S.obj (.text.__muldsi3)
                  00003aba    00000002     --HOLE-- [fill = 0]
                  00003abc    00000038     ti_msp_dl_config.o (.text.SYSCFG_DL_TIMER_MS_init)
                  00003af4    00000030     ti_msp_dl_config.o (.text.SYSCFG_DL_SYSCTL_init)
                  00003b24    00000030     libc.a : _printfi.c.obj (.text._fcpy)
                  00003b54    00000030            : snprintf.c.obj (.text._outs)
                  00003b84    0000002c     ti_msp_dl_config.o (.text.SYSCFG_DL_CAPTURE_0_init)
                  00003bb0    0000002c     libclang_rt.builtins.a : floatsidf.S.obj (.text.__floatsidf)
                  00003bdc    00000028                            : floatunsisf.S.obj (.text.__floatunsisf)
                  00003c04    00000028     libc.a : boot_cortex_m.c.obj (.text:_c_int00_noargs)
                  00003c2c    00000024     libclang_rt.builtins.a : muldi3.S.obj (.text.__muldi3)
                  00003c50    00000022     libc.a : memccpy.c.obj (.text.memccpy)
                  00003c72    00000002     --HOLE-- [fill = 0]
                  00003c74    0000001e     libclang_rt.builtins.a : ashldi3.S.obj (.text.__ashldi3)
                  00003c92    00000002     --HOLE-- [fill = 0]
                  00003c94    0000001c     driverlib.a : dl_timer.o (.text.DL_Timer_setCaptCompUpdateMethod)
                  00003cb0    0000001c                 : dl_timer.o (.text.DL_Timer_setClockConfig)
                  00003ccc    00000018                 : dl_timer.o (.text.DL_Timer_setCaptureCompareOutCtl)
                  00003ce4    00000018     empty.o (.text.TIMG12_IRQHandler)
                  00003cfc    00000018     libc.a : snprintf.c.obj (.text._outc)
                  00003d14    00000016            : copy_zero_init.c.obj (.text:decompress:ZI:__TI_zero_init_nomemset)
                  00003d2a    00000002     --HOLE-- [fill = 0]
                  00003d2c    00000014     libclang_rt.builtins.a : aeabi_uldivmod.S.obj (.text.__aeabi_uldivmod)
                  00003d40    00000014     libc.a : _printfi.c.obj (.text.strchr)
                  00003d54    00000012     I2C_GPIO_25a.o (.text.OLED_WR_Byte)
                  00003d66    00000012     libc.a : copy_decompress_none.c.obj (.text:decompress:none)
                  00003d78    00000010     driverlib.a : dl_timer.o (.text.DL_Timer_setCaptureCompareValue)
                  00003d88    00000010     libc.a : wcslen.c.obj (.text.wcslen)
                  00003d98    0000000e     libclang_rt.builtins.a : aeabi_memset.S.obj (.text.__aeabi_memset)
                  00003da6    0000000e     libc.a : _printfi.c.obj (.text.strlen)
                  00003db4    0000000a     driverlib.a : dl_common.o (.text.DL_Common_delayCycles)
                  00003dbe    0000000a     libc.a : _printfi.c.obj (.text.OUTLINED_FUNCTION_0)
                  00003dc8    00000010     libclang_rt.builtins.a : adddf3.S.obj (.tramp.__aeabi_dsub.1)
                  00003dd8    0000000a     libc.a : _printfi.c.obj (.text.OUTLINED_FUNCTION_1)
                  00003de2    00000002     --HOLE-- [fill = 0]
                  00003de4    00000008            : aeabi_portable.c.obj (.text.__aeabi_errno_addr)
                  00003dec    00000008     libclang_rt.builtins.a : aeabi_memcpy.S.obj (.text.__aeabi_memcpy)
                  00003df4    00000004     startup_mspm0g350x_ticlang.o (.text.Reset_Handler)
                  00003df8    00000004     libc.a : pre_init.c.obj (.text._system_pre_init)
                  00003dfc    00000004            : exit.c.obj (.text:abort)

.cinit     0    000046b0    00000030     
                  000046b0    0000000c     (.cinit..data.load) [load image, compression = lzss]
                  000046bc    0000000c     (__TI_handler_table)
                  000046c8    00000008     (.cinit..bss.load) [load image, compression = zero_init]
                  000046d0    00000010     (__TI_cinit_table)

.rodata    0    00003e00    000008b0     
                  00003e00    000005f0     OLED_Font.o (.rodata.Front_16x8Tab)
                  000043f0    00000101     libc.a : aeabi_ctype.S.obj (.rodata:__aeabi_ctype_table_)
                  000044f1    000000c0     OLED_Font.o (.rodata.Front_16x16Tab)
                  000045b1    00000003     ti_msp_dl_config.o (.rodata.gCAPTURE_0ClockConfig)
                  000045b4    00000014     ti_msp_dl_config.o (.rodata.gTIMER_MSTimerConfig)
                  000045c8    00000011     libc.a : _printfi.c.obj (.rodata.str1.11645776875810915891)
                  000045d9    00000011            : _printfi.c.obj (.rodata.str1.44690500295887128011)
                  000045ea    00000002     --HOLE-- [fill = 0]
                  000045ec    00000010     ti_msp_dl_config.o (.rodata.gCAPTURE_0CaptureConfig)
                  000045fc    00000010     empty.o (.rodata.str1.31620259236998402651)
                  0000460c    0000000f     empty.o (.rodata.str1.155434919592598141311)
                  0000461b    0000000f     empty.o (.rodata.str1.7130503275715014631)
                  0000462a    0000000e     empty.o (.rodata.str1.71922421787461555071)
                  00004638    0000000c     driverlib.a : dl_timer.o (.rodata..Lswitch.table.DL_Timer_initCompareMode)
                  00004644    0000000c     empty.o (.rodata.str1.134592517678206718851)
                  00004650    0000000c     empty.o (.rodata.str1.162906114796922795351)
                  0000465c    0000000c     empty.o (.rodata.str1.77532711950248832531)
                  00004668    0000000a     empty.o (.rodata.str1.161173632875555205051)
                  00004672    0000000a     empty.o (.rodata.str1.97395763982011991711)
                  0000467c    00000008     ti_msp_dl_config.o (.rodata.gLED_rgbConfig)
                  00004684    00000007     empty.o (.rodata.str1.23730775619209645351)
                  0000468b    00000007     empty.o (.rodata.str1.62536263040008563141)
                  00004692    00000006     empty.o (.rodata.str1.122744192048143189441)
                  00004698    00000005     empty.o (.rodata.str1.92454112862644078121)
                  0000469d    00000004     empty.o (.rodata.str1.130542305227401186901)
                  000046a1    00000003     ti_msp_dl_config.o (.rodata.gLED_rgbClockConfig)
                  000046a4    00000003     ti_msp_dl_config.o (.rodata.gTIMER_MSClockConfig)
                  000046a7    00000003     ti_msp_dl_config.o (.rodata.gTIMER_QEIClockConfig)
                  000046aa    00000006     --HOLE-- [fill = 0]

.init_array 
*          0    00000000    00000000     UNINITIALIZED

.binit     0    00000000    00000000     

.data      0    20200000    00000436     UNINITIALIZED
                  20200000    00000400     OLED13.o (.data.OLED_GRAM)
                  20200400    00000004     empty.o (.data.Ex_cnt)
                  20200404    00000004     libc.a : aeabi_portable.c.obj (.data.__aeabi_errno)
                  20200408    00000004     empty.o (.data.g_ms)
                  2020040c    00000004     empty.o (.data.keyPressTime)
                  20200410    00000004     empty.o (.data.keyTask.lastKeyTime)
                  20200414    00000004     empty.o (.data.lastQEITime)
                  20200418    00000004     empty.o (.data.lastQEIValue)
                  2020041c    00000004     empty.o (.data.lastRotTime)
                  20200420    00000004     empty.o (.data.qeiDirection)
                  20200424    00000004     empty.o (.data.qeiPeriod)
                  20200428    00000004     empty.o (.data.qeiPhaseLag_ms)
                  2020042c    00000003     empty.o (.data.rgb)
                  2020042f    00000001     empty.o (.data.colorIdx)
                  20200430    00000001     empty.o (.data.inSetMode)
                  20200431    00000001     empty.o (.data.keyLongDone)
                  20200432    00000001     empty.o (.data.keyPressed)
                  20200433    00000001     empty.o (.data.keyRising)
                  20200434    00000001     empty.o (.data.keyTask.lastStableState)
                  20200435    00000001     empty.o (.data.setStep)

.bss       0    20200438    00000218     UNINITIALIZED
                  20200438    000000bc     (.common:gCAPTURE_0Backup)
                  202004f4    000000bc     (.common:gLED_rgbBackup)
                  202005b0    000000a0     (.common:gTIMER_QEIBackup)

.stack     0    20207e00    00000200     UNINITIALIZED
                  20207e00    00000004     libc.a : boot_cortex_m.c.obj (.stack)
                  20207e04    000001fc     --HOLE--

__llvm_prf_cnts 
*          0    20200000    00000000     UNINITIALIZED

__llvm_prf_bits 
*          0    20200000    00000000     UNINITIALIZED

MODULE SUMMARY

       Module                         code    ro data   rw data
       ------                         ----    -------   -------
    .\
       I2C_GPIO_25a.o                 2910    0         0      
       OLED13.o                       1590    0         1024   
       empty.o                        1708    145       50     
       OLED_Font.o                    0       1712      0      
       ti_msp_dl_config.o             724     56        536    
       startup_mspm0g350x_ticlang.o   6       192       0      
    +--+------------------------------+-------+---------+---------+
       Total:                         6938    2105      1610   
                                                               
    D:/01soft/TI/mspmo_sdk/mspm0_sdk_2_06_00_05/source/ti/driverlib/lib/ticlang/m0p/mspm0g1x0x_g3x0x/driverlib.a
       dl_timer.o                     892     12        0      
       dl_common.o                    10      0         0      
    +--+------------------------------+-------+---------+---------+
       Total:                         902     12        0      
                                                               
    D:\01soft\TI\CSS\ccs\tools\compiler\ti-cgt-armllvm_3.2.2.LTS\lib\armv6m-ti-none-eabi/c/libc.a
       _printfi.c.obj                 4558    34        0      
       aeabi_ctype.S.obj              0       257       0      
       s_scalbn.c.obj                 216     0         0      
       memcpy16.S.obj                 154     0         0      
       snprintf.c.obj                 148     0         0      
       copy_decompress_lzss.c.obj     120     0         0      
       memset16.S.obj                 98      0         0      
       s_frexp.c.obj                  92      0         0      
       _ltoa.c.obj                    88      0         0      
       atoi.c.obj                     64      0         0      
       autoinit.c.obj                 60      0         0      
       boot_cortex_m.c.obj            40      0         0      
       memccpy.c.obj                  34      0         0      
       copy_zero_init.c.obj           22      0         0      
       copy_decompress_none.c.obj     18      0         0      
       wcslen.c.obj                   16      0         0      
       aeabi_portable.c.obj           8       0         4      
       exit.c.obj                     4       0         0      
       pre_init.c.obj                 4       0         0      
    +--+------------------------------+-------+---------+---------+
       Total:                         5744    291       4      
                                                               
    D:\01soft\TI\CSS\ccs\tools\compiler\ti-cgt-armllvm_3.2.2.LTS\lib\clang/15.0.7/lib/armv6m-ti-none-eabi/libclang_rt.builtins.a
       adddf3.S.obj                   418     0         0      
       divdf3.S.obj                   268     0         0      
       muldf3.S.obj                   228     0         0      
       comparedf2.c.obj               220     0         0      
       udivmoddi4.S.obj               162     0         0      
       mulsf3.S.obj                   140     0         0      
       aeabi_dcmp.S.obj               98      0         0      
       aeabi_idivmod.S.obj            86      0         0      
       fixdfsi.S.obj                  74      0         0      
       aeabi_uidivmod.S.obj           64      0         0      
       extendsfdf2.S.obj              64      0         0      
       muldsi3.S.obj                  58      0         0      
       floatsidf.S.obj                44      0         0      
       floatunsisf.S.obj              40      0         0      
       muldi3.S.obj                   36      0         0      
       ashldi3.S.obj                  30      0         0      
       aeabi_uldivmod.S.obj           20      0         0      
       aeabi_memset.S.obj             14      0         0      
       aeabi_memcpy.S.obj             8       0         0      
       aeabi_div0.c.obj               4       0         0      
    +--+------------------------------+-------+---------+---------+
       Total:                         2076    0         0      
                                                               
       Stack:                         0       0         512    
       Linker Generated:              0       48        0      
    +--+------------------------------+-------+---------+---------+
       Grand Total:                   15660   2456      2126   


LINKER GENERATED COPY TABLES

__TI_cinit_table @ 000046d0 records: 2, size/record: 8, table size: 16
	.data: load addr=000046b0, load size=0000000c bytes, run addr=20200000, run size=00000436 bytes, compression=lzss
	.bss: load addr=000046c8, load size=00000008 bytes, run addr=20200438, run size=00000218 bytes, compression=zero_init


LINKER GENERATED HANDLER TABLE

__TI_handler_table @ 000046bc records: 3, size/record: 4, table size: 12
	index: 0, handler: __TI_decompress_lzss
	index: 1, handler: __TI_decompress_none
	index: 2, handler: __TI_zero_init


FAR CALL TRAMPOLINES

callee name               trampoline name
   callee addr  tramp addr   call addr  call info
--------------  -----------  ---------  ----------------
__aeabi_dsub              $Tramp$TT$L$PI$$__aeabi_dsub
   00001f39     00003dc8     00003dc6   libc.a : _printfi.c.obj (.text.OUTLINED_FUNCTION_0)

[1 trampolines]
[1 trampoline calls]


GLOBAL SYMBOLS: SORTED ALPHABETICALLY BY Name 

address   name                            
-------   ----                            
000020cb  ADC0_IRQHandler                 
000020cb  ADC1_IRQHandler                 
000020cb  AES_IRQHandler                  
00003dfc  C$$EXIT                         
000020cb  CANFD0_IRQHandler               
000020cb  DAC0_IRQHandler                 
00003db5  DL_Common_delayCycles           
0000271d  DL_Timer_initCaptureMode        
00002a59  DL_Timer_initFourCCPWMMode      
00002b5d  DL_Timer_initTimerMode          
00003c95  DL_Timer_setCaptCompUpdateMethod
00003ccd  DL_Timer_setCaptureCompareOutCtl
00003d79  DL_Timer_setCaptureCompareValue 
00003cb1  DL_Timer_setClockConfig         
000020cb  DMA_IRQHandler                  
000020cb  Default_Handler                 
20200400  Ex_cnt                          
000044f1  Front_16x16Tab                  
00003e00  Front_16x8Tab                   
000020cb  GROUP0_IRQHandler               
000038c1  GROUP1_IRQHandler               
000020cb  HardFault_Handler               
000020cb  I2C0_IRQHandler                 
000020cb  I2C1_IRQHandler                 
000033c1  I2CB1_Init                      
000020cb  NMI_Handler                     
0000237d  OLED_Clear                      
20200000  OLED_GRAM                       
00002839  OLED_Init                       
00002231  OLED_Refresh                    
000020cd  OLED_ShowCHinese                
00002c59  OLED_ShowChar                   
00003a05  OLED_ShowString                 
00003d55  OLED_WR_Byte                    
000020cb  PendSV_Handler                  
000020cb  RTC_IRQHandler                  
00003df5  Reset_Handler                   
000020cb  SPI0_IRQHandler                 
000020cb  SPI1_IRQHandler                 
000020cb  SVC_Handler                     
00003b85  SYSCFG_DL_CAPTURE_0_init        
00003115  SYSCFG_DL_GPIO_init             
00002f05  SYSCFG_DL_LED_rgb_init          
00003af5  SYSCFG_DL_SYSCTL_init           
00003abd  SYSCFG_DL_TIMER_MS_init         
00003621  SYSCFG_DL_TIMER_QEI_init        
00003905  SYSCFG_DL_init                  
00003781  SYSCFG_DL_initPower             
000020cb  SysTick_Handler                 
000020cb  TIMA0_IRQHandler                
000020cb  TIMA1_IRQHandler                
000020cb  TIMG0_IRQHandler                
00003ce5  TIMG12_IRQHandler               
000020cb  TIMG6_IRQHandler                
000020cb  TIMG7_IRQHandler                
000020cb  TIMG8_IRQHandler                
000020cb  UART0_IRQHandler                
000020cb  UART1_IRQHandler                
000020cb  UART2_IRQHandler                
000020cb  UART3_IRQHandler                
0000105d  Write_IIC_Command               
000015cd  Write_IIC_Data                  
20208000  __STACK_END                     
00000200  __STACK_SIZE                    
00000000  __TI_ATRegion0_region_sz        
00000000  __TI_ATRegion0_src_addr         
00000000  __TI_ATRegion0_trg_addr         
00000000  __TI_ATRegion1_region_sz        
00000000  __TI_ATRegion1_src_addr         
00000000  __TI_ATRegion1_trg_addr         
00000000  __TI_ATRegion2_region_sz        
00000000  __TI_ATRegion2_src_addr         
00000000  __TI_ATRegion2_trg_addr         
000046d0  __TI_CINIT_Base                 
000046e0  __TI_CINIT_Limit                
000046e0  __TI_CINIT_Warm                 
000046bc  __TI_Handler_Table_Base         
000046c8  __TI_Handler_Table_Limit        
00003a45  __TI_auto_init_nobinit_nopinit  
000032d9  __TI_decompress_lzss            
00003d67  __TI_decompress_none            
00003679  __TI_ltoa                       
ffffffff  __TI_pprof_out_hndl             
000000c1  __TI_printfi                    
ffffffff  __TI_prof_data_size             
ffffffff  __TI_prof_data_start            
00000000  __TI_static_base__              
00003d15  __TI_zero_init_nomemset         
00001f43  __adddf3                        
000043f0  __aeabi_ctype_table_            
000043f0  __aeabi_ctype_table_C           
00003875  __aeabi_d2iz                    
00001f43  __aeabi_dadd                    
00003501  __aeabi_dcmpeq                  
0000353d  __aeabi_dcmpge                  
00003551  __aeabi_dcmpgt                  
00003529  __aeabi_dcmple                  
00003515  __aeabi_dcmplt                  
0000294d  __aeabi_ddiv                    
00002d49  __aeabi_dmul                    
00001f39  __aeabi_dsub                    
20200404  __aeabi_errno                   
00003de5  __aeabi_errno_addr              
00003985  __aeabi_f2d                     
0000324d  __aeabi_fmul                    
00003bb1  __aeabi_i2d                     
00003729  __aeabi_idiv                    
00003113  __aeabi_idiv0                   
00003729  __aeabi_idivmod                 
0000324b  __aeabi_ldiv0                   
00003c75  __aeabi_llsl                    
00003c2d  __aeabi_lmul                    
00003ded  __aeabi_memcpy                  
00003ded  __aeabi_memcpy4                 
00003ded  __aeabi_memcpy8                 
00003d99  __aeabi_memset                  
00003d99  __aeabi_memset4                 
00003d99  __aeabi_memset8                 
00003bdd  __aeabi_ui2f                    
00003945  __aeabi_uidiv                   
00003945  __aeabi_uidivmod                
00003d2d  __aeabi_uldivmod                
00003c75  __ashldi3                       
ffffffff  __binit__                       
0000342d  __cmpdf2                        
0000294d  __divdf3                        
0000342d  __eqdf2                         
00003985  __extendsfdf2                   
00003875  __fixdfsi                       
00003bb1  __floatsidf                     
00003bdd  __floatunsisf                   
00003351  __gedf2                         
00003351  __gtdf2                         
0000342d  __ledf2                         
0000342d  __ltdf2                         
UNDEFED   __mpu_init                      
00002d49  __muldf3                        
00003c2d  __muldi3                        
00003a81  __muldsi3                       
0000324d  __mulsf3                        
0000342d  __nedf2                         
20207e00  __stack                         
20200000  __start___llvm_prf_bits         
20200000  __start___llvm_prf_cnts         
20200000  __stop___llvm_prf_bits          
20200000  __stop___llvm_prf_cnts          
00001f39  __subdf3                        
00003071  __udivmoddi4                    
00003c05  _c_int00_noargs                 
UNDEFED   _system_post_cinit              
00003df9  _system_pre_init                
00003dfd  abort                           
000039c5  atoi                            
ffffffff  binit                           
000035c5  frexp                           
000035c5  frexpl                          
20200438  gCAPTURE_0Backup                
202004f4  gLED_rgbBackup                  
202005b0  gTIMER_QEIBackup                
20200408  g_ms                            
00000000  interruptVectors                
20200431  keyLongDone                     
2020040c  keyPressTime                    
20200432  keyPressed                      
20200433  keyRising                       
20200414  lastQEITime                     
20200418  lastQEIValue                    
00002e2d  ldexp                           
00002e2d  ldexpl                          
00000ac1  main                            
00003c51  memccpy                         
000031b1  memcpy                          
00003563  memset                          
20200420  qeiDirection                    
20200424  qeiPeriod                       
20200428  qeiPhaseLag_ms                  
00002e2d  scalbn                          
00002e2d  scalbnl                         
00003829  snprintf                        
00003d89  wcslen                          


GLOBAL SYMBOLS: SORTED BY Symbol Address 

address   name                            
-------   ----                            
00000000  __TI_ATRegion0_region_sz        
00000000  __TI_ATRegion0_src_addr         
00000000  __TI_ATRegion0_trg_addr         
00000000  __TI_ATRegion1_region_sz        
00000000  __TI_ATRegion1_src_addr         
00000000  __TI_ATRegion1_trg_addr         
00000000  __TI_ATRegion2_region_sz        
00000000  __TI_ATRegion2_src_addr         
00000000  __TI_ATRegion2_trg_addr         
00000000  __TI_static_base__              
00000000  interruptVectors                
000000c1  __TI_printfi                    
00000200  __STACK_SIZE                    
00000ac1  main                            
0000105d  Write_IIC_Command               
000015cd  Write_IIC_Data                  
00001f39  __aeabi_dsub                    
00001f39  __subdf3                        
00001f43  __adddf3                        
00001f43  __aeabi_dadd                    
000020cb  ADC0_IRQHandler                 
000020cb  ADC1_IRQHandler                 
000020cb  AES_IRQHandler                  
000020cb  CANFD0_IRQHandler               
000020cb  DAC0_IRQHandler                 
000020cb  DMA_IRQHandler                  
000020cb  Default_Handler                 
000020cb  GROUP0_IRQHandler               
000020cb  HardFault_Handler               
000020cb  I2C0_IRQHandler                 
000020cb  I2C1_IRQHandler                 
000020cb  NMI_Handler                     
000020cb  PendSV_Handler                  
000020cb  RTC_IRQHandler                  
000020cb  SPI0_IRQHandler                 
000020cb  SPI1_IRQHandler                 
000020cb  SVC_Handler                     
000020cb  SysTick_Handler                 
000020cb  TIMA0_IRQHandler                
000020cb  TIMA1_IRQHandler                
000020cb  TIMG0_IRQHandler                
000020cb  TIMG6_IRQHandler                
000020cb  TIMG7_IRQHandler                
000020cb  TIMG8_IRQHandler                
000020cb  UART0_IRQHandler                
000020cb  UART1_IRQHandler                
000020cb  UART2_IRQHandler                
000020cb  UART3_IRQHandler                
000020cd  OLED_ShowCHinese                
00002231  OLED_Refresh                    
0000237d  OLED_Clear                      
0000271d  DL_Timer_initCaptureMode        
00002839  OLED_Init                       
0000294d  __aeabi_ddiv                    
0000294d  __divdf3                        
00002a59  DL_Timer_initFourCCPWMMode      
00002b5d  DL_Timer_initTimerMode          
00002c59  OLED_ShowChar                   
00002d49  __aeabi_dmul                    
00002d49  __muldf3                        
00002e2d  ldexp                           
00002e2d  ldexpl                          
00002e2d  scalbn                          
00002e2d  scalbnl                         
00002f05  SYSCFG_DL_LED_rgb_init          
00003071  __udivmoddi4                    
00003113  __aeabi_idiv0                   
00003115  SYSCFG_DL_GPIO_init             
000031b1  memcpy                          
0000324b  __aeabi_ldiv0                   
0000324d  __aeabi_fmul                    
0000324d  __mulsf3                        
000032d9  __TI_decompress_lzss            
00003351  __gedf2                         
00003351  __gtdf2                         
000033c1  I2CB1_Init                      
0000342d  __cmpdf2                        
0000342d  __eqdf2                         
0000342d  __ledf2                         
0000342d  __ltdf2                         
0000342d  __nedf2                         
00003501  __aeabi_dcmpeq                  
00003515  __aeabi_dcmplt                  
00003529  __aeabi_dcmple                  
0000353d  __aeabi_dcmpge                  
00003551  __aeabi_dcmpgt                  
00003563  memset                          
000035c5  frexp                           
000035c5  frexpl                          
00003621  SYSCFG_DL_TIMER_QEI_init        
00003679  __TI_ltoa                       
00003729  __aeabi_idiv                    
00003729  __aeabi_idivmod                 
00003781  SYSCFG_DL_initPower             
00003829  snprintf                        
00003875  __aeabi_d2iz                    
00003875  __fixdfsi                       
000038c1  GROUP1_IRQHandler               
00003905  SYSCFG_DL_init                  
00003945  __aeabi_uidiv                   
00003945  __aeabi_uidivmod                
00003985  __aeabi_f2d                     
00003985  __extendsfdf2                   
000039c5  atoi                            
00003a05  OLED_ShowString                 
00003a45  __TI_auto_init_nobinit_nopinit  
00003a81  __muldsi3                       
00003abd  SYSCFG_DL_TIMER_MS_init         
00003af5  SYSCFG_DL_SYSCTL_init           
00003b85  SYSCFG_DL_CAPTURE_0_init        
00003bb1  __aeabi_i2d                     
00003bb1  __floatsidf                     
00003bdd  __aeabi_ui2f                    
00003bdd  __floatunsisf                   
00003c05  _c_int00_noargs                 
00003c2d  __aeabi_lmul                    
00003c2d  __muldi3                        
00003c51  memccpy                         
00003c75  __aeabi_llsl                    
00003c75  __ashldi3                       
00003c95  DL_Timer_setCaptCompUpdateMethod
00003cb1  DL_Timer_setClockConfig         
00003ccd  DL_Timer_setCaptureCompareOutCtl
00003ce5  TIMG12_IRQHandler               
00003d15  __TI_zero_init_nomemset         
00003d2d  __aeabi_uldivmod                
00003d55  OLED_WR_Byte                    
00003d67  __TI_decompress_none            
00003d79  DL_Timer_setCaptureCompareValue 
00003d89  wcslen                          
00003d99  __aeabi_memset                  
00003d99  __aeabi_memset4                 
00003d99  __aeabi_memset8                 
00003db5  DL_Common_delayCycles           
00003de5  __aeabi_errno_addr              
00003ded  __aeabi_memcpy                  
00003ded  __aeabi_memcpy4                 
00003ded  __aeabi_memcpy8                 
00003df5  Reset_Handler                   
00003df9  _system_pre_init                
00003dfc  C$$EXIT                         
00003dfd  abort                           
00003e00  Front_16x8Tab                   
000043f0  __aeabi_ctype_table_            
000043f0  __aeabi_ctype_table_C           
000044f1  Front_16x16Tab                  
000046bc  __TI_Handler_Table_Base         
000046c8  __TI_Handler_Table_Limit        
000046d0  __TI_CINIT_Base                 
000046e0  __TI_CINIT_Limit                
000046e0  __TI_CINIT_Warm                 
20200000  OLED_GRAM                       
20200000  __start___llvm_prf_bits         
20200000  __start___llvm_prf_cnts         
20200000  __stop___llvm_prf_bits          
20200000  __stop___llvm_prf_cnts          
20200400  Ex_cnt                          
20200404  __aeabi_errno                   
20200408  g_ms                            
2020040c  keyPressTime                    
20200414  lastQEITime                     
20200418  lastQEIValue                    
20200420  qeiDirection                    
20200424  qeiPeriod                       
20200428  qeiPhaseLag_ms                  
20200431  keyLongDone                     
20200432  keyPressed                      
20200433  keyRising                       
20200438  gCAPTURE_0Backup                
202004f4  gLED_rgbBackup                  
202005b0  gTIMER_QEIBackup                
20207e00  __stack                         
20208000  __STACK_END                     
ffffffff  __TI_pprof_out_hndl             
ffffffff  __TI_prof_data_size             
ffffffff  __TI_prof_data_start            
ffffffff  __binit__                       
ffffffff  binit                           
UNDEFED   __mpu_init                      
UNDEFED   _system_post_cinit              

[180 symbols]
