******************************************************************************
            TI ARM Clang Linker PC v3.2.2                      
******************************************************************************
>> Linked Thu Oct 30 12:21:38 2025

OUTPUT FILE NAME:   <37520232205086_Button_MSPM0G3507_nortos_ticlang.out>
ENTRY POINT SYMBOL: "_c_int00_noargs"  address: 00003bad


MEMORY CONFIGURATION

         name            origin    length      used     unused   attr    fill
----------------------  --------  ---------  --------  --------  ----  --------
  FLASH                 00000000   00020000  00004688  0001b978  R  X
  SRAM                  20200000   00008000  0000084e  000077b2  RW X
  BCR_CONFIG            41c00000   000000ff  00000000  000000ff  R   
  BSL_CONFIG            41c00100   00000080  00000000  00000080  R   


SEGMENT ALLOCATION MAP

run origin  load origin   length   init length attrs members
----------  ----------- ---------- ----------- ----- -------
00000000    00000000    00003da8   00003da8    r-x
  00000000    00000000    000000c0   000000c0    r-- .intvecs
  000000c0    000000c0    00003ce8   00003ce8    r-x .text
00003db0    00003db0    000008e0   000008e0    r--
  00003db0    00003db0    000008b0   000008b0    r-- .rodata
  00004660    00004660    00000030   00000030    r-- .cinit
20200000    20200000    00000650   00000000    rw-
  20200000    20200000    00000436   00000000    rw- .data
  20200438    20200438    00000218   00000000    rw- .bss
20207e00    20207e00    00000200   00000000    rw-
  20207e00    20207e00    00000200   00000000    rw- .stack


SECTION ALLOCATION MAP

 output                                  attributes/
section   page    origin      length       input sections
--------  ----  ----------  ----------   ----------------
.intvecs   0    00000000    000000c0     
                  00000000    000000c0     startup_mspm0g350x_ticlang.o (.intvecs)

.text      0    000000c0    00003ce8     
                  000000c0    00000a00     libc.a : _printfi.c.obj (.text:__TI_printfi)
                  00000ac0    00000570     I2C_GPIO_25a.o (.text.Write_IIC_Command)
                  00001030    00000570     I2C_GPIO_25a.o (.text.Write_IIC_Data)
                  000015a0    00000518     empty.o (.text.main)
                  00001ab8    00000220     libc.a : _printfi.c.obj (.text._pconv_a)
                  00001cd8    000001dc            : _printfi.c.obj (.text._pconv_g)
                  00001eb4    00000192     libclang_rt.builtins.a : adddf3.S.obj (.text.adddf3_subdf3)
                  00002046    00000002     startup_mspm0g350x_ticlang.o (.text.Default_Handler)
                  00002048    00000164     OLED13.o (.text.OLED_ShowCHinese)
                  000021ac    0000014c     OLED13.o (.text.OLED_Refresh)
                  000022f8    00000144     OLED13.o (.text.OLED_Clear)
                  0000243c    0000013c     libc.a : _printfi.c.obj (.text.fcvt)
                  00002578    00000120            : _printfi.c.obj (.text._pconv_e)
                  00002698    0000011c     driverlib.a : dl_timer.o (.text.DL_Timer_initCaptureMode)
                  000027b4    00000114     OLED13.o (.text.OLED_Init)
                  000028c8    0000010c     libclang_rt.builtins.a : divdf3.S.obj (.text.__divdf3)
                  000029d4    00000104     driverlib.a : dl_timer.o (.text.DL_Timer_initFourCCPWMMode)
                  00002ad8    000000fc                 : dl_timer.o (.text.DL_Timer_initTimerMode)
                  00002bd4    000000f0     OLED13.o (.text.OLED_ShowChar)
                  00002cc4    000000e4     libclang_rt.builtins.a : muldf3.S.obj (.text.__muldf3)
                  00002da8    000000e0     empty.o (.text.enterSetMode)
                  00002e88    000000d8     libc.a : s_scalbn.c.obj (.text.scalbn)
                  00002f60    000000b8     ti_msp_dl_config.o (.text.SYSCFG_DL_LED_rgb_init)
                  00003018    000000a2     libclang_rt.builtins.a : udivmoddi4.S.obj (.text)
                  000030ba    00000002                            : aeabi_div0.c.obj (.text.__aeabi_idiv0)
                  000030bc    0000009c     ti_msp_dl_config.o (.text.SYSCFG_DL_GPIO_init)
                  00003158    0000009a     libc.a : memcpy16.S.obj (.text:memcpy)
                  000031f2    00000002     libclang_rt.builtins.a : aeabi_div0.c.obj (.text.__aeabi_ldiv0)
                  000031f4    0000008c                            : mulsf3.S.obj (.text.__mulsf3)
                  00003280    00000078     libc.a : copy_decompress_lzss.c.obj (.text:decompress:lzss)
                  000032f8    00000070     libclang_rt.builtins.a : comparedf2.c.obj (.text.__gedf2)
                  00003368    0000006c     I2C_GPIO_25a.o (.text.I2CB1_Init)
                  000033d4    0000006c     libclang_rt.builtins.a : comparedf2.c.obj (.text.__ledf2)
                  00003440    00000066     libc.a : _printfi.c.obj (.text._mcpy)
                  000034a6    00000002     --HOLE-- [fill = 0]
                  000034a8    00000062     libclang_rt.builtins.a : aeabi_dcmp.S.obj (.text.__aeabi_dcmp)
                  0000350a    00000062     libc.a : memset16.S.obj (.text:memset)
                  0000356c    0000005c            : s_frexp.c.obj (.text.frexp)
                  000035c8    00000058     ti_msp_dl_config.o (.text.SYSCFG_DL_TIMER_QEI_init)
                  00003620    00000058     libc.a : _ltoa.c.obj (.text.__TI_ltoa)
                  00003678    00000058            : _printfi.c.obj (.text._pconv_f)
                  000036d0    00000056     libclang_rt.builtins.a : aeabi_idivmod.S.obj (.text.__aeabi_idivmod)
                  00003726    00000002     --HOLE-- [fill = 0]
                  00003728    00000054     ti_msp_dl_config.o (.text.SYSCFG_DL_initPower)
                  0000377c    00000052     libc.a : _printfi.c.obj (.text._ecpy)
                  000037ce    00000002     --HOLE-- [fill = 0]
                  000037d0    0000004c            : snprintf.c.obj (.text.snprintf)
                  0000381c    0000004a     libclang_rt.builtins.a : fixdfsi.S.obj (.text.__fixdfsi)
                  00003866    00000002     --HOLE-- [fill = 0]
                  00003868    00000044     empty.o (.text.GROUP1_IRQHandler)
                  000038ac    00000040     ti_msp_dl_config.o (.text.SYSCFG_DL_init)
                  000038ec    00000040     libclang_rt.builtins.a : aeabi_uidivmod.S.obj (.text.__aeabi_uidivmod)
                  0000392c    00000040                            : extendsfdf2.S.obj (.text.__extendsfdf2)
                  0000396c    00000040     libc.a : atoi.c.obj (.text.atoi)
                  000039ac    0000003e     OLED13.o (.text.OLED_ShowString)
                  000039ea    00000002     --HOLE-- [fill = 0]
                  000039ec    0000003c     libc.a : autoinit.c.obj (.text:__TI_auto_init_nobinit_nopinit)
                  00003a28    0000003a     libclang_rt.builtins.a : muldsi3.S.obj (.text.__muldsi3)
                  00003a62    00000002     --HOLE-- [fill = 0]
                  00003a64    00000038     ti_msp_dl_config.o (.text.SYSCFG_DL_TIMER_MS_init)
                  00003a9c    00000030     ti_msp_dl_config.o (.text.SYSCFG_DL_SYSCTL_init)
                  00003acc    00000030     libc.a : _printfi.c.obj (.text._fcpy)
                  00003afc    00000030            : snprintf.c.obj (.text._outs)
                  00003b2c    0000002c     ti_msp_dl_config.o (.text.SYSCFG_DL_CAPTURE_0_init)
                  00003b58    0000002c     libclang_rt.builtins.a : floatsidf.S.obj (.text.__floatsidf)
                  00003b84    00000028                            : floatunsisf.S.obj (.text.__floatunsisf)
                  00003bac    00000028     libc.a : boot_cortex_m.c.obj (.text:_c_int00_noargs)
                  00003bd4    00000024     libclang_rt.builtins.a : muldi3.S.obj (.text.__muldi3)
                  00003bf8    00000022     libc.a : memccpy.c.obj (.text.memccpy)
                  00003c1a    00000002     --HOLE-- [fill = 0]
                  00003c1c    0000001e     libclang_rt.builtins.a : ashldi3.S.obj (.text.__ashldi3)
                  00003c3a    00000002     --HOLE-- [fill = 0]
                  00003c3c    0000001c     driverlib.a : dl_timer.o (.text.DL_Timer_setCaptCompUpdateMethod)
                  00003c58    0000001c                 : dl_timer.o (.text.DL_Timer_setClockConfig)
                  00003c74    00000018                 : dl_timer.o (.text.DL_Timer_setCaptureCompareOutCtl)
                  00003c8c    00000018     empty.o (.text.TIMG12_IRQHandler)
                  00003ca4    00000018     libc.a : snprintf.c.obj (.text._outc)
                  00003cbc    00000016            : copy_zero_init.c.obj (.text:decompress:ZI:__TI_zero_init_nomemset)
                  00003cd2    00000002     --HOLE-- [fill = 0]
                  00003cd4    00000014     libclang_rt.builtins.a : aeabi_uldivmod.S.obj (.text.__aeabi_uldivmod)
                  00003ce8    00000014     libc.a : _printfi.c.obj (.text.strchr)
                  00003cfc    00000012     I2C_GPIO_25a.o (.text.OLED_WR_Byte)
                  00003d0e    00000012     libc.a : copy_decompress_none.c.obj (.text:decompress:none)
                  00003d20    00000010     driverlib.a : dl_timer.o (.text.DL_Timer_setCaptureCompareValue)
                  00003d30    00000010     libc.a : wcslen.c.obj (.text.wcslen)
                  00003d40    0000000e     libclang_rt.builtins.a : aeabi_memset.S.obj (.text.__aeabi_memset)
                  00003d4e    0000000e     libc.a : _printfi.c.obj (.text.strlen)
                  00003d5c    0000000a     driverlib.a : dl_common.o (.text.DL_Common_delayCycles)
                  00003d66    0000000a     libc.a : _printfi.c.obj (.text.OUTLINED_FUNCTION_0)
                  00003d70    00000010     libclang_rt.builtins.a : adddf3.S.obj (.tramp.__aeabi_dsub.1)
                  00003d80    0000000a     libc.a : _printfi.c.obj (.text.OUTLINED_FUNCTION_1)
                  00003d8a    00000002     --HOLE-- [fill = 0]
                  00003d8c    00000008            : aeabi_portable.c.obj (.text.__aeabi_errno_addr)
                  00003d94    00000008     libclang_rt.builtins.a : aeabi_memcpy.S.obj (.text.__aeabi_memcpy)
                  00003d9c    00000004     startup_mspm0g350x_ticlang.o (.text.Reset_Handler)
                  00003da0    00000004     libc.a : pre_init.c.obj (.text._system_pre_init)
                  00003da4    00000004            : exit.c.obj (.text:abort)

.cinit     0    00004660    00000030     
                  00004660    0000000c     (.cinit..data.load) [load image, compression = lzss]
                  0000466c    0000000c     (__TI_handler_table)
                  00004678    00000008     (.cinit..bss.load) [load image, compression = zero_init]
                  00004680    00000010     (__TI_cinit_table)

.rodata    0    00003db0    000008b0     
                  00003db0    000005f0     OLED_Font.o (.rodata.Front_16x8Tab)
                  000043a0    00000101     libc.a : aeabi_ctype.S.obj (.rodata:__aeabi_ctype_table_)
                  000044a1    000000c0     OLED_Font.o (.rodata.Front_16x16Tab)
                  00004561    00000003     ti_msp_dl_config.o (.rodata.gCAPTURE_0ClockConfig)
                  00004564    00000014     ti_msp_dl_config.o (.rodata.gTIMER_MSTimerConfig)
                  00004578    00000011     libc.a : _printfi.c.obj (.rodata.str1.11645776875810915891)
                  00004589    00000011            : _printfi.c.obj (.rodata.str1.44690500295887128011)
                  0000459a    00000002     --HOLE-- [fill = 0]
                  0000459c    00000010     ti_msp_dl_config.o (.rodata.gCAPTURE_0CaptureConfig)
                  000045ac    00000010     empty.o (.rodata.str1.31620259236998402651)
                  000045bc    0000000f     empty.o (.rodata.str1.155434919592598141311)
                  000045cb    0000000f     empty.o (.rodata.str1.7130503275715014631)
                  000045da    0000000e     empty.o (.rodata.str1.71922421787461555071)
                  000045e8    0000000c     driverlib.a : dl_timer.o (.rodata..Lswitch.table.DL_Timer_initCompareMode)
                  000045f4    0000000c     empty.o (.rodata.str1.134592517678206718851)
                  00004600    0000000c     empty.o (.rodata.str1.162906114796922795351)
                  0000460c    0000000c     empty.o (.rodata.str1.77532711950248832531)
                  00004618    0000000a     empty.o (.rodata.str1.161173632875555205051)
                  00004622    0000000a     empty.o (.rodata.str1.23730775619209645351)
                  0000462c    00000008     ti_msp_dl_config.o (.rodata.gLED_rgbConfig)
                  00004634    00000007     empty.o (.rodata.str1.122744192048143189441)
                  0000463b    00000007     empty.o (.rodata.str1.62536263040008563141)
                  00004642    00000005     empty.o (.rodata.str1.92454112862644078121)
                  00004647    00000004     empty.o (.rodata.str1.130542305227401186901)
                  0000464b    00000003     ti_msp_dl_config.o (.rodata.gLED_rgbClockConfig)
                  0000464e    00000003     ti_msp_dl_config.o (.rodata.gTIMER_MSClockConfig)
                  00004651    00000003     ti_msp_dl_config.o (.rodata.gTIMER_QEIClockConfig)
                  00004654    0000000c     --HOLE-- [fill = 0]

.init_array 
*          0    00000000    00000000     UNINITIALIZED

.binit     0    00000000    00000000     

.data      0    20200000    00000436     UNINITIALIZED
                  20200000    00000400     OLED13.o (.data.OLED_GRAM)
                  20200400    00000004     empty.o (.data.Ex_cnt)
                  20200404    00000004     libc.a : aeabi_portable.c.obj (.data.__aeabi_errno)
                  20200408    00000004     empty.o (.data.g_ms)
                  2020040c    00000004     empty.o (.data.keyPressTime)
                  20200410    00000004     empty.o (.data.keyTask.lastKeyTime)
                  20200414    00000004     empty.o (.data.lastQEITime)
                  20200418    00000004     empty.o (.data.lastQEIValue)
                  2020041c    00000004     empty.o (.data.lastRotTime)
                  20200420    00000004     empty.o (.data.qeiDirection)
                  20200424    00000004     empty.o (.data.qeiPeriod)
                  20200428    00000004     empty.o (.data.qeiPhaseLag_ms)
                  2020042c    00000003     empty.o (.data.rgb)
                  2020042f    00000001     empty.o (.data.colorIdx)
                  20200430    00000001     empty.o (.data.inSetMode)
                  20200431    00000001     empty.o (.data.keyLongDone)
                  20200432    00000001     empty.o (.data.keyPressed)
                  20200433    00000001     empty.o (.data.keyRising)
                  20200434    00000001     empty.o (.data.keyTask.lastStableState)
                  20200435    00000001     empty.o (.data.setStep)

.bss       0    20200438    00000218     UNINITIALIZED
                  20200438    000000bc     (.common:gCAPTURE_0Backup)
                  202004f4    000000bc     (.common:gLED_rgbBackup)
                  202005b0    000000a0     (.common:gTIMER_QEIBackup)

.stack     0    20207e00    00000200     UNINITIALIZED
                  20207e00    00000004     libc.a : boot_cortex_m.c.obj (.stack)
                  20207e04    000001fc     --HOLE--

__llvm_prf_cnts 
*          0    20200000    00000000     UNINITIALIZED

__llvm_prf_bits 
*          0    20200000    00000000     UNINITIALIZED

MODULE SUMMARY

       Module                         code    ro data   rw data
       ------                         ----    -------   -------
    .\
       I2C_GPIO_25a.o                 2910    0         0      
       OLED13.o                       1590    0         1024   
       empty.o                        1620    139       50     
       OLED_Font.o                    0       1712      0      
       ti_msp_dl_config.o             724     56        536    
       startup_mspm0g350x_ticlang.o   6       192       0      
    +--+------------------------------+-------+---------+---------+
       Total:                         6850    2099      1610   
                                                               
    D:/01soft/TI/mspmo_sdk/mspm0_sdk_2_06_00_05/source/ti/driverlib/lib/ticlang/m0p/mspm0g1x0x_g3x0x/driverlib.a
       dl_timer.o                     892     12        0      
       dl_common.o                    10      0         0      
    +--+------------------------------+-------+---------+---------+
       Total:                         902     12        0      
                                                               
    D:\01soft\TI\CSS\ccs\tools\compiler\ti-cgt-armllvm_3.2.2.LTS\lib\armv6m-ti-none-eabi/c/libc.a
       _printfi.c.obj                 4558    34        0      
       aeabi_ctype.S.obj              0       257       0      
       s_scalbn.c.obj                 216     0         0      
       memcpy16.S.obj                 154     0         0      
       snprintf.c.obj                 148     0         0      
       copy_decompress_lzss.c.obj     120     0         0      
       memset16.S.obj                 98      0         0      
       s_frexp.c.obj                  92      0         0      
       _ltoa.c.obj                    88      0         0      
       atoi.c.obj                     64      0         0      
       autoinit.c.obj                 60      0         0      
       boot_cortex_m.c.obj            40      0         0      
       memccpy.c.obj                  34      0         0      
       copy_zero_init.c.obj           22      0         0      
       copy_decompress_none.c.obj     18      0         0      
       wcslen.c.obj                   16      0         0      
       aeabi_portable.c.obj           8       0         4      
       exit.c.obj                     4       0         0      
       pre_init.c.obj                 4       0         0      
    +--+------------------------------+-------+---------+---------+
       Total:                         5744    291       4      
                                                               
    D:\01soft\TI\CSS\ccs\tools\compiler\ti-cgt-armllvm_3.2.2.LTS\lib\clang/15.0.7/lib/armv6m-ti-none-eabi/libclang_rt.builtins.a
       adddf3.S.obj                   418     0         0      
       divdf3.S.obj                   268     0         0      
       muldf3.S.obj                   228     0         0      
       comparedf2.c.obj               220     0         0      
       udivmoddi4.S.obj               162     0         0      
       mulsf3.S.obj                   140     0         0      
       aeabi_dcmp.S.obj               98      0         0      
       aeabi_idivmod.S.obj            86      0         0      
       fixdfsi.S.obj                  74      0         0      
       aeabi_uidivmod.S.obj           64      0         0      
       extendsfdf2.S.obj              64      0         0      
       muldsi3.S.obj                  58      0         0      
       floatsidf.S.obj                44      0         0      
       floatunsisf.S.obj              40      0         0      
       muldi3.S.obj                   36      0         0      
       ashldi3.S.obj                  30      0         0      
       aeabi_uldivmod.S.obj           20      0         0      
       aeabi_memset.S.obj             14      0         0      
       aeabi_memcpy.S.obj             8       0         0      
       aeabi_div0.c.obj               4       0         0      
    +--+------------------------------+-------+---------+---------+
       Total:                         2076    0         0      
                                                               
       Stack:                         0       0         512    
       Linker Generated:              0       48        0      
    +--+------------------------------+-------+---------+---------+
       Grand Total:                   15572   2450      2126   


LINKER GENERATED COPY TABLES

__TI_cinit_table @ 00004680 records: 2, size/record: 8, table size: 16
	.data: load addr=00004660, load size=0000000c bytes, run addr=20200000, run size=00000436 bytes, compression=lzss
	.bss: load addr=00004678, load size=00000008 bytes, run addr=20200438, run size=00000218 bytes, compression=zero_init


LINKER GENERATED HANDLER TABLE

__TI_handler_table @ 0000466c records: 3, size/record: 4, table size: 12
	index: 0, handler: __TI_decompress_lzss
	index: 1, handler: __TI_decompress_none
	index: 2, handler: __TI_zero_init


FAR CALL TRAMPOLINES

callee name               trampoline name
   callee addr  tramp addr   call addr  call info
--------------  -----------  ---------  ----------------
__aeabi_dsub              $Tramp$TT$L$PI$$__aeabi_dsub
   00001eb5     00003d70     00003d6e   libc.a : _printfi.c.obj (.text.OUTLINED_FUNCTION_0)

[1 trampolines]
[1 trampoline calls]


GLOBAL SYMBOLS: SORTED ALPHABETICALLY BY Name 

address   name                            
-------   ----                            
00002047  ADC0_IRQHandler                 
00002047  ADC1_IRQHandler                 
00002047  AES_IRQHandler                  
00003da4  C$$EXIT                         
00002047  CANFD0_IRQHandler               
00002047  DAC0_IRQHandler                 
00003d5d  DL_Common_delayCycles           
00002699  DL_Timer_initCaptureMode        
000029d5  DL_Timer_initFourCCPWMMode      
00002ad9  DL_Timer_initTimerMode          
00003c3d  DL_Timer_setCaptCompUpdateMethod
00003c75  DL_Timer_setCaptureCompareOutCtl
00003d21  DL_Timer_setCaptureCompareValue 
00003c59  DL_Timer_setClockConfig         
00002047  DMA_IRQHandler                  
00002047  Default_Handler                 
20200400  Ex_cnt                          
000044a1  Front_16x16Tab                  
00003db0  Front_16x8Tab                   
00002047  GROUP0_IRQHandler               
00003869  GROUP1_IRQHandler               
00002047  HardFault_Handler               
00002047  I2C0_IRQHandler                 
00002047  I2C1_IRQHandler                 
00003369  I2CB1_Init                      
00002047  NMI_Handler                     
000022f9  OLED_Clear                      
20200000  OLED_GRAM                       
000027b5  OLED_Init                       
000021ad  OLED_Refresh                    
00002049  OLED_ShowCHinese                
00002bd5  OLED_ShowChar                   
000039ad  OLED_ShowString                 
00003cfd  OLED_WR_Byte                    
00002047  PendSV_Handler                  
00002047  RTC_IRQHandler                  
00003d9d  Reset_Handler                   
00002047  SPI0_IRQHandler                 
00002047  SPI1_IRQHandler                 
00002047  SVC_Handler                     
00003b2d  SYSCFG_DL_CAPTURE_0_init        
000030bd  SYSCFG_DL_GPIO_init             
00002f61  SYSCFG_DL_LED_rgb_init          
00003a9d  SYSCFG_DL_SYSCTL_init           
00003a65  SYSCFG_DL_TIMER_MS_init         
000035c9  SYSCFG_DL_TIMER_QEI_init        
000038ad  SYSCFG_DL_init                  
00003729  SYSCFG_DL_initPower             
00002047  SysTick_Handler                 
00002047  TIMA0_IRQHandler                
00002047  TIMA1_IRQHandler                
00002047  TIMG0_IRQHandler                
00003c8d  TIMG12_IRQHandler               
00002047  TIMG6_IRQHandler                
00002047  TIMG7_IRQHandler                
00002047  TIMG8_IRQHandler                
00002047  UART0_IRQHandler                
00002047  UART1_IRQHandler                
00002047  UART2_IRQHandler                
00002047  UART3_IRQHandler                
00000ac1  Write_IIC_Command               
00001031  Write_IIC_Data                  
20208000  __STACK_END                     
00000200  __STACK_SIZE                    
00000000  __TI_ATRegion0_region_sz        
00000000  __TI_ATRegion0_src_addr         
00000000  __TI_ATRegion0_trg_addr         
00000000  __TI_ATRegion1_region_sz        
00000000  __TI_ATRegion1_src_addr         
00000000  __TI_ATRegion1_trg_addr         
00000000  __TI_ATRegion2_region_sz        
00000000  __TI_ATRegion2_src_addr         
00000000  __TI_ATRegion2_trg_addr         
00004680  __TI_CINIT_Base                 
00004690  __TI_CINIT_Limit                
00004690  __TI_CINIT_Warm                 
0000466c  __TI_Handler_Table_Base         
00004678  __TI_Handler_Table_Limit        
000039ed  __TI_auto_init_nobinit_nopinit  
00003281  __TI_decompress_lzss            
00003d0f  __TI_decompress_none            
00003621  __TI_ltoa                       
ffffffff  __TI_pprof_out_hndl             
000000c1  __TI_printfi                    
ffffffff  __TI_prof_data_size             
ffffffff  __TI_prof_data_start            
00000000  __TI_static_base__              
00003cbd  __TI_zero_init_nomemset         
00001ebf  __adddf3                        
000043a0  __aeabi_ctype_table_            
000043a0  __aeabi_ctype_table_C           
0000381d  __aeabi_d2iz                    
00001ebf  __aeabi_dadd                    
000034a9  __aeabi_dcmpeq                  
000034e5  __aeabi_dcmpge                  
000034f9  __aeabi_dcmpgt                  
000034d1  __aeabi_dcmple                  
000034bd  __aeabi_dcmplt                  
000028c9  __aeabi_ddiv                    
00002cc5  __aeabi_dmul                    
00001eb5  __aeabi_dsub                    
20200404  __aeabi_errno                   
00003d8d  __aeabi_errno_addr              
0000392d  __aeabi_f2d                     
000031f5  __aeabi_fmul                    
00003b59  __aeabi_i2d                     
000036d1  __aeabi_idiv                    
000030bb  __aeabi_idiv0                   
000036d1  __aeabi_idivmod                 
000031f3  __aeabi_ldiv0                   
00003c1d  __aeabi_llsl                    
00003bd5  __aeabi_lmul                    
00003d95  __aeabi_memcpy                  
00003d95  __aeabi_memcpy4                 
00003d95  __aeabi_memcpy8                 
00003d41  __aeabi_memset                  
00003d41  __aeabi_memset4                 
00003d41  __aeabi_memset8                 
00003b85  __aeabi_ui2f                    
000038ed  __aeabi_uidiv                   
000038ed  __aeabi_uidivmod                
00003cd5  __aeabi_uldivmod                
00003c1d  __ashldi3                       
ffffffff  __binit__                       
000033d5  __cmpdf2                        
000028c9  __divdf3                        
000033d5  __eqdf2                         
0000392d  __extendsfdf2                   
0000381d  __fixdfsi                       
00003b59  __floatsidf                     
00003b85  __floatunsisf                   
000032f9  __gedf2                         
000032f9  __gtdf2                         
000033d5  __ledf2                         
000033d5  __ltdf2                         
UNDEFED   __mpu_init                      
00002cc5  __muldf3                        
00003bd5  __muldi3                        
00003a29  __muldsi3                       
000031f5  __mulsf3                        
000033d5  __nedf2                         
20207e00  __stack                         
20200000  __start___llvm_prf_bits         
20200000  __start___llvm_prf_cnts         
20200000  __stop___llvm_prf_bits          
20200000  __stop___llvm_prf_cnts          
00001eb5  __subdf3                        
00003019  __udivmoddi4                    
00003bad  _c_int00_noargs                 
UNDEFED   _system_post_cinit              
00003da1  _system_pre_init                
00003da5  abort                           
0000396d  atoi                            
ffffffff  binit                           
0000356d  frexp                           
0000356d  frexpl                          
20200438  gCAPTURE_0Backup                
202004f4  gLED_rgbBackup                  
202005b0  gTIMER_QEIBackup                
20200408  g_ms                            
00000000  interruptVectors                
20200431  keyLongDone                     
2020040c  keyPressTime                    
20200432  keyPressed                      
20200433  keyRising                       
20200414  lastQEITime                     
20200418  lastQEIValue                    
00002e89  ldexp                           
00002e89  ldexpl                          
000015a1  main                            
00003bf9  memccpy                         
00003159  memcpy                          
0000350b  memset                          
20200420  qeiDirection                    
20200424  qeiPeriod                       
20200428  qeiPhaseLag_ms                  
00002e89  scalbn                          
00002e89  scalbnl                         
000037d1  snprintf                        
00003d31  wcslen                          


GLOBAL SYMBOLS: SORTED BY Symbol Address 

address   name                            
-------   ----                            
00000000  __TI_ATRegion0_region_sz        
00000000  __TI_ATRegion0_src_addr         
00000000  __TI_ATRegion0_trg_addr         
00000000  __TI_ATRegion1_region_sz        
00000000  __TI_ATRegion1_src_addr         
00000000  __TI_ATRegion1_trg_addr         
00000000  __TI_ATRegion2_region_sz        
00000000  __TI_ATRegion2_src_addr         
00000000  __TI_ATRegion2_trg_addr         
00000000  __TI_static_base__              
00000000  interruptVectors                
000000c1  __TI_printfi                    
00000200  __STACK_SIZE                    
00000ac1  Write_IIC_Command               
00001031  Write_IIC_Data                  
000015a1  main                            
00001eb5  __aeabi_dsub                    
00001eb5  __subdf3                        
00001ebf  __adddf3                        
00001ebf  __aeabi_dadd                    
00002047  ADC0_IRQHandler                 
00002047  ADC1_IRQHandler                 
00002047  AES_IRQHandler                  
00002047  CANFD0_IRQHandler               
00002047  DAC0_IRQHandler                 
00002047  DMA_IRQHandler                  
00002047  Default_Handler                 
00002047  GROUP0_IRQHandler               
00002047  HardFault_Handler               
00002047  I2C0_IRQHandler                 
00002047  I2C1_IRQHandler                 
00002047  NMI_Handler                     
00002047  PendSV_Handler                  
00002047  RTC_IRQHandler                  
00002047  SPI0_IRQHandler                 
00002047  SPI1_IRQHandler                 
00002047  SVC_Handler                     
00002047  SysTick_Handler                 
00002047  TIMA0_IRQHandler                
00002047  TIMA1_IRQHandler                
00002047  TIMG0_IRQHandler                
00002047  TIMG6_IRQHandler                
00002047  TIMG7_IRQHandler                
00002047  TIMG8_IRQHandler                
00002047  UART0_IRQHandler                
00002047  UART1_IRQHandler                
00002047  UART2_IRQHandler                
00002047  UART3_IRQHandler                
00002049  OLED_ShowCHinese                
000021ad  OLED_Refresh                    
000022f9  OLED_Clear                      
00002699  DL_Timer_initCaptureMode        
000027b5  OLED_Init                       
000028c9  __aeabi_ddiv                    
000028c9  __divdf3                        
000029d5  DL_Timer_initFourCCPWMMode      
00002ad9  DL_Timer_initTimerMode          
00002bd5  OLED_ShowChar                   
00002cc5  __aeabi_dmul                    
00002cc5  __muldf3                        
00002e89  ldexp                           
00002e89  ldexpl                          
00002e89  scalbn                          
00002e89  scalbnl                         
00002f61  SYSCFG_DL_LED_rgb_init          
00003019  __udivmoddi4                    
000030bb  __aeabi_idiv0                   
000030bd  SYSCFG_DL_GPIO_init             
00003159  memcpy                          
000031f3  __aeabi_ldiv0                   
000031f5  __aeabi_fmul                    
000031f5  __mulsf3                        
00003281  __TI_decompress_lzss            
000032f9  __gedf2                         
000032f9  __gtdf2                         
00003369  I2CB1_Init                      
000033d5  __cmpdf2                        
000033d5  __eqdf2                         
000033d5  __ledf2                         
000033d5  __ltdf2                         
000033d5  __nedf2                         
000034a9  __aeabi_dcmpeq                  
000034bd  __aeabi_dcmplt                  
000034d1  __aeabi_dcmple                  
000034e5  __aeabi_dcmpge                  
000034f9  __aeabi_dcmpgt                  
0000350b  memset                          
0000356d  frexp                           
0000356d  frexpl                          
000035c9  SYSCFG_DL_TIMER_QEI_init        
00003621  __TI_ltoa                       
000036d1  __aeabi_idiv                    
000036d1  __aeabi_idivmod                 
00003729  SYSCFG_DL_initPower             
000037d1  snprintf                        
0000381d  __aeabi_d2iz                    
0000381d  __fixdfsi                       
00003869  GROUP1_IRQHandler               
000038ad  SYSCFG_DL_init                  
000038ed  __aeabi_uidiv                   
000038ed  __aeabi_uidivmod                
0000392d  __aeabi_f2d                     
0000392d  __extendsfdf2                   
0000396d  atoi                            
000039ad  OLED_ShowString                 
000039ed  __TI_auto_init_nobinit_nopinit  
00003a29  __muldsi3                       
00003a65  SYSCFG_DL_TIMER_MS_init         
00003a9d  SYSCFG_DL_SYSCTL_init           
00003b2d  SYSCFG_DL_CAPTURE_0_init        
00003b59  __aeabi_i2d                     
00003b59  __floatsidf                     
00003b85  __aeabi_ui2f                    
00003b85  __floatunsisf                   
00003bad  _c_int00_noargs                 
00003bd5  __aeabi_lmul                    
00003bd5  __muldi3                        
00003bf9  memccpy                         
00003c1d  __aeabi_llsl                    
00003c1d  __ashldi3                       
00003c3d  DL_Timer_setCaptCompUpdateMethod
00003c59  DL_Timer_setClockConfig         
00003c75  DL_Timer_setCaptureCompareOutCtl
00003c8d  TIMG12_IRQHandler               
00003cbd  __TI_zero_init_nomemset         
00003cd5  __aeabi_uldivmod                
00003cfd  OLED_WR_Byte                    
00003d0f  __TI_decompress_none            
00003d21  DL_Timer_setCaptureCompareValue 
00003d31  wcslen                          
00003d41  __aeabi_memset                  
00003d41  __aeabi_memset4                 
00003d41  __aeabi_memset8                 
00003d5d  DL_Common_delayCycles           
00003d8d  __aeabi_errno_addr              
00003d95  __aeabi_memcpy                  
00003d95  __aeabi_memcpy4                 
00003d95  __aeabi_memcpy8                 
00003d9d  Reset_Handler                   
00003da1  _system_pre_init                
00003da4  C$$EXIT                         
00003da5  abort                           
00003db0  Front_16x8Tab                   
000043a0  __aeabi_ctype_table_            
000043a0  __aeabi_ctype_table_C           
000044a1  Front_16x16Tab                  
0000466c  __TI_Handler_Table_Base         
00004678  __TI_Handler_Table_Limit        
00004680  __TI_CINIT_Base                 
00004690  __TI_CINIT_Limit                
00004690  __TI_CINIT_Warm                 
20200000  OLED_GRAM                       
20200000  __start___llvm_prf_bits         
20200000  __start___llvm_prf_cnts         
20200000  __stop___llvm_prf_bits          
20200000  __stop___llvm_prf_cnts          
20200400  Ex_cnt                          
20200404  __aeabi_errno                   
20200408  g_ms                            
2020040c  keyPressTime                    
20200414  lastQEITime                     
20200418  lastQEIValue                    
20200420  qeiDirection                    
20200424  qeiPeriod                       
20200428  qeiPhaseLag_ms                  
20200431  keyLongDone                     
20200432  keyPressed                      
20200433  keyRising                       
20200438  gCAPTURE_0Backup                
202004f4  gLED_rgbBackup                  
202005b0  gTIMER_QEIBackup                
20207e00  __stack                         
20208000  __STACK_END                     
ffffffff  __TI_pprof_out_hndl             
ffffffff  __TI_prof_data_size             
ffffffff  __TI_prof_data_start            
ffffffff  __binit__                       
ffffffff  binit                           
UNDEFED   __mpu_init                      
UNDEFED   _system_post_cinit              

[180 symbols]
