******************************************************************************
            TI ARM Clang Linker PC v3.2.2                      
******************************************************************************
>> Linked Sun Nov  2 12:42:03 2025

OUTPUT FILE NAME:   <37520232205086_Lab04_UART_nortos_ticlang.out>
ENTRY POINT SYMBOL: "_c_int00_noargs"  address: 0000171d


MEMORY CONFIGURATION

         name            origin    length      used     unused   attr    fill
----------------------  --------  ---------  --------  --------  ----  --------
  FLASH                 00000000   00020000  00001ee0  0001e120  R  X
  SRAM                  20200000   00008000  0000033a  00007cc6  RW X
  BCR_CONFIG            41c00000   000000ff  00000000  000000ff  R   
  BSL_CONFIG            41c00100   00000080  00000000  00000080  R   


SEGMENT ALLOCATION MAP

run origin  load origin   length   init length attrs members
----------  ----------- ---------- ----------- ----- -------
00000000    00000000    00001ee0   00001ee0    r-x
  00000000    00000000    000000c0   000000c0    r-- .intvecs
  000000c0    000000c0    00001758   00001758    r-x .text
  00001818    00001818    00000678   00000678    r-- .rodata
  00001e90    00001e90    00000050   00000050    r-- .cinit
20200000    20200000    0000013a   00000000    rw-
  20200000    20200000    000000fa   00000000    rw- .data
  202000fa    202000fa    00000040   00000000    rw- .bss
20207e00    20207e00    00000200   00000000    rw-
  20207e00    20207e00    00000200   00000000    rw- .stack


SECTION ALLOCATION MAP

 output                                  attributes/
section   page    origin      length       input sections
--------  ----  ----------  ----------   ----------------
.intvecs   0    00000000    000000c0     
                  00000000    000000c0     startup_mspm0g350x_ticlang.o (.intvecs)

.text      0    000000c0    00001758     
                  000000c0    00000570     I2C_GPIO_25a.o (.text.Write_IIC_Command)
                  00000630    00000570     I2C_GPIO_25a.o (.text.Write_IIC_Data)
                  00000ba0    00000284     libc.a : _printfi.c.obj (.text:__TI_printfi_minimal)
                  00000e24    0000016c     main_lab04.o (.text.main)
                  00000f90    00000114     OLED13.o (.text.OLED_Init)
                  000010a4    000000f0     OLED13.o (.text.OLED_ShowChar)
                  00001194    000000f0     main_lab04.o (.text.fputs)
                  00001284    0000009a     libc.a : memcpy16.S.obj (.text:memcpy)
                  0000131e    00000002     startup_mspm0g350x_ticlang.o (.text.Default_Handler)
                  00001320    00000078     libc.a : copy_decompress_lzss.c.obj (.text:decompress:lzss)
                  00001398    00000070     ti_msp_dl_config.o (.text.SYSCFG_DL_UART_0_init)
                  00001408    00000062     libc.a : memset16.S.obj (.text:memset)
                  0000146a    00000002     libclang_rt.builtins.a : aeabi_div0.c.obj (.text.__aeabi_idiv0)
                  0000146c    0000005c     libc.a : printf.c.obj (.text.printf)
                  000014c8    0000004c     main_lab04.o (.text.UART0_IRQHandler)
                  00001514    00000048     driverlib.a : dl_uart.o (.text.DL_UART_init)
                  0000155c    00000040     ti_msp_dl_config.o (.text.SYSCFG_DL_SYSCTL_init)
                  0000159c    00000040     libclang_rt.builtins.a : aeabi_uidivmod.S.obj (.text.__aeabi_uidivmod)
                  000015dc    0000003e     OLED13.o (.text.OLED_ShowString)
                  0000161a    00000002     libc.a : _lock.c.obj (.text._nop)
                  0000161c    0000003c            : autoinit.c.obj (.text:__TI_auto_init_nobinit_nopinit)
                  00001658    00000038     main_lab04.o (.text.fputc)
                  00001690    00000034     ti_msp_dl_config.o (.text.SYSCFG_DL_initPower)
                  000016c4    00000030     driverlib.a : dl_uart.o (.text.DL_UART_transmitDataBlocking)
                  000016f4    00000028     ti_msp_dl_config.o (.text.SYSCFG_DL_GPIO_init)
                  0000171c    00000028     libc.a : boot_cortex_m.c.obj (.text:_c_int00_noargs)
                  00001744    00000022            : memccpy.c.obj (.text.memccpy)
                  00001766    00000016            : copy_zero_init.c.obj (.text:decompress:ZI:__TI_zero_init_nomemset)
                  0000177c    00000014     ti_msp_dl_config.o (.text.SYSCFG_DL_init)
                  00001790    00000012     driverlib.a : dl_uart.o (.text.DL_UART_setClockConfig)
                  000017a2    00000012     I2C_GPIO_25a.o (.text.OLED_WR_Byte)
                  000017b4    00000012     libc.a : copy_decompress_none.c.obj (.text:decompress:none)
                  000017c6    00000002     --HOLE-- [fill = 0]
                  000017c8    0000000e     libclang_rt.builtins.a : aeabi_memset.S.obj (.text.__aeabi_memset)
                  000017d6    0000000e     libc.a : _printfi.c.obj (.text.strlen)
                  000017e4    0000000a     driverlib.a : dl_common.o (.text.DL_Common_delayCycles)
                  000017ee    00000002     --HOLE-- [fill = 0]
                  000017f0    00000008     libclang_rt.builtins.a : aeabi_memcpy.S.obj (.text.__aeabi_memcpy)
                  000017f8    00000008     libc.a : printf.c.obj (.text._outc)
                  00001800    00000008            : printf.c.obj (.text._outs)
                  00001808    00000004     startup_mspm0g350x_ticlang.o (.text.Reset_Handler)
                  0000180c    00000004     libc.a : pre_init.c.obj (.text._system_pre_init)
                  00001810    00000004            : exit.c.obj (.text:abort)
                  00001814    00000004     --HOLE-- [fill = 0]

.cinit     0    00001e90    00000050     
                  00001e90    0000002a     (.cinit..data.load) [load image, compression = lzss]
                  00001eba    00000002     --HOLE-- [fill = 0]
                  00001ebc    0000000c     (__TI_handler_table)
                  00001ec8    00000008     (.cinit..bss.load) [load image, compression = zero_init]
                  00001ed0    00000010     (__TI_cinit_table)

.rodata    0    00001818    00000678     
                  00001818    000005f0     OLED_Font.o (.rodata.Front_16x8Tab)
                  00001e08    00000014     main_lab04.o (.rodata.str1.159616836200968977974)
                  00001e1c    00000013     main_lab04.o (.rodata.str1.71253518691110430191)
                  00001e2f    00000011     main_lab04.o (.rodata.str1.147997810762025220221)
                  00001e40    00000011     libc.a : _printfi.c.obj (.rodata.str1.44690500295887128011)
                  00001e51    00000011     main_lab04.o (.rodata.str1.75729763627029776551)
                  00001e62    0000000c     main_lab04.o (.rodata.str1.43828451133505710371)
                  00001e6e    0000000a     ti_msp_dl_config.o (.rodata.gUART_0Config)
                  00001e78    0000000a     main_lab04.o (.rodata.str1.1025710060848252201)
                  00001e82    00000005     main_lab04.o (.rodata.str1.5960627026421211061)
                  00001e87    00000002     ti_msp_dl_config.o (.rodata.gUART_0ClockConfig)
                  00001e89    00000007     --HOLE-- [fill = 0]

.init_array 
*          0    00000000    00000000     UNINITIALIZED

.binit     0    00000000    00000000     

.data      0    20200000    000000fa     UNINITIALIZED
                  20200000    000000f0     libc.a : defs.c.obj (.data._ftable)
                  202000f0    00000004            : _lock.c.obj (.data._lock)
                  202000f4    00000004            : _lock.c.obj (.data._unlock)
                  202000f8    00000001     main_lab04.o (.data.rxCnt)
                  202000f9    00000001     main_lab04.o (.data.rxDone)

.bss       0    202000fa    00000040     UNINITIALIZED
                  202000fa    00000040     (.common:rxBuf)

.stack     0    20207e00    00000200     UNINITIALIZED
                  20207e00    00000004     libc.a : boot_cortex_m.c.obj (.stack)
                  20207e04    000001fc     --HOLE--

__llvm_prf_cnts 
*          0    20200000    00000000     UNINITIALIZED

__llvm_prf_bits 
*          0    20200000    00000000     UNINITIALIZED

MODULE SUMMARY

       Module                         code   ro data   rw data
       ------                         ----   -------   -------
    .\
       I2C_GPIO_25a.o                 2802   0         0      
       OLED_Font.o                    0      1520      0      
       main_lab04.o                   736    100       66     
       OLED13.o                       578    0         0      
       ti_msp_dl_config.o             288    12        0      
       startup_mspm0g350x_ticlang.o   6      192       0      
    +--+------------------------------+------+---------+---------+
       Total:                         4410   1824      66     
                                                              
    D:/01soft/TI/mspmo_sdk/mspm0_sdk_2_06_00_05/source/ti/driverlib/lib/ticlang/m0p/mspm0g1x0x_g3x0x/driverlib.a
       dl_uart.o                      138    0         0      
       dl_common.o                    10     0         0      
    +--+------------------------------+------+---------+---------+
       Total:                         148    0         0      
                                                              
    D:\01soft\TI\CSS\ccs\tools\compiler\ti-cgt-armllvm_3.2.2.LTS\lib\armv6m-ti-none-eabi/c/libc.a
       _printfi.c.obj                 658    17        0      
       defs.c.obj                     0      0         240    
       memcpy16.S.obj                 154    0         0      
       copy_decompress_lzss.c.obj     120    0         0      
       printf.c.obj                   108    0         0      
       memset16.S.obj                 98     0         0      
       autoinit.c.obj                 60     0         0      
       boot_cortex_m.c.obj            40     0         0      
       memccpy.c.obj                  34     0         0      
       copy_zero_init.c.obj           22     0         0      
       copy_decompress_none.c.obj     18     0         0      
       _lock.c.obj                    2      0         8      
       exit.c.obj                     4      0         0      
       pre_init.c.obj                 4      0         0      
    +--+------------------------------+------+---------+---------+
       Total:                         1322   17        248    
                                                              
    D:\01soft\TI\CSS\ccs\tools\compiler\ti-cgt-armllvm_3.2.2.LTS\lib\clang/15.0.7/lib/armv6m-ti-none-eabi/libclang_rt.builtins.a
       aeabi_uidivmod.S.obj           64     0         0      
       aeabi_memset.S.obj             14     0         0      
       aeabi_memcpy.S.obj             8      0         0      
       aeabi_div0.c.obj               2      0         0      
    +--+------------------------------+------+---------+---------+
       Total:                         88     0         0      
                                                              
       Stack:                         0      0         512    
       Linker Generated:              0      78        0      
    +--+------------------------------+------+---------+---------+
       Grand Total:                   5968   1919      826    


LINKER GENERATED COPY TABLES

__TI_cinit_table @ 00001ed0 records: 2, size/record: 8, table size: 16
	.data: load addr=00001e90, load size=0000002a bytes, run addr=20200000, run size=000000fa bytes, compression=lzss
	.bss: load addr=00001ec8, load size=00000008 bytes, run addr=202000fa, run size=00000040 bytes, compression=zero_init


LINKER GENERATED HANDLER TABLE

__TI_handler_table @ 00001ebc records: 3, size/record: 4, table size: 12
	index: 0, handler: __TI_decompress_lzss
	index: 1, handler: __TI_decompress_none
	index: 2, handler: __TI_zero_init


GLOBAL SYMBOLS: SORTED ALPHABETICALLY BY Name 

address   name                          
-------   ----                          
0000131f  ADC0_IRQHandler               
0000131f  ADC1_IRQHandler               
0000131f  AES_IRQHandler                
00001810  C$$EXIT                       
0000131f  CANFD0_IRQHandler             
0000131f  DAC0_IRQHandler               
000017e5  DL_Common_delayCycles         
00001515  DL_UART_init                  
00001791  DL_UART_setClockConfig        
000016c5  DL_UART_transmitDataBlocking  
0000131f  DMA_IRQHandler                
0000131f  Default_Handler               
00001818  Front_16x8Tab                 
0000131f  GROUP0_IRQHandler             
0000131f  GROUP1_IRQHandler             
0000131f  HardFault_Handler             
0000131f  I2C0_IRQHandler               
0000131f  I2C1_IRQHandler               
0000131f  NMI_Handler                   
00000f91  OLED_Init                     
000010a5  OLED_ShowChar                 
000015dd  OLED_ShowString               
000017a3  OLED_WR_Byte                  
0000131f  PendSV_Handler                
0000131f  RTC_IRQHandler                
00001809  Reset_Handler                 
0000131f  SPI0_IRQHandler               
0000131f  SPI1_IRQHandler               
0000131f  SVC_Handler                   
000016f5  SYSCFG_DL_GPIO_init           
0000155d  SYSCFG_DL_SYSCTL_init         
00001399  SYSCFG_DL_UART_0_init         
0000177d  SYSCFG_DL_init                
00001691  SYSCFG_DL_initPower           
0000131f  SysTick_Handler               
0000131f  TIMA0_IRQHandler              
0000131f  TIMA1_IRQHandler              
0000131f  TIMG0_IRQHandler              
0000131f  TIMG12_IRQHandler             
0000131f  TIMG6_IRQHandler              
0000131f  TIMG7_IRQHandler              
0000131f  TIMG8_IRQHandler              
000014c9  UART0_IRQHandler              
0000131f  UART1_IRQHandler              
0000131f  UART2_IRQHandler              
0000131f  UART3_IRQHandler              
000000c1  Write_IIC_Command             
00000631  Write_IIC_Data                
20208000  __STACK_END                   
00000200  __STACK_SIZE                  
00000000  __TI_ATRegion0_region_sz      
00000000  __TI_ATRegion0_src_addr       
00000000  __TI_ATRegion0_trg_addr       
00000000  __TI_ATRegion1_region_sz      
00000000  __TI_ATRegion1_src_addr       
00000000  __TI_ATRegion1_trg_addr       
00000000  __TI_ATRegion2_region_sz      
00000000  __TI_ATRegion2_src_addr       
00000000  __TI_ATRegion2_trg_addr       
00001ed0  __TI_CINIT_Base               
00001ee0  __TI_CINIT_Limit              
00001ee0  __TI_CINIT_Warm               
00001ebc  __TI_Handler_Table_Base       
00001ec8  __TI_Handler_Table_Limit      
0000161d  __TI_auto_init_nobinit_nopinit
00001321  __TI_decompress_lzss          
000017b5  __TI_decompress_none          
ffffffff  __TI_pprof_out_hndl           
00000ba1  __TI_printfi_minimal          
ffffffff  __TI_prof_data_size           
ffffffff  __TI_prof_data_start          
00000000  __TI_static_base__            
00001767  __TI_zero_init_nomemset       
0000146b  __aeabi_idiv0                 
000017f1  __aeabi_memcpy                
000017f1  __aeabi_memcpy4               
000017f1  __aeabi_memcpy8               
000017c9  __aeabi_memset                
000017c9  __aeabi_memset4               
000017c9  __aeabi_memset8               
0000159d  __aeabi_uidiv                 
0000159d  __aeabi_uidivmod              
ffffffff  __binit__                     
UNDEFED   __mpu_init                    
20207e00  __stack                       
20200000  __start___llvm_prf_bits       
20200000  __start___llvm_prf_cnts       
20200000  __stop___llvm_prf_bits        
20200000  __stop___llvm_prf_cnts        
0000171d  _c_int00_noargs               
20200000  _ftable                       
202000f0  _lock                         
0000161b  _nop                          
UNDEFED   _system_post_cinit            
0000180d  _system_pre_init              
202000f4  _unlock                       
00001811  abort                         
ffffffff  binit                         
00001659  fputc                         
00001195  fputs                         
00000000  interruptVectors              
00000e25  main                          
00001745  memccpy                       
00001285  memcpy                        
00001409  memset                        
0000146d  printf                        
202000fa  rxBuf                         
202000f8  rxCnt                         
202000f9  rxDone                        


GLOBAL SYMBOLS: SORTED BY Symbol Address 

address   name                          
-------   ----                          
00000000  __TI_ATRegion0_region_sz      
00000000  __TI_ATRegion0_src_addr       
00000000  __TI_ATRegion0_trg_addr       
00000000  __TI_ATRegion1_region_sz      
00000000  __TI_ATRegion1_src_addr       
00000000  __TI_ATRegion1_trg_addr       
00000000  __TI_ATRegion2_region_sz      
00000000  __TI_ATRegion2_src_addr       
00000000  __TI_ATRegion2_trg_addr       
00000000  __TI_static_base__            
00000000  interruptVectors              
000000c1  Write_IIC_Command             
00000200  __STACK_SIZE                  
00000631  Write_IIC_Data                
00000ba1  __TI_printfi_minimal          
00000e25  main                          
00000f91  OLED_Init                     
000010a5  OLED_ShowChar                 
00001195  fputs                         
00001285  memcpy                        
0000131f  ADC0_IRQHandler               
0000131f  ADC1_IRQHandler               
0000131f  AES_IRQHandler                
0000131f  CANFD0_IRQHandler             
0000131f  DAC0_IRQHandler               
0000131f  DMA_IRQHandler                
0000131f  Default_Handler               
0000131f  GROUP0_IRQHandler             
0000131f  GROUP1_IRQHandler             
0000131f  HardFault_Handler             
0000131f  I2C0_IRQHandler               
0000131f  I2C1_IRQHandler               
0000131f  NMI_Handler                   
0000131f  PendSV_Handler                
0000131f  RTC_IRQHandler                
0000131f  SPI0_IRQHandler               
0000131f  SPI1_IRQHandler               
0000131f  SVC_Handler                   
0000131f  SysTick_Handler               
0000131f  TIMA0_IRQHandler              
0000131f  TIMA1_IRQHandler              
0000131f  TIMG0_IRQHandler              
0000131f  TIMG12_IRQHandler             
0000131f  TIMG6_IRQHandler              
0000131f  TIMG7_IRQHandler              
0000131f  TIMG8_IRQHandler              
0000131f  UART1_IRQHandler              
0000131f  UART2_IRQHandler              
0000131f  UART3_IRQHandler              
00001321  __TI_decompress_lzss          
00001399  SYSCFG_DL_UART_0_init         
00001409  memset                        
0000146b  __aeabi_idiv0                 
0000146d  printf                        
000014c9  UART0_IRQHandler              
00001515  DL_UART_init                  
0000155d  SYSCFG_DL_SYSCTL_init         
0000159d  __aeabi_uidiv                 
0000159d  __aeabi_uidivmod              
000015dd  OLED_ShowString               
0000161b  _nop                          
0000161d  __TI_auto_init_nobinit_nopinit
00001659  fputc                         
00001691  SYSCFG_DL_initPower           
000016c5  DL_UART_transmitDataBlocking  
000016f5  SYSCFG_DL_GPIO_init           
0000171d  _c_int00_noargs               
00001745  memccpy                       
00001767  __TI_zero_init_nomemset       
0000177d  SYSCFG_DL_init                
00001791  DL_UART_setClockConfig        
000017a3  OLED_WR_Byte                  
000017b5  __TI_decompress_none          
000017c9  __aeabi_memset                
000017c9  __aeabi_memset4               
000017c9  __aeabi_memset8               
000017e5  DL_Common_delayCycles         
000017f1  __aeabi_memcpy                
000017f1  __aeabi_memcpy4               
000017f1  __aeabi_memcpy8               
00001809  Reset_Handler                 
0000180d  _system_pre_init              
00001810  C$$EXIT                       
00001811  abort                         
00001818  Front_16x8Tab                 
00001ebc  __TI_Handler_Table_Base       
00001ec8  __TI_Handler_Table_Limit      
00001ed0  __TI_CINIT_Base               
00001ee0  __TI_CINIT_Limit              
00001ee0  __TI_CINIT_Warm               
20200000  __start___llvm_prf_bits       
20200000  __start___llvm_prf_cnts       
20200000  __stop___llvm_prf_bits        
20200000  __stop___llvm_prf_cnts        
20200000  _ftable                       
202000f0  _lock                         
202000f4  _unlock                       
202000f8  rxCnt                         
202000f9  rxDone                        
202000fa  rxBuf                         
20207e00  __stack                       
20208000  __STACK_END                   
ffffffff  __TI_pprof_out_hndl           
ffffffff  __TI_prof_data_size           
ffffffff  __TI_prof_data_start          
ffffffff  __binit__                     
ffffffff  binit                         
UNDEFED   __mpu_init                    
UNDEFED   _system_post_cinit            

[109 symbols]
