******************************************************************************
            TI ARM Clang Linker PC v3.2.2                      
******************************************************************************
>> Linked Thu Oct 30 00:01:46 2025

OUTPUT FILE NAME:   <37520232205086_Button_MSPM0G3507_nortos_ticlang.out>
ENTRY POINT SYMBOL: "_c_int00_noargs"  address: 00003b15


MEMORY CONFIGURATION

         name            origin    length      used     unused   attr    fill
----------------------  --------  ---------  --------  --------  ----  --------
  FLASH                 00000000   00020000  000045f0  0001ba10  R  X
  SRAM                  20200000   00008000  00000845  000077bb  RW X
  BCR_CONFIG            41c00000   000000ff  00000000  000000ff  R   
  BSL_CONFIG            41c00100   00000080  00000000  00000080  R   


SEGMENT ALLOCATION MAP

run origin  load origin   length   init length attrs members
----------  ----------- ---------- ----------- ----- -------
00000000    00000000    000045f0   000045f0    r-x
  00000000    00000000    000000c0   000000c0    r-- .intvecs
  000000c0    000000c0    00003c50   00003c50    r-x .text
  00003d10    00003d10    000008b0   000008b0    r-- .rodata
  000045c0    000045c0    00000030   00000030    r-- .cinit
20200000    20200000    00000648   00000000    rw-
  20200000    20200000    0000042d   00000000    rw- .data
  20200430    20200430    00000218   00000000    rw- .bss
20207e00    20207e00    00000200   00000000    rw-
  20207e00    20207e00    00000200   00000000    rw- .stack


SECTION ALLOCATION MAP

 output                                  attributes/
section   page    origin      length       input sections
--------  ----  ----------  ----------   ----------------
.intvecs   0    00000000    000000c0     
                  00000000    000000c0     startup_mspm0g350x_ticlang.o (.intvecs)

.text      0    000000c0    00003c50     
                  000000c0    00000a00     libc.a : _printfi.c.obj (.text:__TI_printfi)
                  00000ac0    00000570     I2C_GPIO_25a.o (.text.Write_IIC_Command)
                  00001030    00000570     I2C_GPIO_25a.o (.text.Write_IIC_Data)
                  000015a0    00000560     empty.o (.text.main)
                  00001b00    00000220     libc.a : _printfi.c.obj (.text._pconv_a)
                  00001d20    000001dc            : _printfi.c.obj (.text._pconv_g)
                  00001efc    00000192     libclang_rt.builtins.a : adddf3.S.obj (.text.adddf3_subdf3)
                  0000208e    00000002     startup_mspm0g350x_ticlang.o (.text.Default_Handler)
                  00002090    00000164     OLED13.o (.text.OLED_ShowCHinese)
                  000021f4    0000014c     OLED13.o (.text.OLED_Refresh)
                  00002340    00000144     OLED13.o (.text.OLED_Clear)
                  00002484    0000013c     libc.a : _printfi.c.obj (.text.fcvt)
                  000025c0    00000120            : _printfi.c.obj (.text._pconv_e)
                  000026e0    0000011c     driverlib.a : dl_timer.o (.text.DL_Timer_initCaptureMode)
                  000027fc    00000114     OLED13.o (.text.OLED_Init)
                  00002910    0000010c     libclang_rt.builtins.a : divdf3.S.obj (.text.__divdf3)
                  00002a1c    00000104     driverlib.a : dl_timer.o (.text.DL_Timer_initFourCCPWMMode)
                  00002b20    000000fc                 : dl_timer.o (.text.DL_Timer_initTimerMode)
                  00002c1c    000000f0     OLED13.o (.text.OLED_ShowChar)
                  00002d0c    000000e4     libclang_rt.builtins.a : muldf3.S.obj (.text.__muldf3)
                  00002df0    000000d8     libc.a : s_scalbn.c.obj (.text.scalbn)
                  00002ec8    000000b8     ti_msp_dl_config.o (.text.SYSCFG_DL_LED_rgb_init)
                  00002f80    000000a2     libclang_rt.builtins.a : udivmoddi4.S.obj (.text)
                  00003022    00000002                            : aeabi_div0.c.obj (.text.__aeabi_idiv0)
                  00003024    0000009c     ti_msp_dl_config.o (.text.SYSCFG_DL_GPIO_init)
                  000030c0    0000009a     libc.a : memcpy16.S.obj (.text:memcpy)
                  0000315a    00000002     libclang_rt.builtins.a : aeabi_div0.c.obj (.text.__aeabi_ldiv0)
                  0000315c    0000008c                            : mulsf3.S.obj (.text.__mulsf3)
                  000031e8    00000078     libc.a : copy_decompress_lzss.c.obj (.text:decompress:lzss)
                  00003260    00000070     libclang_rt.builtins.a : comparedf2.c.obj (.text.__gedf2)
                  000032d0    0000006c     I2C_GPIO_25a.o (.text.I2CB1_Init)
                  0000333c    0000006c     libclang_rt.builtins.a : comparedf2.c.obj (.text.__ledf2)
                  000033a8    00000066     libc.a : _printfi.c.obj (.text._mcpy)
                  0000340e    00000002     --HOLE-- [fill = 0]
                  00003410    00000062     libclang_rt.builtins.a : aeabi_dcmp.S.obj (.text.__aeabi_dcmp)
                  00003472    00000062     libc.a : memset16.S.obj (.text:memset)
                  000034d4    0000005c            : s_frexp.c.obj (.text.frexp)
                  00003530    00000058     ti_msp_dl_config.o (.text.SYSCFG_DL_TIMER_QEI_init)
                  00003588    00000058     libc.a : _ltoa.c.obj (.text.__TI_ltoa)
                  000035e0    00000058            : _printfi.c.obj (.text._pconv_f)
                  00003638    00000056     libclang_rt.builtins.a : aeabi_idivmod.S.obj (.text.__aeabi_idivmod)
                  0000368e    00000002     --HOLE-- [fill = 0]
                  00003690    00000054     ti_msp_dl_config.o (.text.SYSCFG_DL_initPower)
                  000036e4    00000052     libc.a : _printfi.c.obj (.text._ecpy)
                  00003736    00000002     --HOLE-- [fill = 0]
                  00003738    0000004c            : snprintf.c.obj (.text.snprintf)
                  00003784    0000004a     libclang_rt.builtins.a : fixdfsi.S.obj (.text.__fixdfsi)
                  000037ce    00000002     --HOLE-- [fill = 0]
                  000037d0    00000044     empty.o (.text.GROUP1_IRQHandler)
                  00003814    00000040     ti_msp_dl_config.o (.text.SYSCFG_DL_init)
                  00003854    00000040     libclang_rt.builtins.a : aeabi_uidivmod.S.obj (.text.__aeabi_uidivmod)
                  00003894    00000040                            : extendsfdf2.S.obj (.text.__extendsfdf2)
                  000038d4    00000040     libc.a : atoi.c.obj (.text.atoi)
                  00003914    0000003e     OLED13.o (.text.OLED_ShowString)
                  00003952    00000002     --HOLE-- [fill = 0]
                  00003954    0000003c     libc.a : autoinit.c.obj (.text:__TI_auto_init_nobinit_nopinit)
                  00003990    0000003a     libclang_rt.builtins.a : muldsi3.S.obj (.text.__muldsi3)
                  000039ca    00000002     --HOLE-- [fill = 0]
                  000039cc    00000038     ti_msp_dl_config.o (.text.SYSCFG_DL_TIMER_MS_init)
                  00003a04    00000030     ti_msp_dl_config.o (.text.SYSCFG_DL_SYSCTL_init)
                  00003a34    00000030     libc.a : _printfi.c.obj (.text._fcpy)
                  00003a64    00000030            : snprintf.c.obj (.text._outs)
                  00003a94    0000002c     ti_msp_dl_config.o (.text.SYSCFG_DL_CAPTURE_0_init)
                  00003ac0    0000002c     libclang_rt.builtins.a : floatsidf.S.obj (.text.__floatsidf)
                  00003aec    00000028                            : floatunsisf.S.obj (.text.__floatunsisf)
                  00003b14    00000028     libc.a : boot_cortex_m.c.obj (.text:_c_int00_noargs)
                  00003b3c    00000024     libclang_rt.builtins.a : muldi3.S.obj (.text.__muldi3)
                  00003b60    00000022     libc.a : memccpy.c.obj (.text.memccpy)
                  00003b82    00000002     --HOLE-- [fill = 0]
                  00003b84    0000001e     libclang_rt.builtins.a : ashldi3.S.obj (.text.__ashldi3)
                  00003ba2    00000002     --HOLE-- [fill = 0]
                  00003ba4    0000001c     driverlib.a : dl_timer.o (.text.DL_Timer_setCaptCompUpdateMethod)
                  00003bc0    0000001c                 : dl_timer.o (.text.DL_Timer_setClockConfig)
                  00003bdc    00000018                 : dl_timer.o (.text.DL_Timer_setCaptureCompareOutCtl)
                  00003bf4    00000018     empty.o (.text.TIMG12_IRQHandler)
                  00003c0c    00000018     libc.a : snprintf.c.obj (.text._outc)
                  00003c24    00000016            : copy_zero_init.c.obj (.text:decompress:ZI:__TI_zero_init_nomemset)
                  00003c3a    00000002     --HOLE-- [fill = 0]
                  00003c3c    00000014     libclang_rt.builtins.a : aeabi_uldivmod.S.obj (.text.__aeabi_uldivmod)
                  00003c50    00000014     libc.a : _printfi.c.obj (.text.strchr)
                  00003c64    00000012     I2C_GPIO_25a.o (.text.OLED_WR_Byte)
                  00003c76    00000012     libc.a : copy_decompress_none.c.obj (.text:decompress:none)
                  00003c88    00000010     driverlib.a : dl_timer.o (.text.DL_Timer_setCaptureCompareValue)
                  00003c98    00000010     libc.a : wcslen.c.obj (.text.wcslen)
                  00003ca8    0000000e     libclang_rt.builtins.a : aeabi_memset.S.obj (.text.__aeabi_memset)
                  00003cb6    0000000e     libc.a : _printfi.c.obj (.text.strlen)
                  00003cc4    0000000a     driverlib.a : dl_common.o (.text.DL_Common_delayCycles)
                  00003cce    0000000a     libc.a : _printfi.c.obj (.text.OUTLINED_FUNCTION_0)
                  00003cd8    00000010     libclang_rt.builtins.a : adddf3.S.obj (.tramp.__aeabi_dsub.1)
                  00003ce8    0000000a     libc.a : _printfi.c.obj (.text.OUTLINED_FUNCTION_1)
                  00003cf2    00000002     --HOLE-- [fill = 0]
                  00003cf4    00000008            : aeabi_portable.c.obj (.text.__aeabi_errno_addr)
                  00003cfc    00000008     libclang_rt.builtins.a : aeabi_memcpy.S.obj (.text.__aeabi_memcpy)
                  00003d04    00000004     startup_mspm0g350x_ticlang.o (.text.Reset_Handler)
                  00003d08    00000004     libc.a : pre_init.c.obj (.text._system_pre_init)
                  00003d0c    00000004            : exit.c.obj (.text:abort)

.cinit     0    000045c0    00000030     
                  000045c0    0000000c     (.cinit..data.load) [load image, compression = lzss]
                  000045cc    0000000c     (__TI_handler_table)
                  000045d8    00000008     (.cinit..bss.load) [load image, compression = zero_init]
                  000045e0    00000010     (__TI_cinit_table)

.rodata    0    00003d10    000008b0     
                  00003d10    000005f0     OLED_Font.o (.rodata.Front_16x8Tab)
                  00004300    00000101     libc.a : aeabi_ctype.S.obj (.rodata:__aeabi_ctype_table_)
                  00004401    000000c0     OLED_Font.o (.rodata.Front_16x16Tab)
                  000044c1    00000003     ti_msp_dl_config.o (.rodata.gCAPTURE_0ClockConfig)
                  000044c4    00000014     ti_msp_dl_config.o (.rodata.gTIMER_MSTimerConfig)
                  000044d8    00000011     libc.a : _printfi.c.obj (.rodata.str1.11645776875810915891)
                  000044e9    00000011            : _printfi.c.obj (.rodata.str1.44690500295887128011)
                  000044fa    00000002     --HOLE-- [fill = 0]
                  000044fc    00000010     ti_msp_dl_config.o (.rodata.gCAPTURE_0CaptureConfig)
                  0000450c    00000010     empty.o (.rodata.str1.31620259236998402651)
                  0000451c    0000000f     empty.o (.rodata.str1.155434919592598141311)
                  0000452b    0000000f     empty.o (.rodata.str1.7130503275715014631)
                  0000453a    0000000e     empty.o (.rodata.str1.71922421787461555071)
                  00004548    0000000c     driverlib.a : dl_timer.o (.rodata..Lswitch.table.DL_Timer_initCompareMode)
                  00004554    0000000c     empty.o (.rodata.str1.134592517678206718851)
                  00004560    0000000c     empty.o (.rodata.str1.162906114796922795351)
                  0000456c    0000000c     empty.o (.rodata.str1.77532711950248832531)
                  00004578    0000000a     empty.o (.rodata.str1.161173632875555205051)
                  00004582    0000000a     empty.o (.rodata.str1.97395763982011991711)
                  0000458c    00000008     ti_msp_dl_config.o (.rodata.gLED_rgbConfig)
                  00004594    00000007     empty.o (.rodata.str1.23730775619209645351)
                  0000459b    00000007     empty.o (.rodata.str1.62536263040008563141)
                  000045a2    00000006     empty.o (.rodata.str1.122744192048143189441)
                  000045a8    00000005     empty.o (.rodata.str1.92454112862644078121)
                  000045ad    00000004     empty.o (.rodata.str1.130542305227401186901)
                  000045b1    00000003     ti_msp_dl_config.o (.rodata.gLED_rgbClockConfig)
                  000045b4    00000003     ti_msp_dl_config.o (.rodata.gTIMER_MSClockConfig)
                  000045b7    00000003     ti_msp_dl_config.o (.rodata.gTIMER_QEIClockConfig)
                  000045ba    00000006     --HOLE-- [fill = 0]

.init_array 
*          0    00000000    00000000     UNINITIALIZED

.binit     0    00000000    00000000     

.data      0    20200000    0000042d     UNINITIALIZED
                  20200000    00000400     OLED13.o (.data.OLED_GRAM)
                  20200400    00000004     empty.o (.data.Ex_cnt)
                  20200404    00000004     libc.a : aeabi_portable.c.obj (.data.__aeabi_errno)
                  20200408    00000004     empty.o (.data.g_ms)
                  2020040c    00000004     empty.o (.data.lastQEITime)
                  20200410    00000004     empty.o (.data.lastQEIValue)
                  20200414    00000004     empty.o (.data.lastRotTime)
                  20200418    00000004     empty.o (.data.qeiDirection)
                  2020041c    00000004     empty.o (.data.qeiPeriod)
                  20200420    00000004     empty.o (.data.qeiPhaseLag_ms)
                  20200424    00000003     empty.o (.data.rgb)
                  20200427    00000001     empty.o (.data.colorIdx)
                  20200428    00000001     empty.o (.data.inSetMode)
                  20200429    00000001     empty.o (.data.keyLongDone)
                  2020042a    00000001     empty.o (.data.keyPressed)
                  2020042b    00000001     empty.o (.data.keyRising)
                  2020042c    00000001     empty.o (.data.setStep)

.bss       0    20200430    00000218     UNINITIALIZED
                  20200430    000000bc     (.common:gCAPTURE_0Backup)
                  202004ec    000000bc     (.common:gLED_rgbBackup)
                  202005a8    000000a0     (.common:gTIMER_QEIBackup)

.stack     0    20207e00    00000200     UNINITIALIZED
                  20207e00    00000004     libc.a : boot_cortex_m.c.obj (.stack)
                  20207e04    000001fc     --HOLE--

__llvm_prf_cnts 
*          0    20200000    00000000     UNINITIALIZED

__llvm_prf_bits 
*          0    20200000    00000000     UNINITIALIZED

MODULE SUMMARY

       Module                         code    ro data   rw data
       ------                         ----    -------   -------
    .\
       I2C_GPIO_25a.o                 2910    0         0      
       OLED13.o                       1590    0         1024   
       OLED_Font.o                    0       1712      0      
       empty.o                        1468    145       41     
       ti_msp_dl_config.o             724     56        536    
       startup_mspm0g350x_ticlang.o   6       192       0      
    +--+------------------------------+-------+---------+---------+
       Total:                         6698    2105      1601   
                                                               
    D:/01soft/TI/mspmo_sdk/mspm0_sdk_2_06_00_05/source/ti/driverlib/lib/ticlang/m0p/mspm0g1x0x_g3x0x/driverlib.a
       dl_timer.o                     892     12        0      
       dl_common.o                    10      0         0      
    +--+------------------------------+-------+---------+---------+
       Total:                         902     12        0      
                                                               
    D:\01soft\TI\CSS\ccs\tools\compiler\ti-cgt-armllvm_3.2.2.LTS\lib\armv6m-ti-none-eabi/c/libc.a
       _printfi.c.obj                 4558    34        0      
       aeabi_ctype.S.obj              0       257       0      
       s_scalbn.c.obj                 216     0         0      
       memcpy16.S.obj                 154     0         0      
       snprintf.c.obj                 148     0         0      
       copy_decompress_lzss.c.obj     120     0         0      
       memset16.S.obj                 98      0         0      
       s_frexp.c.obj                  92      0         0      
       _ltoa.c.obj                    88      0         0      
       atoi.c.obj                     64      0         0      
       autoinit.c.obj                 60      0         0      
       boot_cortex_m.c.obj            40      0         0      
       memccpy.c.obj                  34      0         0      
       copy_zero_init.c.obj           22      0         0      
       copy_decompress_none.c.obj     18      0         0      
       wcslen.c.obj                   16      0         0      
       aeabi_portable.c.obj           8       0         4      
       exit.c.obj                     4       0         0      
       pre_init.c.obj                 4       0         0      
    +--+------------------------------+-------+---------+---------+
       Total:                         5744    291       4      
                                                               
    D:\01soft\TI\CSS\ccs\tools\compiler\ti-cgt-armllvm_3.2.2.LTS\lib\clang/15.0.7/lib/armv6m-ti-none-eabi/libclang_rt.builtins.a
       adddf3.S.obj                   418     0         0      
       divdf3.S.obj                   268     0         0      
       muldf3.S.obj                   228     0         0      
       comparedf2.c.obj               220     0         0      
       udivmoddi4.S.obj               162     0         0      
       mulsf3.S.obj                   140     0         0      
       aeabi_dcmp.S.obj               98      0         0      
       aeabi_idivmod.S.obj            86      0         0      
       fixdfsi.S.obj                  74      0         0      
       aeabi_uidivmod.S.obj           64      0         0      
       extendsfdf2.S.obj              64      0         0      
       muldsi3.S.obj                  58      0         0      
       floatsidf.S.obj                44      0         0      
       floatunsisf.S.obj              40      0         0      
       muldi3.S.obj                   36      0         0      
       ashldi3.S.obj                  30      0         0      
       aeabi_uldivmod.S.obj           20      0         0      
       aeabi_memset.S.obj             14      0         0      
       aeabi_memcpy.S.obj             8       0         0      
       aeabi_div0.c.obj               4       0         0      
    +--+------------------------------+-------+---------+---------+
       Total:                         2076    0         0      
                                                               
       Stack:                         0       0         512    
       Linker Generated:              0       48        0      
    +--+------------------------------+-------+---------+---------+
       Grand Total:                   15420   2456      2117   


LINKER GENERATED COPY TABLES

__TI_cinit_table @ 000045e0 records: 2, size/record: 8, table size: 16
	.data: load addr=000045c0, load size=0000000c bytes, run addr=20200000, run size=0000042d bytes, compression=lzss
	.bss: load addr=000045d8, load size=00000008 bytes, run addr=20200430, run size=00000218 bytes, compression=zero_init


LINKER GENERATED HANDLER TABLE

__TI_handler_table @ 000045cc records: 3, size/record: 4, table size: 12
	index: 0, handler: __TI_decompress_lzss
	index: 1, handler: __TI_decompress_none
	index: 2, handler: __TI_zero_init


FAR CALL TRAMPOLINES

callee name               trampoline name
   callee addr  tramp addr   call addr  call info
--------------  -----------  ---------  ----------------
__aeabi_dsub              $Tramp$TT$L$PI$$__aeabi_dsub
   00001efd     00003cd8     00003cd6   libc.a : _printfi.c.obj (.text.OUTLINED_FUNCTION_0)

[1 trampolines]
[1 trampoline calls]


GLOBAL SYMBOLS: SORTED ALPHABETICALLY BY Name 

address   name                            
-------   ----                            
0000208f  ADC0_IRQHandler                 
0000208f  ADC1_IRQHandler                 
0000208f  AES_IRQHandler                  
00003d0c  C$$EXIT                         
0000208f  CANFD0_IRQHandler               
0000208f  DAC0_IRQHandler                 
00003cc5  DL_Common_delayCycles           
000026e1  DL_Timer_initCaptureMode        
00002a1d  DL_Timer_initFourCCPWMMode      
00002b21  DL_Timer_initTimerMode          
00003ba5  DL_Timer_setCaptCompUpdateMethod
00003bdd  DL_Timer_setCaptureCompareOutCtl
00003c89  DL_Timer_setCaptureCompareValue 
00003bc1  DL_Timer_setClockConfig         
0000208f  DMA_IRQHandler                  
0000208f  Default_Handler                 
20200400  Ex_cnt                          
00004401  Front_16x16Tab                  
00003d10  Front_16x8Tab                   
0000208f  GROUP0_IRQHandler               
000037d1  GROUP1_IRQHandler               
0000208f  HardFault_Handler               
0000208f  I2C0_IRQHandler                 
0000208f  I2C1_IRQHandler                 
000032d1  I2CB1_Init                      
0000208f  NMI_Handler                     
00002341  OLED_Clear                      
20200000  OLED_GRAM                       
000027fd  OLED_Init                       
000021f5  OLED_Refresh                    
00002091  OLED_ShowCHinese                
00002c1d  OLED_ShowChar                   
00003915  OLED_ShowString                 
00003c65  OLED_WR_Byte                    
0000208f  PendSV_Handler                  
0000208f  RTC_IRQHandler                  
00003d05  Reset_Handler                   
0000208f  SPI0_IRQHandler                 
0000208f  SPI1_IRQHandler                 
0000208f  SVC_Handler                     
00003a95  SYSCFG_DL_CAPTURE_0_init        
00003025  SYSCFG_DL_GPIO_init             
00002ec9  SYSCFG_DL_LED_rgb_init          
00003a05  SYSCFG_DL_SYSCTL_init           
000039cd  SYSCFG_DL_TIMER_MS_init         
00003531  SYSCFG_DL_TIMER_QEI_init        
00003815  SYSCFG_DL_init                  
00003691  SYSCFG_DL_initPower             
0000208f  SysTick_Handler                 
0000208f  TIMA0_IRQHandler                
0000208f  TIMA1_IRQHandler                
0000208f  TIMG0_IRQHandler                
00003bf5  TIMG12_IRQHandler               
0000208f  TIMG6_IRQHandler                
0000208f  TIMG7_IRQHandler                
0000208f  TIMG8_IRQHandler                
0000208f  UART0_IRQHandler                
0000208f  UART1_IRQHandler                
0000208f  UART2_IRQHandler                
0000208f  UART3_IRQHandler                
00000ac1  Write_IIC_Command               
00001031  Write_IIC_Data                  
20208000  __STACK_END                     
00000200  __STACK_SIZE                    
00000000  __TI_ATRegion0_region_sz        
00000000  __TI_ATRegion0_src_addr         
00000000  __TI_ATRegion0_trg_addr         
00000000  __TI_ATRegion1_region_sz        
00000000  __TI_ATRegion1_src_addr         
00000000  __TI_ATRegion1_trg_addr         
00000000  __TI_ATRegion2_region_sz        
00000000  __TI_ATRegion2_src_addr         
00000000  __TI_ATRegion2_trg_addr         
000045e0  __TI_CINIT_Base                 
000045f0  __TI_CINIT_Limit                
000045f0  __TI_CINIT_Warm                 
000045cc  __TI_Handler_Table_Base         
000045d8  __TI_Handler_Table_Limit        
00003955  __TI_auto_init_nobinit_nopinit  
000031e9  __TI_decompress_lzss            
00003c77  __TI_decompress_none            
00003589  __TI_ltoa                       
ffffffff  __TI_pprof_out_hndl             
000000c1  __TI_printfi                    
ffffffff  __TI_prof_data_size             
ffffffff  __TI_prof_data_start            
00000000  __TI_static_base__              
00003c25  __TI_zero_init_nomemset         
00001f07  __adddf3                        
00004300  __aeabi_ctype_table_            
00004300  __aeabi_ctype_table_C           
00003785  __aeabi_d2iz                    
00001f07  __aeabi_dadd                    
00003411  __aeabi_dcmpeq                  
0000344d  __aeabi_dcmpge                  
00003461  __aeabi_dcmpgt                  
00003439  __aeabi_dcmple                  
00003425  __aeabi_dcmplt                  
00002911  __aeabi_ddiv                    
00002d0d  __aeabi_dmul                    
00001efd  __aeabi_dsub                    
20200404  __aeabi_errno                   
00003cf5  __aeabi_errno_addr              
00003895  __aeabi_f2d                     
0000315d  __aeabi_fmul                    
00003ac1  __aeabi_i2d                     
00003639  __aeabi_idiv                    
00003023  __aeabi_idiv0                   
00003639  __aeabi_idivmod                 
0000315b  __aeabi_ldiv0                   
00003b85  __aeabi_llsl                    
00003b3d  __aeabi_lmul                    
00003cfd  __aeabi_memcpy                  
00003cfd  __aeabi_memcpy4                 
00003cfd  __aeabi_memcpy8                 
00003ca9  __aeabi_memset                  
00003ca9  __aeabi_memset4                 
00003ca9  __aeabi_memset8                 
00003aed  __aeabi_ui2f                    
00003855  __aeabi_uidiv                   
00003855  __aeabi_uidivmod                
00003c3d  __aeabi_uldivmod                
00003b85  __ashldi3                       
ffffffff  __binit__                       
0000333d  __cmpdf2                        
00002911  __divdf3                        
0000333d  __eqdf2                         
00003895  __extendsfdf2                   
00003785  __fixdfsi                       
00003ac1  __floatsidf                     
00003aed  __floatunsisf                   
00003261  __gedf2                         
00003261  __gtdf2                         
0000333d  __ledf2                         
0000333d  __ltdf2                         
UNDEFED   __mpu_init                      
00002d0d  __muldf3                        
00003b3d  __muldi3                        
00003991  __muldsi3                       
0000315d  __mulsf3                        
0000333d  __nedf2                         
20207e00  __stack                         
20200000  __start___llvm_prf_bits         
20200000  __start___llvm_prf_cnts         
20200000  __stop___llvm_prf_bits          
20200000  __stop___llvm_prf_cnts          
00001efd  __subdf3                        
00002f81  __udivmoddi4                    
00003b15  _c_int00_noargs                 
UNDEFED   _system_post_cinit              
00003d09  _system_pre_init                
00003d0d  abort                           
000038d5  atoi                            
ffffffff  binit                           
000034d5  frexp                           
000034d5  frexpl                          
20200430  gCAPTURE_0Backup                
202004ec  gLED_rgbBackup                  
202005a8  gTIMER_QEIBackup                
20200408  g_ms                            
00000000  interruptVectors                
20200429  keyLongDone                     
2020042a  keyPressed                      
2020042b  keyRising                       
2020040c  lastQEITime                     
20200410  lastQEIValue                    
00002df1  ldexp                           
00002df1  ldexpl                          
000015a1  main                            
00003b61  memccpy                         
000030c1  memcpy                          
00003473  memset                          
20200418  qeiDirection                    
2020041c  qeiPeriod                       
20200420  qeiPhaseLag_ms                  
00002df1  scalbn                          
00002df1  scalbnl                         
00003739  snprintf                        
00003c99  wcslen                          


GLOBAL SYMBOLS: SORTED BY Symbol Address 

address   name                            
-------   ----                            
00000000  __TI_ATRegion0_region_sz        
00000000  __TI_ATRegion0_src_addr         
00000000  __TI_ATRegion0_trg_addr         
00000000  __TI_ATRegion1_region_sz        
00000000  __TI_ATRegion1_src_addr         
00000000  __TI_ATRegion1_trg_addr         
00000000  __TI_ATRegion2_region_sz        
00000000  __TI_ATRegion2_src_addr         
00000000  __TI_ATRegion2_trg_addr         
00000000  __TI_static_base__              
00000000  interruptVectors                
000000c1  __TI_printfi                    
00000200  __STACK_SIZE                    
00000ac1  Write_IIC_Command               
00001031  Write_IIC_Data                  
000015a1  main                            
00001efd  __aeabi_dsub                    
00001efd  __subdf3                        
00001f07  __adddf3                        
00001f07  __aeabi_dadd                    
0000208f  ADC0_IRQHandler                 
0000208f  ADC1_IRQHandler                 
0000208f  AES_IRQHandler                  
0000208f  CANFD0_IRQHandler               
0000208f  DAC0_IRQHandler                 
0000208f  DMA_IRQHandler                  
0000208f  Default_Handler                 
0000208f  GROUP0_IRQHandler               
0000208f  HardFault_Handler               
0000208f  I2C0_IRQHandler                 
0000208f  I2C1_IRQHandler                 
0000208f  NMI_Handler                     
0000208f  PendSV_Handler                  
0000208f  RTC_IRQHandler                  
0000208f  SPI0_IRQHandler                 
0000208f  SPI1_IRQHandler                 
0000208f  SVC_Handler                     
0000208f  SysTick_Handler                 
0000208f  TIMA0_IRQHandler                
0000208f  TIMA1_IRQHandler                
0000208f  TIMG0_IRQHandler                
0000208f  TIMG6_IRQHandler                
0000208f  TIMG7_IRQHandler                
0000208f  TIMG8_IRQHandler                
0000208f  UART0_IRQHandler                
0000208f  UART1_IRQHandler                
0000208f  UART2_IRQHandler                
0000208f  UART3_IRQHandler                
00002091  OLED_ShowCHinese                
000021f5  OLED_Refresh                    
00002341  OLED_Clear                      
000026e1  DL_Timer_initCaptureMode        
000027fd  OLED_Init                       
00002911  __aeabi_ddiv                    
00002911  __divdf3                        
00002a1d  DL_Timer_initFourCCPWMMode      
00002b21  DL_Timer_initTimerMode          
00002c1d  OLED_ShowChar                   
00002d0d  __aeabi_dmul                    
00002d0d  __muldf3                        
00002df1  ldexp                           
00002df1  ldexpl                          
00002df1  scalbn                          
00002df1  scalbnl                         
00002ec9  SYSCFG_DL_LED_rgb_init          
00002f81  __udivmoddi4                    
00003023  __aeabi_idiv0                   
00003025  SYSCFG_DL_GPIO_init             
000030c1  memcpy                          
0000315b  __aeabi_ldiv0                   
0000315d  __aeabi_fmul                    
0000315d  __mulsf3                        
000031e9  __TI_decompress_lzss            
00003261  __gedf2                         
00003261  __gtdf2                         
000032d1  I2CB1_Init                      
0000333d  __cmpdf2                        
0000333d  __eqdf2                         
0000333d  __ledf2                         
0000333d  __ltdf2                         
0000333d  __nedf2                         
00003411  __aeabi_dcmpeq                  
00003425  __aeabi_dcmplt                  
00003439  __aeabi_dcmple                  
0000344d  __aeabi_dcmpge                  
00003461  __aeabi_dcmpgt                  
00003473  memset                          
000034d5  frexp                           
000034d5  frexpl                          
00003531  SYSCFG_DL_TIMER_QEI_init        
00003589  __TI_ltoa                       
00003639  __aeabi_idiv                    
00003639  __aeabi_idivmod                 
00003691  SYSCFG_DL_initPower             
00003739  snprintf                        
00003785  __aeabi_d2iz                    
00003785  __fixdfsi                       
000037d1  GROUP1_IRQHandler               
00003815  SYSCFG_DL_init                  
00003855  __aeabi_uidiv                   
00003855  __aeabi_uidivmod                
00003895  __aeabi_f2d                     
00003895  __extendsfdf2                   
000038d5  atoi                            
00003915  OLED_ShowString                 
00003955  __TI_auto_init_nobinit_nopinit  
00003991  __muldsi3                       
000039cd  SYSCFG_DL_TIMER_MS_init         
00003a05  SYSCFG_DL_SYSCTL_init           
00003a95  SYSCFG_DL_CAPTURE_0_init        
00003ac1  __aeabi_i2d                     
00003ac1  __floatsidf                     
00003aed  __aeabi_ui2f                    
00003aed  __floatunsisf                   
00003b15  _c_int00_noargs                 
00003b3d  __aeabi_lmul                    
00003b3d  __muldi3                        
00003b61  memccpy                         
00003b85  __aeabi_llsl                    
00003b85  __ashldi3                       
00003ba5  DL_Timer_setCaptCompUpdateMethod
00003bc1  DL_Timer_setClockConfig         
00003bdd  DL_Timer_setCaptureCompareOutCtl
00003bf5  TIMG12_IRQHandler               
00003c25  __TI_zero_init_nomemset         
00003c3d  __aeabi_uldivmod                
00003c65  OLED_WR_Byte                    
00003c77  __TI_decompress_none            
00003c89  DL_Timer_setCaptureCompareValue 
00003c99  wcslen                          
00003ca9  __aeabi_memset                  
00003ca9  __aeabi_memset4                 
00003ca9  __aeabi_memset8                 
00003cc5  DL_Common_delayCycles           
00003cf5  __aeabi_errno_addr              
00003cfd  __aeabi_memcpy                  
00003cfd  __aeabi_memcpy4                 
00003cfd  __aeabi_memcpy8                 
00003d05  Reset_Handler                   
00003d09  _system_pre_init                
00003d0c  C$$EXIT                         
00003d0d  abort                           
00003d10  Front_16x8Tab                   
00004300  __aeabi_ctype_table_            
00004300  __aeabi_ctype_table_C           
00004401  Front_16x16Tab                  
000045cc  __TI_Handler_Table_Base         
000045d8  __TI_Handler_Table_Limit        
000045e0  __TI_CINIT_Base                 
000045f0  __TI_CINIT_Limit                
000045f0  __TI_CINIT_Warm                 
20200000  OLED_GRAM                       
20200000  __start___llvm_prf_bits         
20200000  __start___llvm_prf_cnts         
20200000  __stop___llvm_prf_bits          
20200000  __stop___llvm_prf_cnts          
20200400  Ex_cnt                          
20200404  __aeabi_errno                   
20200408  g_ms                            
2020040c  lastQEITime                     
20200410  lastQEIValue                    
20200418  qeiDirection                    
2020041c  qeiPeriod                       
20200420  qeiPhaseLag_ms                  
20200429  keyLongDone                     
2020042a  keyPressed                      
2020042b  keyRising                       
20200430  gCAPTURE_0Backup                
202004ec  gLED_rgbBackup                  
202005a8  gTIMER_QEIBackup                
20207e00  __stack                         
20208000  __STACK_END                     
ffffffff  __TI_pprof_out_hndl             
ffffffff  __TI_prof_data_size             
ffffffff  __TI_prof_data_start            
ffffffff  __binit__                       
ffffffff  binit                           
UNDEFED   __mpu_init                      
UNDEFED   _system_post_cinit              

[179 symbols]
