******************************************************************************
            TI ARM Clang Linker PC v3.2.2                      
******************************************************************************
>> Linked Wed Oct 29 23:51:13 2025

OUTPUT FILE NAME:   <37520232205086_Button_MSPM0G3507_nortos_ticlang.out>
ENTRY POINT SYMBOL: "_c_int00_noargs"  address: 00003af9


MEMORY CONFIGURATION

         name            origin    length      used     unused   attr    fill
----------------------  --------  ---------  --------  --------  ----  --------
  FLASH                 00000000   00020000  000045d8  0001ba28  R  X
  SRAM                  20200000   00008000  00000845  000077bb  RW X
  BCR_CONFIG            41c00000   000000ff  00000000  000000ff  R   
  BSL_CONFIG            41c00100   00000080  00000000  00000080  R   


SEGMENT ALLOCATION MAP

run origin  load origin   length   init length attrs members
----------  ----------- ---------- ----------- ----- -------
00000000    00000000    00003cf8   00003cf8    r-x
  00000000    00000000    000000c0   000000c0    r-- .intvecs
  000000c0    000000c0    00003c38   00003c38    r-x .text
00003d00    00003d00    000008e0   000008e0    r--
  00003d00    00003d00    000008b0   000008b0    r-- .rodata
  000045b0    000045b0    00000030   00000030    r-- .cinit
20200000    20200000    00000648   00000000    rw-
  20200000    20200000    0000042d   00000000    rw- .data
  20200430    20200430    00000218   00000000    rw- .bss
20207e00    20207e00    00000200   00000000    rw-
  20207e00    20207e00    00000200   00000000    rw- .stack


SECTION ALLOCATION MAP

 output                                  attributes/
section   page    origin      length       input sections
--------  ----  ----------  ----------   ----------------
.intvecs   0    00000000    000000c0     
                  00000000    000000c0     startup_mspm0g350x_ticlang.o (.intvecs)

.text      0    000000c0    00003c38     
                  000000c0    00000a00     libc.a : _printfi.c.obj (.text:__TI_printfi)
                  00000ac0    00000570     I2C_GPIO_25a.o (.text.Write_IIC_Command)
                  00001030    00000570     I2C_GPIO_25a.o (.text.Write_IIC_Data)
                  000015a0    00000544     empty.o (.text.main)
                  00001ae4    00000220     libc.a : _printfi.c.obj (.text._pconv_a)
                  00001d04    000001dc            : _printfi.c.obj (.text._pconv_g)
                  00001ee0    00000192     libclang_rt.builtins.a : adddf3.S.obj (.text.adddf3_subdf3)
                  00002072    00000002     startup_mspm0g350x_ticlang.o (.text.Default_Handler)
                  00002074    00000164     OLED13.o (.text.OLED_ShowCHinese)
                  000021d8    0000014c     OLED13.o (.text.OLED_Refresh)
                  00002324    00000144     OLED13.o (.text.OLED_Clear)
                  00002468    0000013c     libc.a : _printfi.c.obj (.text.fcvt)
                  000025a4    00000120            : _printfi.c.obj (.text._pconv_e)
                  000026c4    0000011c     driverlib.a : dl_timer.o (.text.DL_Timer_initCaptureMode)
                  000027e0    00000114     OLED13.o (.text.OLED_Init)
                  000028f4    0000010c     libclang_rt.builtins.a : divdf3.S.obj (.text.__divdf3)
                  00002a00    00000104     driverlib.a : dl_timer.o (.text.DL_Timer_initFourCCPWMMode)
                  00002b04    000000fc                 : dl_timer.o (.text.DL_Timer_initTimerMode)
                  00002c00    000000f0     OLED13.o (.text.OLED_ShowChar)
                  00002cf0    000000e4     libclang_rt.builtins.a : muldf3.S.obj (.text.__muldf3)
                  00002dd4    000000d8     libc.a : s_scalbn.c.obj (.text.scalbn)
                  00002eac    000000b8     ti_msp_dl_config.o (.text.SYSCFG_DL_LED_rgb_init)
                  00002f64    000000a2     libclang_rt.builtins.a : udivmoddi4.S.obj (.text)
                  00003006    00000002                            : aeabi_div0.c.obj (.text.__aeabi_idiv0)
                  00003008    0000009c     ti_msp_dl_config.o (.text.SYSCFG_DL_GPIO_init)
                  000030a4    0000009a     libc.a : memcpy16.S.obj (.text:memcpy)
                  0000313e    00000002     libclang_rt.builtins.a : aeabi_div0.c.obj (.text.__aeabi_ldiv0)
                  00003140    0000008c                            : mulsf3.S.obj (.text.__mulsf3)
                  000031cc    00000078     libc.a : copy_decompress_lzss.c.obj (.text:decompress:lzss)
                  00003244    00000070     libclang_rt.builtins.a : comparedf2.c.obj (.text.__gedf2)
                  000032b4    0000006c     I2C_GPIO_25a.o (.text.I2CB1_Init)
                  00003320    0000006c     libclang_rt.builtins.a : comparedf2.c.obj (.text.__ledf2)
                  0000338c    00000066     libc.a : _printfi.c.obj (.text._mcpy)
                  000033f2    00000002     --HOLE-- [fill = 0]
                  000033f4    00000062     libclang_rt.builtins.a : aeabi_dcmp.S.obj (.text.__aeabi_dcmp)
                  00003456    00000062     libc.a : memset16.S.obj (.text:memset)
                  000034b8    0000005c            : s_frexp.c.obj (.text.frexp)
                  00003514    00000058     ti_msp_dl_config.o (.text.SYSCFG_DL_TIMER_QEI_init)
                  0000356c    00000058     libc.a : _ltoa.c.obj (.text.__TI_ltoa)
                  000035c4    00000058            : _printfi.c.obj (.text._pconv_f)
                  0000361c    00000056     libclang_rt.builtins.a : aeabi_idivmod.S.obj (.text.__aeabi_idivmod)
                  00003672    00000002     --HOLE-- [fill = 0]
                  00003674    00000054     ti_msp_dl_config.o (.text.SYSCFG_DL_initPower)
                  000036c8    00000052     libc.a : _printfi.c.obj (.text._ecpy)
                  0000371a    00000002     --HOLE-- [fill = 0]
                  0000371c    0000004c            : snprintf.c.obj (.text.snprintf)
                  00003768    0000004a     libclang_rt.builtins.a : fixdfsi.S.obj (.text.__fixdfsi)
                  000037b2    00000002     --HOLE-- [fill = 0]
                  000037b4    00000044     empty.o (.text.GROUP1_IRQHandler)
                  000037f8    00000040     ti_msp_dl_config.o (.text.SYSCFG_DL_init)
                  00003838    00000040     libclang_rt.builtins.a : aeabi_uidivmod.S.obj (.text.__aeabi_uidivmod)
                  00003878    00000040                            : extendsfdf2.S.obj (.text.__extendsfdf2)
                  000038b8    00000040     libc.a : atoi.c.obj (.text.atoi)
                  000038f8    0000003e     OLED13.o (.text.OLED_ShowString)
                  00003936    00000002     --HOLE-- [fill = 0]
                  00003938    0000003c     libc.a : autoinit.c.obj (.text:__TI_auto_init_nobinit_nopinit)
                  00003974    0000003a     libclang_rt.builtins.a : muldsi3.S.obj (.text.__muldsi3)
                  000039ae    00000002     --HOLE-- [fill = 0]
                  000039b0    00000038     ti_msp_dl_config.o (.text.SYSCFG_DL_TIMER_MS_init)
                  000039e8    00000030     ti_msp_dl_config.o (.text.SYSCFG_DL_SYSCTL_init)
                  00003a18    00000030     libc.a : _printfi.c.obj (.text._fcpy)
                  00003a48    00000030            : snprintf.c.obj (.text._outs)
                  00003a78    0000002c     ti_msp_dl_config.o (.text.SYSCFG_DL_CAPTURE_0_init)
                  00003aa4    0000002c     libclang_rt.builtins.a : floatsidf.S.obj (.text.__floatsidf)
                  00003ad0    00000028                            : floatunsisf.S.obj (.text.__floatunsisf)
                  00003af8    00000028     libc.a : boot_cortex_m.c.obj (.text:_c_int00_noargs)
                  00003b20    00000024     libclang_rt.builtins.a : muldi3.S.obj (.text.__muldi3)
                  00003b44    00000022     libc.a : memccpy.c.obj (.text.memccpy)
                  00003b66    00000002     --HOLE-- [fill = 0]
                  00003b68    0000001e     libclang_rt.builtins.a : ashldi3.S.obj (.text.__ashldi3)
                  00003b86    00000002     --HOLE-- [fill = 0]
                  00003b88    0000001c     driverlib.a : dl_timer.o (.text.DL_Timer_setCaptCompUpdateMethod)
                  00003ba4    0000001c                 : dl_timer.o (.text.DL_Timer_setClockConfig)
                  00003bc0    00000018                 : dl_timer.o (.text.DL_Timer_setCaptureCompareOutCtl)
                  00003bd8    00000018     empty.o (.text.TIMG12_IRQHandler)
                  00003bf0    00000018     libc.a : snprintf.c.obj (.text._outc)
                  00003c08    00000016            : copy_zero_init.c.obj (.text:decompress:ZI:__TI_zero_init_nomemset)
                  00003c1e    00000002     --HOLE-- [fill = 0]
                  00003c20    00000014     libclang_rt.builtins.a : aeabi_uldivmod.S.obj (.text.__aeabi_uldivmod)
                  00003c34    00000014     libc.a : _printfi.c.obj (.text.strchr)
                  00003c48    00000012     I2C_GPIO_25a.o (.text.OLED_WR_Byte)
                  00003c5a    00000012     libc.a : copy_decompress_none.c.obj (.text:decompress:none)
                  00003c6c    00000010     driverlib.a : dl_timer.o (.text.DL_Timer_setCaptureCompareValue)
                  00003c7c    00000010     libc.a : wcslen.c.obj (.text.wcslen)
                  00003c8c    0000000e     libclang_rt.builtins.a : aeabi_memset.S.obj (.text.__aeabi_memset)
                  00003c9a    0000000e     libc.a : _printfi.c.obj (.text.strlen)
                  00003ca8    0000000a     driverlib.a : dl_common.o (.text.DL_Common_delayCycles)
                  00003cb2    0000000a     libc.a : _printfi.c.obj (.text.OUTLINED_FUNCTION_0)
                  00003cbc    00000010     libclang_rt.builtins.a : adddf3.S.obj (.tramp.__aeabi_dsub.1)
                  00003ccc    0000000a     libc.a : _printfi.c.obj (.text.OUTLINED_FUNCTION_1)
                  00003cd6    00000002     --HOLE-- [fill = 0]
                  00003cd8    00000008            : aeabi_portable.c.obj (.text.__aeabi_errno_addr)
                  00003ce0    00000008     libclang_rt.builtins.a : aeabi_memcpy.S.obj (.text.__aeabi_memcpy)
                  00003ce8    00000004     startup_mspm0g350x_ticlang.o (.text.Reset_Handler)
                  00003cec    00000004     libc.a : pre_init.c.obj (.text._system_pre_init)
                  00003cf0    00000004            : exit.c.obj (.text:abort)
                  00003cf4    00000004     --HOLE-- [fill = 0]

.cinit     0    000045b0    00000030     
                  000045b0    0000000c     (.cinit..data.load) [load image, compression = lzss]
                  000045bc    0000000c     (__TI_handler_table)
                  000045c8    00000008     (.cinit..bss.load) [load image, compression = zero_init]
                  000045d0    00000010     (__TI_cinit_table)

.rodata    0    00003d00    000008b0     
                  00003d00    000005f0     OLED_Font.o (.rodata.Front_16x8Tab)
                  000042f0    00000101     libc.a : aeabi_ctype.S.obj (.rodata:__aeabi_ctype_table_)
                  000043f1    000000c0     OLED_Font.o (.rodata.Front_16x16Tab)
                  000044b1    00000003     ti_msp_dl_config.o (.rodata.gCAPTURE_0ClockConfig)
                  000044b4    00000014     ti_msp_dl_config.o (.rodata.gTIMER_MSTimerConfig)
                  000044c8    00000011     libc.a : _printfi.c.obj (.rodata.str1.11645776875810915891)
                  000044d9    00000011            : _printfi.c.obj (.rodata.str1.44690500295887128011)
                  000044ea    00000002     --HOLE-- [fill = 0]
                  000044ec    00000010     ti_msp_dl_config.o (.rodata.gCAPTURE_0CaptureConfig)
                  000044fc    00000010     empty.o (.rodata.str1.31620259236998402651)
                  0000450c    0000000f     empty.o (.rodata.str1.155434919592598141311)
                  0000451b    0000000f     empty.o (.rodata.str1.7130503275715014631)
                  0000452a    0000000e     empty.o (.rodata.str1.71922421787461555071)
                  00004538    0000000c     driverlib.a : dl_timer.o (.rodata..Lswitch.table.DL_Timer_initCompareMode)
                  00004544    0000000c     empty.o (.rodata.str1.134592517678206718851)
                  00004550    0000000c     empty.o (.rodata.str1.162906114796922795351)
                  0000455c    0000000c     empty.o (.rodata.str1.77532711950248832531)
                  00004568    0000000a     empty.o (.rodata.str1.161173632875555205051)
                  00004572    0000000a     empty.o (.rodata.str1.97395763982011991711)
                  0000457c    00000008     ti_msp_dl_config.o (.rodata.gLED_rgbConfig)
                  00004584    00000007     empty.o (.rodata.str1.23730775619209645351)
                  0000458b    00000007     empty.o (.rodata.str1.62536263040008563141)
                  00004592    00000006     empty.o (.rodata.str1.122744192048143189441)
                  00004598    00000005     empty.o (.rodata.str1.92454112862644078121)
                  0000459d    00000004     empty.o (.rodata.str1.130542305227401186901)
                  000045a1    00000003     ti_msp_dl_config.o (.rodata.gLED_rgbClockConfig)
                  000045a4    00000003     ti_msp_dl_config.o (.rodata.gTIMER_MSClockConfig)
                  000045a7    00000003     ti_msp_dl_config.o (.rodata.gTIMER_QEIClockConfig)
                  000045aa    00000006     --HOLE-- [fill = 0]

.init_array 
*          0    00000000    00000000     UNINITIALIZED

.binit     0    00000000    00000000     

.data      0    20200000    0000042d     UNINITIALIZED
                  20200000    00000400     OLED13.o (.data.OLED_GRAM)
                  20200400    00000004     empty.o (.data.Ex_cnt)
                  20200404    00000004     libc.a : aeabi_portable.c.obj (.data.__aeabi_errno)
                  20200408    00000004     empty.o (.data.g_ms)
                  2020040c    00000004     empty.o (.data.lastQEITime)
                  20200410    00000004     empty.o (.data.lastQEIValue)
                  20200414    00000004     empty.o (.data.lastRotTime)
                  20200418    00000004     empty.o (.data.qeiDirection)
                  2020041c    00000004     empty.o (.data.qeiPeriod)
                  20200420    00000004     empty.o (.data.qeiPhaseLag_ms)
                  20200424    00000003     empty.o (.data.rgb)
                  20200427    00000001     empty.o (.data.colorIdx)
                  20200428    00000001     empty.o (.data.inSetMode)
                  20200429    00000001     empty.o (.data.keyLongDone)
                  2020042a    00000001     empty.o (.data.keyPressed)
                  2020042b    00000001     empty.o (.data.keyRising)
                  2020042c    00000001     empty.o (.data.setStep)

.bss       0    20200430    00000218     UNINITIALIZED
                  20200430    000000bc     (.common:gCAPTURE_0Backup)
                  202004ec    000000bc     (.common:gLED_rgbBackup)
                  202005a8    000000a0     (.common:gTIMER_QEIBackup)

.stack     0    20207e00    00000200     UNINITIALIZED
                  20207e00    00000004     libc.a : boot_cortex_m.c.obj (.stack)
                  20207e04    000001fc     --HOLE--

__llvm_prf_cnts 
*          0    20200000    00000000     UNINITIALIZED

__llvm_prf_bits 
*          0    20200000    00000000     UNINITIALIZED

MODULE SUMMARY

       Module                         code    ro data   rw data
       ------                         ----    -------   -------
    .\
       I2C_GPIO_25a.o                 2910    0         0      
       OLED13.o                       1590    0         1024   
       OLED_Font.o                    0       1712      0      
       empty.o                        1440    145       41     
       ti_msp_dl_config.o             724     56        536    
       startup_mspm0g350x_ticlang.o   6       192       0      
    +--+------------------------------+-------+---------+---------+
       Total:                         6670    2105      1601   
                                                               
    D:/01soft/TI/mspmo_sdk/mspm0_sdk_2_06_00_05/source/ti/driverlib/lib/ticlang/m0p/mspm0g1x0x_g3x0x/driverlib.a
       dl_timer.o                     892     12        0      
       dl_common.o                    10      0         0      
    +--+------------------------------+-------+---------+---------+
       Total:                         902     12        0      
                                                               
    D:\01soft\TI\CSS\ccs\tools\compiler\ti-cgt-armllvm_3.2.2.LTS\lib\armv6m-ti-none-eabi/c/libc.a
       _printfi.c.obj                 4558    34        0      
       aeabi_ctype.S.obj              0       257       0      
       s_scalbn.c.obj                 216     0         0      
       memcpy16.S.obj                 154     0         0      
       snprintf.c.obj                 148     0         0      
       copy_decompress_lzss.c.obj     120     0         0      
       memset16.S.obj                 98      0         0      
       s_frexp.c.obj                  92      0         0      
       _ltoa.c.obj                    88      0         0      
       atoi.c.obj                     64      0         0      
       autoinit.c.obj                 60      0         0      
       boot_cortex_m.c.obj            40      0         0      
       memccpy.c.obj                  34      0         0      
       copy_zero_init.c.obj           22      0         0      
       copy_decompress_none.c.obj     18      0         0      
       wcslen.c.obj                   16      0         0      
       aeabi_portable.c.obj           8       0         4      
       exit.c.obj                     4       0         0      
       pre_init.c.obj                 4       0         0      
    +--+------------------------------+-------+---------+---------+
       Total:                         5744    291       4      
                                                               
    D:\01soft\TI\CSS\ccs\tools\compiler\ti-cgt-armllvm_3.2.2.LTS\lib\clang/15.0.7/lib/armv6m-ti-none-eabi/libclang_rt.builtins.a
       adddf3.S.obj                   418     0         0      
       divdf3.S.obj                   268     0         0      
       muldf3.S.obj                   228     0         0      
       comparedf2.c.obj               220     0         0      
       udivmoddi4.S.obj               162     0         0      
       mulsf3.S.obj                   140     0         0      
       aeabi_dcmp.S.obj               98      0         0      
       aeabi_idivmod.S.obj            86      0         0      
       fixdfsi.S.obj                  74      0         0      
       aeabi_uidivmod.S.obj           64      0         0      
       extendsfdf2.S.obj              64      0         0      
       muldsi3.S.obj                  58      0         0      
       floatsidf.S.obj                44      0         0      
       floatunsisf.S.obj              40      0         0      
       muldi3.S.obj                   36      0         0      
       ashldi3.S.obj                  30      0         0      
       aeabi_uldivmod.S.obj           20      0         0      
       aeabi_memset.S.obj             14      0         0      
       aeabi_memcpy.S.obj             8       0         0      
       aeabi_div0.c.obj               4       0         0      
    +--+------------------------------+-------+---------+---------+
       Total:                         2076    0         0      
                                                               
       Stack:                         0       0         512    
       Linker Generated:              0       48        0      
    +--+------------------------------+-------+---------+---------+
       Grand Total:                   15392   2456      2117   


LINKER GENERATED COPY TABLES

__TI_cinit_table @ 000045d0 records: 2, size/record: 8, table size: 16
	.data: load addr=000045b0, load size=0000000c bytes, run addr=20200000, run size=0000042d bytes, compression=lzss
	.bss: load addr=000045c8, load size=00000008 bytes, run addr=20200430, run size=00000218 bytes, compression=zero_init


LINKER GENERATED HANDLER TABLE

__TI_handler_table @ 000045bc records: 3, size/record: 4, table size: 12
	index: 0, handler: __TI_decompress_lzss
	index: 1, handler: __TI_decompress_none
	index: 2, handler: __TI_zero_init


FAR CALL TRAMPOLINES

callee name               trampoline name
   callee addr  tramp addr   call addr  call info
--------------  -----------  ---------  ----------------
__aeabi_dsub              $Tramp$TT$L$PI$$__aeabi_dsub
   00001ee1     00003cbc     00003cba   libc.a : _printfi.c.obj (.text.OUTLINED_FUNCTION_0)

[1 trampolines]
[1 trampoline calls]


GLOBAL SYMBOLS: SORTED ALPHABETICALLY BY Name 

address   name                            
-------   ----                            
00002073  ADC0_IRQHandler                 
00002073  ADC1_IRQHandler                 
00002073  AES_IRQHandler                  
00003cf0  C$$EXIT                         
00002073  CANFD0_IRQHandler               
00002073  DAC0_IRQHandler                 
00003ca9  DL_Common_delayCycles           
000026c5  DL_Timer_initCaptureMode        
00002a01  DL_Timer_initFourCCPWMMode      
00002b05  DL_Timer_initTimerMode          
00003b89  DL_Timer_setCaptCompUpdateMethod
00003bc1  DL_Timer_setCaptureCompareOutCtl
00003c6d  DL_Timer_setCaptureCompareValue 
00003ba5  DL_Timer_setClockConfig         
00002073  DMA_IRQHandler                  
00002073  Default_Handler                 
20200400  Ex_cnt                          
000043f1  Front_16x16Tab                  
00003d00  Front_16x8Tab                   
00002073  GROUP0_IRQHandler               
000037b5  GROUP1_IRQHandler               
00002073  HardFault_Handler               
00002073  I2C0_IRQHandler                 
00002073  I2C1_IRQHandler                 
000032b5  I2CB1_Init                      
00002073  NMI_Handler                     
00002325  OLED_Clear                      
20200000  OLED_GRAM                       
000027e1  OLED_Init                       
000021d9  OLED_Refresh                    
00002075  OLED_ShowCHinese                
00002c01  OLED_ShowChar                   
000038f9  OLED_ShowString                 
00003c49  OLED_WR_Byte                    
00002073  PendSV_Handler                  
00002073  RTC_IRQHandler                  
00003ce9  Reset_Handler                   
00002073  SPI0_IRQHandler                 
00002073  SPI1_IRQHandler                 
00002073  SVC_Handler                     
00003a79  SYSCFG_DL_CAPTURE_0_init        
00003009  SYSCFG_DL_GPIO_init             
00002ead  SYSCFG_DL_LED_rgb_init          
000039e9  SYSCFG_DL_SYSCTL_init           
000039b1  SYSCFG_DL_TIMER_MS_init         
00003515  SYSCFG_DL_TIMER_QEI_init        
000037f9  SYSCFG_DL_init                  
00003675  SYSCFG_DL_initPower             
00002073  SysTick_Handler                 
00002073  TIMA0_IRQHandler                
00002073  TIMA1_IRQHandler                
00002073  TIMG0_IRQHandler                
00003bd9  TIMG12_IRQHandler               
00002073  TIMG6_IRQHandler                
00002073  TIMG7_IRQHandler                
00002073  TIMG8_IRQHandler                
00002073  UART0_IRQHandler                
00002073  UART1_IRQHandler                
00002073  UART2_IRQHandler                
00002073  UART3_IRQHandler                
00000ac1  Write_IIC_Command               
00001031  Write_IIC_Data                  
20208000  __STACK_END                     
00000200  __STACK_SIZE                    
00000000  __TI_ATRegion0_region_sz        
00000000  __TI_ATRegion0_src_addr         
00000000  __TI_ATRegion0_trg_addr         
00000000  __TI_ATRegion1_region_sz        
00000000  __TI_ATRegion1_src_addr         
00000000  __TI_ATRegion1_trg_addr         
00000000  __TI_ATRegion2_region_sz        
00000000  __TI_ATRegion2_src_addr         
00000000  __TI_ATRegion2_trg_addr         
000045d0  __TI_CINIT_Base                 
000045e0  __TI_CINIT_Limit                
000045e0  __TI_CINIT_Warm                 
000045bc  __TI_Handler_Table_Base         
000045c8  __TI_Handler_Table_Limit        
00003939  __TI_auto_init_nobinit_nopinit  
000031cd  __TI_decompress_lzss            
00003c5b  __TI_decompress_none            
0000356d  __TI_ltoa                       
ffffffff  __TI_pprof_out_hndl             
000000c1  __TI_printfi                    
ffffffff  __TI_prof_data_size             
ffffffff  __TI_prof_data_start            
00000000  __TI_static_base__              
00003c09  __TI_zero_init_nomemset         
00001eeb  __adddf3                        
000042f0  __aeabi_ctype_table_            
000042f0  __aeabi_ctype_table_C           
00003769  __aeabi_d2iz                    
00001eeb  __aeabi_dadd                    
000033f5  __aeabi_dcmpeq                  
00003431  __aeabi_dcmpge                  
00003445  __aeabi_dcmpgt                  
0000341d  __aeabi_dcmple                  
00003409  __aeabi_dcmplt                  
000028f5  __aeabi_ddiv                    
00002cf1  __aeabi_dmul                    
00001ee1  __aeabi_dsub                    
20200404  __aeabi_errno                   
00003cd9  __aeabi_errno_addr              
00003879  __aeabi_f2d                     
00003141  __aeabi_fmul                    
00003aa5  __aeabi_i2d                     
0000361d  __aeabi_idiv                    
00003007  __aeabi_idiv0                   
0000361d  __aeabi_idivmod                 
0000313f  __aeabi_ldiv0                   
00003b69  __aeabi_llsl                    
00003b21  __aeabi_lmul                    
00003ce1  __aeabi_memcpy                  
00003ce1  __aeabi_memcpy4                 
00003ce1  __aeabi_memcpy8                 
00003c8d  __aeabi_memset                  
00003c8d  __aeabi_memset4                 
00003c8d  __aeabi_memset8                 
00003ad1  __aeabi_ui2f                    
00003839  __aeabi_uidiv                   
00003839  __aeabi_uidivmod                
00003c21  __aeabi_uldivmod                
00003b69  __ashldi3                       
ffffffff  __binit__                       
00003321  __cmpdf2                        
000028f5  __divdf3                        
00003321  __eqdf2                         
00003879  __extendsfdf2                   
00003769  __fixdfsi                       
00003aa5  __floatsidf                     
00003ad1  __floatunsisf                   
00003245  __gedf2                         
00003245  __gtdf2                         
00003321  __ledf2                         
00003321  __ltdf2                         
UNDEFED   __mpu_init                      
00002cf1  __muldf3                        
00003b21  __muldi3                        
00003975  __muldsi3                       
00003141  __mulsf3                        
00003321  __nedf2                         
20207e00  __stack                         
20200000  __start___llvm_prf_bits         
20200000  __start___llvm_prf_cnts         
20200000  __stop___llvm_prf_bits          
20200000  __stop___llvm_prf_cnts          
00001ee1  __subdf3                        
00002f65  __udivmoddi4                    
00003af9  _c_int00_noargs                 
UNDEFED   _system_post_cinit              
00003ced  _system_pre_init                
00003cf1  abort                           
000038b9  atoi                            
ffffffff  binit                           
000034b9  frexp                           
000034b9  frexpl                          
20200430  gCAPTURE_0Backup                
202004ec  gLED_rgbBackup                  
202005a8  gTIMER_QEIBackup                
20200408  g_ms                            
00000000  interruptVectors                
20200429  keyLongDone                     
2020042a  keyPressed                      
2020042b  keyRising                       
2020040c  lastQEITime                     
20200410  lastQEIValue                    
00002dd5  ldexp                           
00002dd5  ldexpl                          
000015a1  main                            
00003b45  memccpy                         
000030a5  memcpy                          
00003457  memset                          
20200418  qeiDirection                    
2020041c  qeiPeriod                       
20200420  qeiPhaseLag_ms                  
00002dd5  scalbn                          
00002dd5  scalbnl                         
0000371d  snprintf                        
00003c7d  wcslen                          


GLOBAL SYMBOLS: SORTED BY Symbol Address 

address   name                            
-------   ----                            
00000000  __TI_ATRegion0_region_sz        
00000000  __TI_ATRegion0_src_addr         
00000000  __TI_ATRegion0_trg_addr         
00000000  __TI_ATRegion1_region_sz        
00000000  __TI_ATRegion1_src_addr         
00000000  __TI_ATRegion1_trg_addr         
00000000  __TI_ATRegion2_region_sz        
00000000  __TI_ATRegion2_src_addr         
00000000  __TI_ATRegion2_trg_addr         
00000000  __TI_static_base__              
00000000  interruptVectors                
000000c1  __TI_printfi                    
00000200  __STACK_SIZE                    
00000ac1  Write_IIC_Command               
00001031  Write_IIC_Data                  
000015a1  main                            
00001ee1  __aeabi_dsub                    
00001ee1  __subdf3                        
00001eeb  __adddf3                        
00001eeb  __aeabi_dadd                    
00002073  ADC0_IRQHandler                 
00002073  ADC1_IRQHandler                 
00002073  AES_IRQHandler                  
00002073  CANFD0_IRQHandler               
00002073  DAC0_IRQHandler                 
00002073  DMA_IRQHandler                  
00002073  Default_Handler                 
00002073  GROUP0_IRQHandler               
00002073  HardFault_Handler               
00002073  I2C0_IRQHandler                 
00002073  I2C1_IRQHandler                 
00002073  NMI_Handler                     
00002073  PendSV_Handler                  
00002073  RTC_IRQHandler                  
00002073  SPI0_IRQHandler                 
00002073  SPI1_IRQHandler                 
00002073  SVC_Handler                     
00002073  SysTick_Handler                 
00002073  TIMA0_IRQHandler                
00002073  TIMA1_IRQHandler                
00002073  TIMG0_IRQHandler                
00002073  TIMG6_IRQHandler                
00002073  TIMG7_IRQHandler                
00002073  TIMG8_IRQHandler                
00002073  UART0_IRQHandler                
00002073  UART1_IRQHandler                
00002073  UART2_IRQHandler                
00002073  UART3_IRQHandler                
00002075  OLED_ShowCHinese                
000021d9  OLED_Refresh                    
00002325  OLED_Clear                      
000026c5  DL_Timer_initCaptureMode        
000027e1  OLED_Init                       
000028f5  __aeabi_ddiv                    
000028f5  __divdf3                        
00002a01  DL_Timer_initFourCCPWMMode      
00002b05  DL_Timer_initTimerMode          
00002c01  OLED_ShowChar                   
00002cf1  __aeabi_dmul                    
00002cf1  __muldf3                        
00002dd5  ldexp                           
00002dd5  ldexpl                          
00002dd5  scalbn                          
00002dd5  scalbnl                         
00002ead  SYSCFG_DL_LED_rgb_init          
00002f65  __udivmoddi4                    
00003007  __aeabi_idiv0                   
00003009  SYSCFG_DL_GPIO_init             
000030a5  memcpy                          
0000313f  __aeabi_ldiv0                   
00003141  __aeabi_fmul                    
00003141  __mulsf3                        
000031cd  __TI_decompress_lzss            
00003245  __gedf2                         
00003245  __gtdf2                         
000032b5  I2CB1_Init                      
00003321  __cmpdf2                        
00003321  __eqdf2                         
00003321  __ledf2                         
00003321  __ltdf2                         
00003321  __nedf2                         
000033f5  __aeabi_dcmpeq                  
00003409  __aeabi_dcmplt                  
0000341d  __aeabi_dcmple                  
00003431  __aeabi_dcmpge                  
00003445  __aeabi_dcmpgt                  
00003457  memset                          
000034b9  frexp                           
000034b9  frexpl                          
00003515  SYSCFG_DL_TIMER_QEI_init        
0000356d  __TI_ltoa                       
0000361d  __aeabi_idiv                    
0000361d  __aeabi_idivmod                 
00003675  SYSCFG_DL_initPower             
0000371d  snprintf                        
00003769  __aeabi_d2iz                    
00003769  __fixdfsi                       
000037b5  GROUP1_IRQHandler               
000037f9  SYSCFG_DL_init                  
00003839  __aeabi_uidiv                   
00003839  __aeabi_uidivmod                
00003879  __aeabi_f2d                     
00003879  __extendsfdf2                   
000038b9  atoi                            
000038f9  OLED_ShowString                 
00003939  __TI_auto_init_nobinit_nopinit  
00003975  __muldsi3                       
000039b1  SYSCFG_DL_TIMER_MS_init         
000039e9  SYSCFG_DL_SYSCTL_init           
00003a79  SYSCFG_DL_CAPTURE_0_init        
00003aa5  __aeabi_i2d                     
00003aa5  __floatsidf                     
00003ad1  __aeabi_ui2f                    
00003ad1  __floatunsisf                   
00003af9  _c_int00_noargs                 
00003b21  __aeabi_lmul                    
00003b21  __muldi3                        
00003b45  memccpy                         
00003b69  __aeabi_llsl                    
00003b69  __ashldi3                       
00003b89  DL_Timer_setCaptCompUpdateMethod
00003ba5  DL_Timer_setClockConfig         
00003bc1  DL_Timer_setCaptureCompareOutCtl
00003bd9  TIMG12_IRQHandler               
00003c09  __TI_zero_init_nomemset         
00003c21  __aeabi_uldivmod                
00003c49  OLED_WR_Byte                    
00003c5b  __TI_decompress_none            
00003c6d  DL_Timer_setCaptureCompareValue 
00003c7d  wcslen                          
00003c8d  __aeabi_memset                  
00003c8d  __aeabi_memset4                 
00003c8d  __aeabi_memset8                 
00003ca9  DL_Common_delayCycles           
00003cd9  __aeabi_errno_addr              
00003ce1  __aeabi_memcpy                  
00003ce1  __aeabi_memcpy4                 
00003ce1  __aeabi_memcpy8                 
00003ce9  Reset_Handler                   
00003ced  _system_pre_init                
00003cf0  C$$EXIT                         
00003cf1  abort                           
00003d00  Front_16x8Tab                   
000042f0  __aeabi_ctype_table_            
000042f0  __aeabi_ctype_table_C           
000043f1  Front_16x16Tab                  
000045bc  __TI_Handler_Table_Base         
000045c8  __TI_Handler_Table_Limit        
000045d0  __TI_CINIT_Base                 
000045e0  __TI_CINIT_Limit                
000045e0  __TI_CINIT_Warm                 
20200000  OLED_GRAM                       
20200000  __start___llvm_prf_bits         
20200000  __start___llvm_prf_cnts         
20200000  __stop___llvm_prf_bits          
20200000  __stop___llvm_prf_cnts          
20200400  Ex_cnt                          
20200404  __aeabi_errno                   
20200408  g_ms                            
2020040c  lastQEITime                     
20200410  lastQEIValue                    
20200418  qeiDirection                    
2020041c  qeiPeriod                       
20200420  qeiPhaseLag_ms                  
20200429  keyLongDone                     
2020042a  keyPressed                      
2020042b  keyRising                       
20200430  gCAPTURE_0Backup                
202004ec  gLED_rgbBackup                  
202005a8  gTIMER_QEIBackup                
20207e00  __stack                         
20208000  __STACK_END                     
ffffffff  __TI_pprof_out_hndl             
ffffffff  __TI_prof_data_size             
ffffffff  __TI_prof_data_start            
ffffffff  __binit__                       
ffffffff  binit                           
UNDEFED   __mpu_init                      
UNDEFED   _system_post_cinit              

[179 symbols]
