******************************************************************************
            TI ARM Clang Linker PC v3.2.2                      
******************************************************************************
>> Linked Wed Oct 29 18:44:24 2025

OUTPUT FILE NAME:   <37520232205086_Button_MSPM0G3507_nortos_ticlang.out>
ENTRY POINT SYMBOL: "_c_int00_noargs"  address: 000038d9


MEMORY CONFIGURATION

         name            origin    length      used     unused   attr    fill
----------------------  --------  ---------  --------  --------  ----  --------
  FLASH                 00000000   00020000  00004398  0001bc68  R  X
  SRAM                  20200000   00008000  0000082c  000077d4  RW X
  BCR_CONFIG            41c00000   000000ff  00000000  000000ff  R   
  BSL_CONFIG            41c00100   00000080  00000000  00000080  R   


SEGMENT ALLOCATION MAP

run origin  load origin   length   init length attrs members
----------  ----------- ---------- ----------- ----- -------
00000000    00000000    00003ad8   00003ad8    r-x
  00000000    00000000    000000c0   000000c0    r-- .intvecs
  000000c0    000000c0    00003a18   00003a18    r-x .text
00003ae0    00003ae0    000008c0   000008c0    r--
  00003ae0    00003ae0    00000890   00000890    r-- .rodata
  00004370    00004370    00000030   00000030    r-- .cinit
20200000    20200000    0000062c   00000000    rw-
  20200000    20200000    00000430   00000000    rw- .data
  20200430    20200430    000001fc   00000000    rw- .bss
20207e00    20207e00    00000200   00000000    rw-
  20207e00    20207e00    00000200   00000000    rw- .stack


SECTION ALLOCATION MAP

 output                                  attributes/
section   page    origin      length       input sections
--------  ----  ----------  ----------   ----------------
.intvecs   0    00000000    000000c0     
                  00000000    000000c0     startup_mspm0g350x_ticlang.o (.intvecs)

.text      0    000000c0    00003a18     
                  000000c0    00000a00     libc.a : _printfi.c.obj (.text:__TI_printfi)
                  00000ac0    00000570     I2C_GPIO_25a.o (.text.Write_IIC_Command)
                  00001030    00000570     I2C_GPIO_25a.o (.text.Write_IIC_Data)
                  000015a0    00000444     empty.o (.text.main)
                  000019e4    00000220     libc.a : _printfi.c.obj (.text._pconv_a)
                  00001c04    000001dc            : _printfi.c.obj (.text._pconv_g)
                  00001de0    00000192     libclang_rt.builtins.a : adddf3.S.obj (.text.adddf3_subdf3)
                  00001f72    00000002     startup_mspm0g350x_ticlang.o (.text.Default_Handler)
                  00001f74    00000164     OLED13.o (.text.OLED_ShowCHinese)
                  000020d8    0000014c     OLED13.o (.text.OLED_Refresh)
                  00002224    00000144     OLED13.o (.text.OLED_Clear)
                  00002368    0000013c     libc.a : _printfi.c.obj (.text.fcvt)
                  000024a4    00000120            : _printfi.c.obj (.text._pconv_e)
                  000025c4    00000114     OLED13.o (.text.OLED_Init)
                  000026d8    0000010c     libclang_rt.builtins.a : divdf3.S.obj (.text.__divdf3)
                  000027e4    00000104     driverlib.a : dl_timer.o (.text.DL_Timer_initFourCCPWMMode)
                  000028e8    000000fc                 : dl_timer.o (.text.DL_Timer_initTimerMode)
                  000029e4    000000f0     OLED13.o (.text.OLED_ShowChar)
                  00002ad4    000000e4     libclang_rt.builtins.a : muldf3.S.obj (.text.__muldf3)
                  00002bb8    000000d8     libc.a : s_scalbn.c.obj (.text.scalbn)
                  00002c90    000000b8     ti_msp_dl_config.o (.text.SYSCFG_DL_LED_rgb_init)
                  00002d48    000000a2     libclang_rt.builtins.a : udivmoddi4.S.obj (.text)
                  00002dea    0000009a     libc.a : memcpy16.S.obj (.text:memcpy)
                  00002e84    00000098     empty.o (.text.enterSetMode)
                  00002f1c    0000008c     libclang_rt.builtins.a : mulsf3.S.obj (.text.__mulsf3)
                  00002fa8    00000088     ti_msp_dl_config.o (.text.SYSCFG_DL_GPIO_init)
                  00003030    00000078     libc.a : copy_decompress_lzss.c.obj (.text:decompress:lzss)
                  000030a8    00000070     libclang_rt.builtins.a : comparedf2.c.obj (.text.__gedf2)
                  00003118    0000006c     I2C_GPIO_25a.o (.text.I2CB1_Init)
                  00003184    0000006c     libclang_rt.builtins.a : comparedf2.c.obj (.text.__ledf2)
                  000031f0    00000066     libc.a : _printfi.c.obj (.text._mcpy)
                  00003256    00000002     libclang_rt.builtins.a : aeabi_div0.c.obj (.text.__aeabi_idiv0)
                  00003258    00000062                            : aeabi_dcmp.S.obj (.text.__aeabi_dcmp)
                  000032ba    00000062     libc.a : memset16.S.obj (.text:memset)
                  0000331c    0000005c            : s_frexp.c.obj (.text.frexp)
                  00003378    00000058     ti_msp_dl_config.o (.text.SYSCFG_DL_TIMER_QEI_init)
                  000033d0    00000058     libc.a : _ltoa.c.obj (.text.__TI_ltoa)
                  00003428    00000058            : _printfi.c.obj (.text._pconv_f)
                  00003480    00000056     libclang_rt.builtins.a : aeabi_idivmod.S.obj (.text.__aeabi_idivmod)
                  000034d6    00000052     libc.a : _printfi.c.obj (.text._ecpy)
                  00003528    0000004c            : snprintf.c.obj (.text.snprintf)
                  00003574    0000004a     libclang_rt.builtins.a : fixdfsi.S.obj (.text.__fixdfsi)
                  000035be    00000002                            : aeabi_div0.c.obj (.text.__aeabi_ldiv0)
                  000035c0    00000048     ti_msp_dl_config.o (.text.SYSCFG_DL_initPower)
                  00003608    00000040     libclang_rt.builtins.a : aeabi_uidivmod.S.obj (.text.__aeabi_uidivmod)
                  00003648    00000040                            : extendsfdf2.S.obj (.text.__extendsfdf2)
                  00003688    00000040     libc.a : atoi.c.obj (.text.atoi)
                  000036c8    0000003e     OLED13.o (.text.OLED_ShowString)
                  00003706    00000002     --HOLE-- [fill = 0]
                  00003708    0000003c     ti_msp_dl_config.o (.text.SYSCFG_DL_init)
                  00003744    0000003c     libc.a : autoinit.c.obj (.text:__TI_auto_init_nobinit_nopinit)
                  00003780    0000003a     libclang_rt.builtins.a : muldsi3.S.obj (.text.__muldsi3)
                  000037ba    00000002     --HOLE-- [fill = 0]
                  000037bc    00000038     ti_msp_dl_config.o (.text.SYSCFG_DL_TIMER_MS_init)
                  000037f4    00000030     ti_msp_dl_config.o (.text.SYSCFG_DL_SYSCTL_init)
                  00003824    00000030     libc.a : _printfi.c.obj (.text._fcpy)
                  00003854    00000030            : snprintf.c.obj (.text._outs)
                  00003884    0000002c     libclang_rt.builtins.a : floatsidf.S.obj (.text.__floatsidf)
                  000038b0    00000028                            : floatunsisf.S.obj (.text.__floatunsisf)
                  000038d8    00000028     libc.a : boot_cortex_m.c.obj (.text:_c_int00_noargs)
                  00003900    00000024     libclang_rt.builtins.a : muldi3.S.obj (.text.__muldi3)
                  00003924    00000022     libc.a : memccpy.c.obj (.text.memccpy)
                  00003946    00000002     --HOLE-- [fill = 0]
                  00003948    0000001e     libclang_rt.builtins.a : ashldi3.S.obj (.text.__ashldi3)
                  00003966    00000002     --HOLE-- [fill = 0]
                  00003968    0000001c     driverlib.a : dl_timer.o (.text.DL_Timer_setCaptCompUpdateMethod)
                  00003984    0000001c                 : dl_timer.o (.text.DL_Timer_setClockConfig)
                  000039a0    00000018                 : dl_timer.o (.text.DL_Timer_setCaptureCompareOutCtl)
                  000039b8    00000018     empty.o (.text.TIMG6_IRQHandler)
                  000039d0    00000018     libc.a : snprintf.c.obj (.text._outc)
                  000039e8    00000016            : copy_zero_init.c.obj (.text:decompress:ZI:__TI_zero_init_nomemset)
                  000039fe    00000002     --HOLE-- [fill = 0]
                  00003a00    00000014     libclang_rt.builtins.a : aeabi_uldivmod.S.obj (.text.__aeabi_uldivmod)
                  00003a14    00000014     libc.a : _printfi.c.obj (.text.strchr)
                  00003a28    00000012     I2C_GPIO_25a.o (.text.OLED_WR_Byte)
                  00003a3a    00000012     libc.a : copy_decompress_none.c.obj (.text:decompress:none)
                  00003a4c    00000010     driverlib.a : dl_timer.o (.text.DL_Timer_setCaptureCompareValue)
                  00003a5c    00000010     libc.a : wcslen.c.obj (.text.wcslen)
                  00003a6c    0000000e     libclang_rt.builtins.a : aeabi_memset.S.obj (.text.__aeabi_memset)
                  00003a7a    0000000e     libc.a : _printfi.c.obj (.text.strlen)
                  00003a88    0000000a     driverlib.a : dl_common.o (.text.DL_Common_delayCycles)
                  00003a92    0000000a     libc.a : _printfi.c.obj (.text.OUTLINED_FUNCTION_0)
                  00003a9c    00000010     libclang_rt.builtins.a : adddf3.S.obj (.tramp.__aeabi_dsub.1)
                  00003aac    0000000a     libc.a : _printfi.c.obj (.text.OUTLINED_FUNCTION_1)
                  00003ab6    00000002     --HOLE-- [fill = 0]
                  00003ab8    00000008            : aeabi_portable.c.obj (.text.__aeabi_errno_addr)
                  00003ac0    00000008     libclang_rt.builtins.a : aeabi_memcpy.S.obj (.text.__aeabi_memcpy)
                  00003ac8    00000004     startup_mspm0g350x_ticlang.o (.text.Reset_Handler)
                  00003acc    00000004     libc.a : pre_init.c.obj (.text._system_pre_init)
                  00003ad0    00000004            : exit.c.obj (.text:abort)
                  00003ad4    00000004     --HOLE-- [fill = 0]

.cinit     0    00004370    00000030     
                  00004370    0000000c     (.cinit..data.load) [load image, compression = lzss]
                  0000437c    0000000c     (__TI_handler_table)
                  00004388    00000008     (.cinit..bss.load) [load image, compression = zero_init]
                  00004390    00000010     (__TI_cinit_table)

.rodata    0    00003ae0    00000890     
                  00003ae0    000005f0     OLED_Font.o (.rodata.Front_16x8Tab)
                  000040d0    00000101     libc.a : aeabi_ctype.S.obj (.rodata:__aeabi_ctype_table_)
                  000041d1    000000c0     OLED_Font.o (.rodata.Front_16x16Tab)
                  00004291    00000003     ti_msp_dl_config.o (.rodata.gLED_rgbClockConfig)
                  00004294    00000014     ti_msp_dl_config.o (.rodata.gTIMER_MSTimerConfig)
                  000042a8    00000011     libc.a : _printfi.c.obj (.rodata.str1.11645776875810915891)
                  000042b9    00000011            : _printfi.c.obj (.rodata.str1.44690500295887128011)
                  000042ca    00000010     empty.o (.rodata.str1.134592517678206718851)
                  000042da    0000000f     empty.o (.rodata.str1.155434919592598141311)
                  000042e9    0000000f     empty.o (.rodata.str1.7130503275715014631)
                  000042f8    0000000e     empty.o (.rodata.str1.71922421787461555071)
                  00004306    0000000c     empty.o (.rodata.str1.122744192048143189441)
                  00004312    0000000c     empty.o (.rodata.str1.162906114796922795351)
                  0000431e    0000000c     empty.o (.rodata.str1.62536263040008563141)
                  0000432a    0000000a     empty.o (.rodata.str1.161173632875555205051)
                  00004334    0000000a     empty.o (.rodata.str1.88120250872281083781)
                  0000433e    00000002     --HOLE-- [fill = 0]
                  00004340    00000008     ti_msp_dl_config.o (.rodata.gLED_rgbConfig)
                  00004348    00000007     empty.o (.rodata.str1.130542305227401186901)
                  0000434f    00000006     empty.o (.rodata.str1.23730775619209645351)
                  00004355    00000005     empty.o (.rodata.str1.92454112862644078121)
                  0000435a    00000004     empty.o (.rodata.str1.77532711950248832531)
                  0000435e    00000003     ti_msp_dl_config.o (.rodata.gTIMER_MSClockConfig)
                  00004361    00000003     ti_msp_dl_config.o (.rodata.gTIMER_QEIClockConfig)
                  00004364    0000000c     --HOLE-- [fill = 0]

.init_array 
*          0    00000000    00000000     UNINITIALIZED

.binit     0    00000000    00000000     

.data      0    20200000    00000430     UNINITIALIZED
                  20200000    00000400     OLED13.o (.data.OLED_GRAM)
                  20200400    00000004     empty.o (.data.Ex_cnt)
                  20200404    00000004     libc.a : aeabi_portable.c.obj (.data.__aeabi_errno)
                  20200408    00000004     empty.o (.data.g_ms)
                  2020040c    00000004     empty.o (.data.keyPressTime)
                  20200410    00000004     empty.o (.data.lastQEITime)
                  20200414    00000004     empty.o (.data.lastQEIValue)
                  20200418    00000004     empty.o (.data.lastRotTime)
                  2020041c    00000004     empty.o (.data.qeiDirection)
                  20200420    00000004     empty.o (.data.qeiPeriod)
                  20200424    00000004     empty.o (.data.qeiPhaseLag_ms)
                  20200428    00000003     empty.o (.data.rgb)
                  2020042b    00000001     empty.o (.data.colorIdx)
                  2020042c    00000001     empty.o (.data.inSetMode)
                  2020042d    00000001     empty.o (.data.keyLongDone)
                  2020042e    00000001     empty.o (.data.keyPressed)
                  2020042f    00000001     empty.o (.data.keyRising)

.bss       0    20200430    000001fc     UNINITIALIZED
                  20200430    000000bc     (.common:gLED_rgbBackup)
                  202004ec    000000a0     (.common:gTIMER_MSBackup)
                  2020058c    000000a0     (.common:gTIMER_QEIBackup)

.stack     0    20207e00    00000200     UNINITIALIZED
                  20207e00    00000004     libc.a : boot_cortex_m.c.obj (.stack)
                  20207e04    000001fc     --HOLE--

__llvm_prf_cnts 
*          0    20200000    00000000     UNINITIALIZED

__llvm_prf_bits 
*          0    20200000    00000000     UNINITIALIZED

MODULE SUMMARY

       Module                         code    ro data   rw data
       ------                         ----    -------   -------
    .\
       I2C_GPIO_25a.o                 2910    0         0      
       OLED13.o                       1590    0         1024   
       OLED_Font.o                    0       1712      0      
       empty.o                        1268    138       44     
       ti_msp_dl_config.o             644     37        508    
       startup_mspm0g350x_ticlang.o   6       192       0      
    +--+------------------------------+-------+---------+---------+
       Total:                         6418    2079      1576   
                                                               
    D:/01soft/TI/mspmo_sdk/mspm0_sdk_2_06_00_05/source/ti/driverlib/lib/ticlang/m0p/mspm0g1x0x_g3x0x/driverlib.a
       dl_timer.o                     608     0         0      
       dl_common.o                    10      0         0      
    +--+------------------------------+-------+---------+---------+
       Total:                         618     0         0      
                                                               
    D:\01soft\TI\CSS\ccs\tools\compiler\ti-cgt-armllvm_3.2.2.LTS\lib\armv6m-ti-none-eabi/c/libc.a
       _printfi.c.obj                 4558    34        0      
       aeabi_ctype.S.obj              0       257       0      
       s_scalbn.c.obj                 216     0         0      
       memcpy16.S.obj                 154     0         0      
       snprintf.c.obj                 148     0         0      
       copy_decompress_lzss.c.obj     120     0         0      
       memset16.S.obj                 98      0         0      
       s_frexp.c.obj                  92      0         0      
       _ltoa.c.obj                    88      0         0      
       atoi.c.obj                     64      0         0      
       autoinit.c.obj                 60      0         0      
       boot_cortex_m.c.obj            40      0         0      
       memccpy.c.obj                  34      0         0      
       copy_zero_init.c.obj           22      0         0      
       copy_decompress_none.c.obj     18      0         0      
       wcslen.c.obj                   16      0         0      
       aeabi_portable.c.obj           8       0         4      
       exit.c.obj                     4       0         0      
       pre_init.c.obj                 4       0         0      
    +--+------------------------------+-------+---------+---------+
       Total:                         5744    291       4      
                                                               
    D:\01soft\TI\CSS\ccs\tools\compiler\ti-cgt-armllvm_3.2.2.LTS\lib\clang/15.0.7/lib/armv6m-ti-none-eabi/libclang_rt.builtins.a
       adddf3.S.obj                   418     0         0      
       divdf3.S.obj                   268     0         0      
       muldf3.S.obj                   228     0         0      
       comparedf2.c.obj               220     0         0      
       udivmoddi4.S.obj               162     0         0      
       mulsf3.S.obj                   140     0         0      
       aeabi_dcmp.S.obj               98      0         0      
       aeabi_idivmod.S.obj            86      0         0      
       fixdfsi.S.obj                  74      0         0      
       aeabi_uidivmod.S.obj           64      0         0      
       extendsfdf2.S.obj              64      0         0      
       muldsi3.S.obj                  58      0         0      
       floatsidf.S.obj                44      0         0      
       floatunsisf.S.obj              40      0         0      
       muldi3.S.obj                   36      0         0      
       ashldi3.S.obj                  30      0         0      
       aeabi_uldivmod.S.obj           20      0         0      
       aeabi_memset.S.obj             14      0         0      
       aeabi_memcpy.S.obj             8       0         0      
       aeabi_div0.c.obj               4       0         0      
    +--+------------------------------+-------+---------+---------+
       Total:                         2076    0         0      
                                                               
       Stack:                         0       0         512    
       Linker Generated:              0       48        0      
    +--+------------------------------+-------+---------+---------+
       Grand Total:                   14856   2418      2092   


LINKER GENERATED COPY TABLES

__TI_cinit_table @ 00004390 records: 2, size/record: 8, table size: 16
	.data: load addr=00004370, load size=0000000c bytes, run addr=20200000, run size=00000430 bytes, compression=lzss
	.bss: load addr=00004388, load size=00000008 bytes, run addr=20200430, run size=000001fc bytes, compression=zero_init


LINKER GENERATED HANDLER TABLE

__TI_handler_table @ 0000437c records: 3, size/record: 4, table size: 12
	index: 0, handler: __TI_decompress_lzss
	index: 1, handler: __TI_decompress_none
	index: 2, handler: __TI_zero_init


FAR CALL TRAMPOLINES

callee name               trampoline name
   callee addr  tramp addr   call addr  call info
--------------  -----------  ---------  ----------------
__aeabi_dsub              $Tramp$TT$L$PI$$__aeabi_dsub
   00001de1     00003a9c     00003a9a   libc.a : _printfi.c.obj (.text.OUTLINED_FUNCTION_0)

[1 trampolines]
[1 trampoline calls]


GLOBAL SYMBOLS: SORTED ALPHABETICALLY BY Name 

address   name                            
-------   ----                            
00001f73  ADC0_IRQHandler                 
00001f73  ADC1_IRQHandler                 
00001f73  AES_IRQHandler                  
00003ad0  C$$EXIT                         
00001f73  CANFD0_IRQHandler               
00001f73  DAC0_IRQHandler                 
00003a89  DL_Common_delayCycles           
000027e5  DL_Timer_initFourCCPWMMode      
000028e9  DL_Timer_initTimerMode          
00003969  DL_Timer_setCaptCompUpdateMethod
000039a1  DL_Timer_setCaptureCompareOutCtl
00003a4d  DL_Timer_setCaptureCompareValue 
00003985  DL_Timer_setClockConfig         
00001f73  DMA_IRQHandler                  
00001f73  Default_Handler                 
20200400  Ex_cnt                          
000041d1  Front_16x16Tab                  
00003ae0  Front_16x8Tab                   
00001f73  GROUP0_IRQHandler               
00001f73  GROUP1_IRQHandler               
00001f73  HardFault_Handler               
00001f73  I2C0_IRQHandler                 
00001f73  I2C1_IRQHandler                 
00003119  I2CB1_Init                      
00001f73  NMI_Handler                     
00002225  OLED_Clear                      
20200000  OLED_GRAM                       
000025c5  OLED_Init                       
000020d9  OLED_Refresh                    
00001f75  OLED_ShowCHinese                
000029e5  OLED_ShowChar                   
000036c9  OLED_ShowString                 
00003a29  OLED_WR_Byte                    
00001f73  PendSV_Handler                  
00001f73  RTC_IRQHandler                  
00003ac9  Reset_Handler                   
00001f73  SPI0_IRQHandler                 
00001f73  SPI1_IRQHandler                 
00001f73  SVC_Handler                     
00002fa9  SYSCFG_DL_GPIO_init             
00002c91  SYSCFG_DL_LED_rgb_init          
000037f5  SYSCFG_DL_SYSCTL_init           
000037bd  SYSCFG_DL_TIMER_MS_init         
00003379  SYSCFG_DL_TIMER_QEI_init        
00003709  SYSCFG_DL_init                  
000035c1  SYSCFG_DL_initPower             
00001f73  SysTick_Handler                 
00001f73  TIMA0_IRQHandler                
00001f73  TIMA1_IRQHandler                
00001f73  TIMG0_IRQHandler                
00001f73  TIMG12_IRQHandler               
000039b9  TIMG6_IRQHandler                
00001f73  TIMG7_IRQHandler                
00001f73  TIMG8_IRQHandler                
00001f73  UART0_IRQHandler                
00001f73  UART1_IRQHandler                
00001f73  UART2_IRQHandler                
00001f73  UART3_IRQHandler                
00000ac1  Write_IIC_Command               
00001031  Write_IIC_Data                  
20208000  __STACK_END                     
00000200  __STACK_SIZE                    
00000000  __TI_ATRegion0_region_sz        
00000000  __TI_ATRegion0_src_addr         
00000000  __TI_ATRegion0_trg_addr         
00000000  __TI_ATRegion1_region_sz        
00000000  __TI_ATRegion1_src_addr         
00000000  __TI_ATRegion1_trg_addr         
00000000  __TI_ATRegion2_region_sz        
00000000  __TI_ATRegion2_src_addr         
00000000  __TI_ATRegion2_trg_addr         
00004390  __TI_CINIT_Base                 
000043a0  __TI_CINIT_Limit                
000043a0  __TI_CINIT_Warm                 
0000437c  __TI_Handler_Table_Base         
00004388  __TI_Handler_Table_Limit        
00003745  __TI_auto_init_nobinit_nopinit  
00003031  __TI_decompress_lzss            
00003a3b  __TI_decompress_none            
000033d1  __TI_ltoa                       
ffffffff  __TI_pprof_out_hndl             
000000c1  __TI_printfi                    
ffffffff  __TI_prof_data_size             
ffffffff  __TI_prof_data_start            
00000000  __TI_static_base__              
000039e9  __TI_zero_init_nomemset         
00001deb  __adddf3                        
000040d0  __aeabi_ctype_table_            
000040d0  __aeabi_ctype_table_C           
00003575  __aeabi_d2iz                    
00001deb  __aeabi_dadd                    
00003259  __aeabi_dcmpeq                  
00003295  __aeabi_dcmpge                  
000032a9  __aeabi_dcmpgt                  
00003281  __aeabi_dcmple                  
0000326d  __aeabi_dcmplt                  
000026d9  __aeabi_ddiv                    
00002ad5  __aeabi_dmul                    
00001de1  __aeabi_dsub                    
20200404  __aeabi_errno                   
00003ab9  __aeabi_errno_addr              
00003649  __aeabi_f2d                     
00002f1d  __aeabi_fmul                    
00003885  __aeabi_i2d                     
00003481  __aeabi_idiv                    
00003257  __aeabi_idiv0                   
00003481  __aeabi_idivmod                 
000035bf  __aeabi_ldiv0                   
00003949  __aeabi_llsl                    
00003901  __aeabi_lmul                    
00003ac1  __aeabi_memcpy                  
00003ac1  __aeabi_memcpy4                 
00003ac1  __aeabi_memcpy8                 
00003a6d  __aeabi_memset                  
00003a6d  __aeabi_memset4                 
00003a6d  __aeabi_memset8                 
000038b1  __aeabi_ui2f                    
00003609  __aeabi_uidiv                   
00003609  __aeabi_uidivmod                
00003a01  __aeabi_uldivmod                
00003949  __ashldi3                       
ffffffff  __binit__                       
00003185  __cmpdf2                        
000026d9  __divdf3                        
00003185  __eqdf2                         
00003649  __extendsfdf2                   
00003575  __fixdfsi                       
00003885  __floatsidf                     
000038b1  __floatunsisf                   
000030a9  __gedf2                         
000030a9  __gtdf2                         
00003185  __ledf2                         
00003185  __ltdf2                         
UNDEFED   __mpu_init                      
00002ad5  __muldf3                        
00003901  __muldi3                        
00003781  __muldsi3                       
00002f1d  __mulsf3                        
00003185  __nedf2                         
20207e00  __stack                         
20200000  __start___llvm_prf_bits         
20200000  __start___llvm_prf_cnts         
20200000  __stop___llvm_prf_bits          
20200000  __stop___llvm_prf_cnts          
00001de1  __subdf3                        
00002d49  __udivmoddi4                    
000038d9  _c_int00_noargs                 
UNDEFED   _system_post_cinit              
00003acd  _system_pre_init                
00003ad1  abort                           
00003689  atoi                            
ffffffff  binit                           
0000331d  frexp                           
0000331d  frexpl                          
20200430  gLED_rgbBackup                  
202004ec  gTIMER_MSBackup                 
2020058c  gTIMER_QEIBackup                
20200408  g_ms                            
00000000  interruptVectors                
2020042d  keyLongDone                     
2020040c  keyPressTime                    
2020042e  keyPressed                      
2020042f  keyRising                       
20200410  lastQEITime                     
20200414  lastQEIValue                    
00002bb9  ldexp                           
00002bb9  ldexpl                          
000015a1  main                            
00003925  memccpy                         
00002deb  memcpy                          
000032bb  memset                          
2020041c  qeiDirection                    
20200420  qeiPeriod                       
20200424  qeiPhaseLag_ms                  
00002bb9  scalbn                          
00002bb9  scalbnl                         
00003529  snprintf                        
00003a5d  wcslen                          


GLOBAL SYMBOLS: SORTED BY Symbol Address 

address   name                            
-------   ----                            
00000000  __TI_ATRegion0_region_sz        
00000000  __TI_ATRegion0_src_addr         
00000000  __TI_ATRegion0_trg_addr         
00000000  __TI_ATRegion1_region_sz        
00000000  __TI_ATRegion1_src_addr         
00000000  __TI_ATRegion1_trg_addr         
00000000  __TI_ATRegion2_region_sz        
00000000  __TI_ATRegion2_src_addr         
00000000  __TI_ATRegion2_trg_addr         
00000000  __TI_static_base__              
00000000  interruptVectors                
000000c1  __TI_printfi                    
00000200  __STACK_SIZE                    
00000ac1  Write_IIC_Command               
00001031  Write_IIC_Data                  
000015a1  main                            
00001de1  __aeabi_dsub                    
00001de1  __subdf3                        
00001deb  __adddf3                        
00001deb  __aeabi_dadd                    
00001f73  ADC0_IRQHandler                 
00001f73  ADC1_IRQHandler                 
00001f73  AES_IRQHandler                  
00001f73  CANFD0_IRQHandler               
00001f73  DAC0_IRQHandler                 
00001f73  DMA_IRQHandler                  
00001f73  Default_Handler                 
00001f73  GROUP0_IRQHandler               
00001f73  GROUP1_IRQHandler               
00001f73  HardFault_Handler               
00001f73  I2C0_IRQHandler                 
00001f73  I2C1_IRQHandler                 
00001f73  NMI_Handler                     
00001f73  PendSV_Handler                  
00001f73  RTC_IRQHandler                  
00001f73  SPI0_IRQHandler                 
00001f73  SPI1_IRQHandler                 
00001f73  SVC_Handler                     
00001f73  SysTick_Handler                 
00001f73  TIMA0_IRQHandler                
00001f73  TIMA1_IRQHandler                
00001f73  TIMG0_IRQHandler                
00001f73  TIMG12_IRQHandler               
00001f73  TIMG7_IRQHandler                
00001f73  TIMG8_IRQHandler                
00001f73  UART0_IRQHandler                
00001f73  UART1_IRQHandler                
00001f73  UART2_IRQHandler                
00001f73  UART3_IRQHandler                
00001f75  OLED_ShowCHinese                
000020d9  OLED_Refresh                    
00002225  OLED_Clear                      
000025c5  OLED_Init                       
000026d9  __aeabi_ddiv                    
000026d9  __divdf3                        
000027e5  DL_Timer_initFourCCPWMMode      
000028e9  DL_Timer_initTimerMode          
000029e5  OLED_ShowChar                   
00002ad5  __aeabi_dmul                    
00002ad5  __muldf3                        
00002bb9  ldexp                           
00002bb9  ldexpl                          
00002bb9  scalbn                          
00002bb9  scalbnl                         
00002c91  SYSCFG_DL_LED_rgb_init          
00002d49  __udivmoddi4                    
00002deb  memcpy                          
00002f1d  __aeabi_fmul                    
00002f1d  __mulsf3                        
00002fa9  SYSCFG_DL_GPIO_init             
00003031  __TI_decompress_lzss            
000030a9  __gedf2                         
000030a9  __gtdf2                         
00003119  I2CB1_Init                      
00003185  __cmpdf2                        
00003185  __eqdf2                         
00003185  __ledf2                         
00003185  __ltdf2                         
00003185  __nedf2                         
00003257  __aeabi_idiv0                   
00003259  __aeabi_dcmpeq                  
0000326d  __aeabi_dcmplt                  
00003281  __aeabi_dcmple                  
00003295  __aeabi_dcmpge                  
000032a9  __aeabi_dcmpgt                  
000032bb  memset                          
0000331d  frexp                           
0000331d  frexpl                          
00003379  SYSCFG_DL_TIMER_QEI_init        
000033d1  __TI_ltoa                       
00003481  __aeabi_idiv                    
00003481  __aeabi_idivmod                 
00003529  snprintf                        
00003575  __aeabi_d2iz                    
00003575  __fixdfsi                       
000035bf  __aeabi_ldiv0                   
000035c1  SYSCFG_DL_initPower             
00003609  __aeabi_uidiv                   
00003609  __aeabi_uidivmod                
00003649  __aeabi_f2d                     
00003649  __extendsfdf2                   
00003689  atoi                            
000036c9  OLED_ShowString                 
00003709  SYSCFG_DL_init                  
00003745  __TI_auto_init_nobinit_nopinit  
00003781  __muldsi3                       
000037bd  SYSCFG_DL_TIMER_MS_init         
000037f5  SYSCFG_DL_SYSCTL_init           
00003885  __aeabi_i2d                     
00003885  __floatsidf                     
000038b1  __aeabi_ui2f                    
000038b1  __floatunsisf                   
000038d9  _c_int00_noargs                 
00003901  __aeabi_lmul                    
00003901  __muldi3                        
00003925  memccpy                         
00003949  __aeabi_llsl                    
00003949  __ashldi3                       
00003969  DL_Timer_setCaptCompUpdateMethod
00003985  DL_Timer_setClockConfig         
000039a1  DL_Timer_setCaptureCompareOutCtl
000039b9  TIMG6_IRQHandler                
000039e9  __TI_zero_init_nomemset         
00003a01  __aeabi_uldivmod                
00003a29  OLED_WR_Byte                    
00003a3b  __TI_decompress_none            
00003a4d  DL_Timer_setCaptureCompareValue 
00003a5d  wcslen                          
00003a6d  __aeabi_memset                  
00003a6d  __aeabi_memset4                 
00003a6d  __aeabi_memset8                 
00003a89  DL_Common_delayCycles           
00003ab9  __aeabi_errno_addr              
00003ac1  __aeabi_memcpy                  
00003ac1  __aeabi_memcpy4                 
00003ac1  __aeabi_memcpy8                 
00003ac9  Reset_Handler                   
00003acd  _system_pre_init                
00003ad0  C$$EXIT                         
00003ad1  abort                           
00003ae0  Front_16x8Tab                   
000040d0  __aeabi_ctype_table_            
000040d0  __aeabi_ctype_table_C           
000041d1  Front_16x16Tab                  
0000437c  __TI_Handler_Table_Base         
00004388  __TI_Handler_Table_Limit        
00004390  __TI_CINIT_Base                 
000043a0  __TI_CINIT_Limit                
000043a0  __TI_CINIT_Warm                 
20200000  OLED_GRAM                       
20200000  __start___llvm_prf_bits         
20200000  __start___llvm_prf_cnts         
20200000  __stop___llvm_prf_bits          
20200000  __stop___llvm_prf_cnts          
20200400  Ex_cnt                          
20200404  __aeabi_errno                   
20200408  g_ms                            
2020040c  keyPressTime                    
20200410  lastQEITime                     
20200414  lastQEIValue                    
2020041c  qeiDirection                    
20200420  qeiPeriod                       
20200424  qeiPhaseLag_ms                  
2020042d  keyLongDone                     
2020042e  keyPressed                      
2020042f  keyRising                       
20200430  gLED_rgbBackup                  
202004ec  gTIMER_MSBackup                 
2020058c  gTIMER_QEIBackup                
20207e00  __stack                         
20208000  __STACK_END                     
ffffffff  __TI_pprof_out_hndl             
ffffffff  __TI_prof_data_size             
ffffffff  __TI_prof_data_start            
ffffffff  __binit__                       
ffffffff  binit                           
UNDEFED   __mpu_init                      
UNDEFED   _system_post_cinit              

[178 symbols]
